******************************************************************************
                  TI ARM Linker PC v20.2.5                     
******************************************************************************
>> Linked Thu Nov  3 16:48:59 2022

OUTPUT FILE NAME:   <Glove_node_v1.out>
ENTRY POINT SYMBOL: "ResetISR"  address: 000051c1


MEMORY CONFIGURATION

         name            origin    length      used     unused   attr    fill
----------------------  --------  ---------  --------  --------  ----  --------
  FLASH                 00000000   00058000  0000788c  00050774  R  X
  GPRAM                 11000000   00002000  00000000  00002000  RW X
  SRAM                  20000000   00014000  000058df  0000e721  RW X
  LOG_DATA              90000000   00040000  00000000  00040000  R   


SEGMENT ALLOCATION MAP

run origin  load origin   length   init length attrs members
----------  ----------- ---------- ----------- ----- -------
00000000    00000000    00007838   00007838    r-x
  00000000    00000000    0000003c   0000003c    r-- .resetVecs
  0000003c    0000003c    00006dc8   00006dc8    r-x .text
  00006e04    00006e04    000007c0   000007c0    r-- .const
  000075c8    000075c8    00000270   00000270    r-- .cinit
00057fa8    00057fa8    00000058   00000058    r--
  00057fa8    00057fa8    00000058   00000058    r-- .ccfg
20000100    20000100    00001391   00000000    rw-
  20000100    20000100    00000004   00000000    rw- .data:xdcRomConstPtr
  20000104    20000104    00000004   00000000    rw- .data:xdcRomExternFuncPtr
  20000108    20000108    00000004   00000000    rw- .data:xdcRomStatePtr
  20000110    20000110    00000d92   00000000    rw- .bss
  20000ea8    20000ea8    000005e9   00000000    rw- .data
20001830    20001830    00000010   00000000    rw-
  20001830    20001830    00000010   00000000    rw- .TI.bound:dmaSpi0RxControlTableEntry
20001840    20001840    00000010   00000000    rw-
  20001840    20001840    00000010   00000000    rw- .TI.bound:dmaSpi0TxControlTableEntry
20001900    20001900    00000010   00000000    rw-
  20001900    20001900    00000010   00000000    rw- .TI.bound:dmaSpi1RxControlTableEntry
20001910    20001910    00000010   00000000    rw-
  20001910    20001910    00000010   00000000    rw- .TI.bound:dmaSpi1TxControlTableEntry
20001a30    20001a30    00000010   00000000    rw-
  20001a30    20001a30    00000010   00000000    rw- .TI.bound:dmaSpi0RxAltControlTableEntry
20001a40    20001a40    00000010   00000000    rw-
  20001a40    20001a40    00000010   00000000    rw- .TI.bound:dmaSpi0TxAltControlTableEntry
20001b00    20001b00    00000010   00000000    rw-
  20001b00    20001b00    00000010   00000000    rw- .TI.bound:dmaSpi1RxAltControlTableEntry
20001b10    20001b10    00000010   00000000    rw-
  20001b10    20001b10    00000010   00000000    rw- .TI.bound:dmaSpi1TxAltControlTableEntry
20001b20    20001b20    00004000   00000000    r--
  20001b20    20001b20    00004000   00000000    r-- .priheap
20013c00    20013c00    00000400   00000000    rw-
  20013c00    20013c00    00000400   00000000    rw- .stack


SECTION ALLOCATION MAP

 output                                  attributes/
section   page    origin      length       input sections
--------  ----  ----------  ----------   ----------------
.binit     0    00000000    00000000     

.cinit     0    000075c8    00000270     
                  000075c8    00000198     (.cinit..data.load) [load image, compression = lzss]
                  00007760    0000000c     (__TI_handler_table)
                  0000776c    00000004     --HOLE-- [fill = 0]
                  00007770    00000008     (.cinit..TI.bound:dmaSpi0RxAltControlTableEntry.load) [load image, compression = zero_init]
                  00007778    00000008     (.cinit..TI.bound:dmaSpi0RxControlTableEntry.load) [load image, compression = zero_init]
                  00007780    00000008     (.cinit..TI.bound:dmaSpi0TxAltControlTableEntry.load) [load image, compression = zero_init]
                  00007788    00000008     (.cinit..TI.bound:dmaSpi0TxControlTableEntry.load) [load image, compression = zero_init]
                  00007790    00000008     (.cinit..TI.bound:dmaSpi1RxAltControlTableEntry.load) [load image, compression = zero_init]
                  00007798    00000008     (.cinit..TI.bound:dmaSpi1RxControlTableEntry.load) [load image, compression = zero_init]
                  000077a0    00000008     (.cinit..TI.bound:dmaSpi1TxAltControlTableEntry.load) [load image, compression = zero_init]
                  000077a8    00000008     (.cinit..TI.bound:dmaSpi1TxControlTableEntry.load) [load image, compression = zero_init]
                  000077b0    00000008     (.cinit..bss.load) [load image, compression = zero_init]
                  000077b8    00000008     (.cinit..data:xdcRomConstPtr.load) [load image, compression = lzss]
                  000077c0    00000008     (.cinit..data:xdcRomExternFuncPtr.load) [load image, compression = lzss]
                  000077c8    00000008     (.cinit..data:xdcRomStatePtr.load) [load image, compression = lzss]
                  000077d0    00000068     (__TI_cinit_table)

.init_array 
*          0    00000000    00000000     UNINITIALIZED

.ccfg      0    00057fa8    00000058     
                  00057fa8    00000058     ti_devices_config.obj (.ccfg:retain)

.bss       0    20000110    00000d92     UNINITIALIZED
                  20000110    00000400     ti_drivers_config.obj (.bss:displayUARTBuffer)
                  20000510    00000200     release_pem4f.oem4f (.bss:taskStackSection)
                  20000710    000001bc     (.common:uartCC26XXObjects)
                  200008cc    0000014c     (.common:i2cCC26xxObjects)
                  20000a18    00000110     (.common:spiCC26X2DMAObjects)
                  20000b28    000000d8     (.common:ti_sysbios_family_arm_m3_Hwi_dispatchTable)
                  20000c00    0000007c     (.common:pinHandleTable)
                  20000c7c    00000050     drivers_cc26x2.a : PINCC26XX.oem4f (.bss:pinSemaphore)
                  20000ccc    0000003c                      : PINCC26XX.oem4f (.bss:pinSwi)
                  20000d08    00000020                      : GPIOCC26XX.oem4f (.bss:gpioCallbackInfo)
                  20000d28    00000020                      : PINCC26XX.oem4f (.bss:pinGpioConfigTable)
                  20000d48    00000020     ti_drivers_config.obj (.bss:uartCC26XXRingBuffer0)
                  20000d68    00000020     (.common:i2cTransaction)
                  20000d88    00000020     (.common:spiParams)
                  20000da8    00000020     (.common:udmaCC26XXObject)
                  20000dc8    0000001c     drivers_cc26x2.a : PINCC26XX.oem4f (.bss:pinHwi)
                  20000de4    00000018     (.common:spiTransaction)
                  20000dfc    00000010     (.common:i2cParams)
                  20000e0c    00000010     (.common:receiveBuffer)
                  20000e1c    00000010     (.common:transmitBuffer)
                  20000e2c    0000000c                      : GPIOCC26XX.oem4f (.bss:gpioPinState)
                  20000e38    0000000c     (.common:displayUartObject)
                  20000e44    00000008                      : GPIOCC26XX.oem4f (.bss)
                  20000e4c    00000008     (.common:rxBuffer)
                  20000e54    00000008     (.common:txBuffer)
                  20000e5c    00000007     mcp.obj (.bss:transfer)
                  20000e63    00000001     mcp.obj (.bss:can_stat)
                  20000e64    00000004     drivers_cc26x2.a : PINCC26XX.oem4f (.bss)
                  20000e68    00000004     mcp_hw.obj (.bss:reg)
                  20000e6c    00000004     mcp.obj (.bss:tx_ctl)
                  20000e70    00000004     (.common:PowerCC26XX_swiKey)
                  20000e74    00000004     (.common:PowerCC26XX_taskKey)
                  20000e78    00000004     (.common:displayHandle)
                  20000e7c    00000004     (.common:i2c)
                  20000e80    00000004     (.common:spiHandle)
                  20000e84    00000003     mcp.obj (.bss:can_ctl)
                  20000e87    00000003     mcp.obj (.bss:cnf_1)
                  20000e8a    00000003     mcp.obj (.bss:cnf_2)
                  20000e8d    00000003     mcp.obj (.bss:cnf_3)
                  20000e90    00000003     mcp.obj (.bss:ie_ctl)
                  20000e93    00000003     mcp.obj (.bss:rts_pins)
                  20000e96    00000003     mcp.obj (.bss:rx0_ctl)
                  20000e99    00000003     mcp.obj (.bss:rx1_ctl)
                  20000e9c    00000003     mcp.obj (.bss:rx_pins)
                  20000e9f    00000001     mcp.obj (.bss)
                  20000ea0    00000001     (.common:driverlib_release_0_60278)
                  20000ea1    00000001     (.common:transferOK)

.data      0    20000ea8    000005e9     UNINITIALIZED
                  20000ea8    00000170     drivers_cc26x2.a : PowerCC26X2.oem4f (.data:PowerCC26X2_module)
                  20001018    0000010c     release_pem4f.oem4f (.data:ROM_stateStruct)
                  20001124    000000b4     rom_sysbios.aem4f : rom_sysbios.obj (.data:$O1$$)
                  200011d8    0000004c     release_pem4f.oem4f (.data:ti_sysbios_knl_Task_Object__table__V)
                  20001224    00000004     drivers_cc26x2.a : GPIOCC26XX.oem4f (.data:gpioPinTable)
                  20001228    00000048     release_pem4f.oem4f (.data:ti_sysbios_family_arm_cc26xx_Timer_Object__table__V)
                  20001270    00000038     release_pem4f.oem4f (.data:ti_sysbios_gates_GateMutex_Object__table__V)
                  200012a8    00000030     release_pem4f.oem4f (.data:ti_sysbios_knl_Swi_Module_State_0_readyQ__A)
                  200012d8    00000030     release_pem4f.oem4f (.data:ti_sysbios_knl_Swi_Object__table__V)
                  20001308    00000030     release_pem4f.oem4f (.data:ti_sysbios_knl_Task_Module_State_0_readyQ__A)
                  20001338    00000024     driverlib.lib : osc.obj (.data:$O1$$)
                  2000135c    00000020     release_pem4f.oem4f (.data:ti_sysbios_knl_Clock_Object__table__V)
                  2000137c    00000020     release_pem4f.oem4f (.data:xdc_runtime_Error_IgnoreBlock)
                  2000139c    00000018     release_pem4f.oem4f (.data:ti_sysbios_family_arm_m3_Hwi_Object__table__V)
                  200013b4    00000018     release_pem4f.oem4f (.data:ti_sysbios_heaps_HeapMem_Object__table__V)
                  200013cc    00000014     ti_drivers_config.obj (.data:gpioCallbackFunctions)
                  200013e0    00000014     ti_drivers_config.obj (.data:gpioPinConfigs)
                  200013f4    0000000c     ADS1015.obj (.data)
                  20001400    00000008     rtsv7M4_T_le_v4SPD16_eabi.lib : _lock.c.obj (.data:$O1$$)
                  20001408    00000008     drivers_cc26x2.a : PINCC26XX.oem4f (.data)
                  20001410    00000008     release_pem4f.oem4f (.data:ti_sysbios_family_arm_m3_Hwi_Module__root__V)
                  20001418    00000008     release_pem4f.oem4f (.data:ti_sysbios_gates_GateHwi_Module__root__V)
                  20001420    00000008     release_pem4f.oem4f (.data:ti_sysbios_gates_GateMutex_Module__root__V)
                  20001428    00000008     release_pem4f.oem4f (.data:ti_sysbios_hal_Hwi_Module__root__V)
                  20001430    00000008     release_pem4f.oem4f (.data:ti_sysbios_heaps_HeapMem_Module__root__V)
                  20001438    00000008     release_pem4f.oem4f (.data:ti_sysbios_knl_Clock_Module__root__V)
                  20001440    00000008     release_pem4f.oem4f (.data:ti_sysbios_knl_Event_Module__root__V)
                  20001448    00000008     release_pem4f.oem4f (.data:ti_sysbios_knl_Mailbox_Module__root__V)
                  20001450    00000008     release_pem4f.oem4f (.data:ti_sysbios_knl_Queue_Module__root__V)
                  20001458    00000008     release_pem4f.oem4f (.data:ti_sysbios_knl_Semaphore_Module__root__V)
                  20001460    00000008     release_pem4f.oem4f (.data:ti_sysbios_knl_Swi_Module__root__V)
                  20001468    00000008     release_pem4f.oem4f (.data:ti_sysbios_knl_Task_Module__root__V)
                  20001470    00000008     release_pem4f.oem4f (.data:xdc_runtime_System_Module_State_0_atexitHandlers__A)
                  20001478    00000005     drivers_cc26x2.a : GPIOCC26XX.oem4f (.data)
                  2000147d    00000001                      : SPI.oem4f (.data)
                  2000147e    00000002     release_pem4f.oem4f (.data:ti_sysbios_family_arm_m3_Hwi_Module_State_0_excActive__A)
                  20001480    00000004     rtsv7M4_T_le_v4SPD16_eabi.lib : stkdepth_vars.c.obj (.data)
                  20001484    00000004     release_pem4f.oem4f (.data:ti_sysbios_family_arm_m3_Hwi_Module_State_0_excContext__A)
                  20001488    00000004     release_pem4f.oem4f (.data:ti_sysbios_family_arm_m3_Hwi_Module_State_0_excStack__A)
                  2000148c    00000004     release_pem4f.oem4f (.data:ti_sysbios_knl_Task_Module_State_0_idleTask__A)
                  20001490    00000001     drivers_cc26x2.a : UART.oem4f (.data)

.stack     0    20013c00    00000400     UNINITIALIZED
                  20013c00    00000400     --HOLE--

.priheap   0    20001b20    00004000     UNINITIALIZED
                  20001b20    00004000     --HOLE--

.log_data 
*          0    90000000    00000000     COPY SECTION

.data:xdcRomConstPtr 
*          0    20000100    00000004     UNINITIALIZED
                  20000100    00000004     release_pem4f.oem4f (.data:xdcRomConstPtr)

.data:xdcRomExternFuncPtr 
*          0    20000104    00000004     UNINITIALIZED
                  20000104    00000004     release_pem4f.oem4f (.data:xdcRomExternFuncPtr)

.data:xdcRomStatePtr 
*          0    20000108    00000004     UNINITIALIZED
                  20000108    00000004     release_pem4f.oem4f (.data:xdcRomStatePtr)

.bootVecs 
*          0    00000000    00000008     DSECT
                  00000000    00000008     boot.aem4f : boot.oem4f (.bootVecs)

.resetVecs 
*          0    00000000    0000003c     
                  00000000    0000003c     release_pem4f.oem4f (.resetVecs)

.vecs      0    20000000    000000d8     NOLOAD SECTION
                  20000000    000000d8     release_pem4f.oem4f (.vecs)

xdc.meta   0    00000000    000000fc     COPY SECTION
                  00000000    000000fc     release_pem4f.oem4f (xdc.meta)

xdc.noload 
*          0    00000000    00000000     COPY SECTION

__llvm_prf_cnts 
*          0    20000000    00000000     UNINITIALIZED

.TI.bound:dmaSpi0RxControlTableEntry 
*          0    20001830    00000010     UNINITIALIZED
                  20001830    00000010     drivers_cc26x2.a : SPICC26X2DMA.oem4f (.TI.bound:dmaSpi0RxControlTableEntry)

.TI.bound:dmaSpi0TxControlTableEntry 
*          0    20001840    00000010     UNINITIALIZED
                  20001840    00000010     drivers_cc26x2.a : SPICC26X2DMA.oem4f (.TI.bound:dmaSpi0TxControlTableEntry)

.TI.bound:dmaSpi1RxControlTableEntry 
*          0    20001900    00000010     UNINITIALIZED
                  20001900    00000010     drivers_cc26x2.a : SPICC26X2DMA.oem4f (.TI.bound:dmaSpi1RxControlTableEntry)

.TI.bound:dmaSpi1TxControlTableEntry 
*          0    20001910    00000010     UNINITIALIZED
                  20001910    00000010     drivers_cc26x2.a : SPICC26X2DMA.oem4f (.TI.bound:dmaSpi1TxControlTableEntry)

.TI.bound:dmaSpi0RxAltControlTableEntry 
*          0    20001a30    00000010     UNINITIALIZED
                  20001a30    00000010     drivers_cc26x2.a : SPICC26X2DMA.oem4f (.TI.bound:dmaSpi0RxAltControlTableEntry)

.TI.bound:dmaSpi0TxAltControlTableEntry 
*          0    20001a40    00000010     UNINITIALIZED
                  20001a40    00000010     drivers_cc26x2.a : SPICC26X2DMA.oem4f (.TI.bound:dmaSpi0TxAltControlTableEntry)

.TI.bound:dmaSpi1RxAltControlTableEntry 
*          0    20001b00    00000010     UNINITIALIZED
                  20001b00    00000010     drivers_cc26x2.a : SPICC26X2DMA.oem4f (.TI.bound:dmaSpi1RxAltControlTableEntry)

.TI.bound:dmaSpi1TxAltControlTableEntry 
*          0    20001b10    00000010     UNINITIALIZED
                  20001b10    00000010     drivers_cc26x2.a : SPICC26X2DMA.oem4f (.TI.bound:dmaSpi1TxAltControlTableEntry)

.text      0    0000003c    00006dc8     
                  0000003c    00000320     glove_node_v2.obj (.text:mainThread)
                  0000035c    000002f4     drivers_cc26x2.a : SPICC26X2DMA.oem4f (.text:SPICC26X2DMA_transfer)
                  00000650    000002a0     mcp.obj (.text:mcp_init)
                  000008f0    00000254     ADS1015.obj (.text:i2cErrorHandler)
                  00000b44    00000234     drivers_cc26x2.a : SPICC26X2DMA.oem4f (.text:SPICC26X2DMA_hwiFxn)
                  00000d78    000001f4                      : PINCC26XX.oem4f (.text:PIN_init)
                  00000f6c    000001b6     rtsv7M4_T_le_v4SPD16_eabi.lib : fd_add_t2.asm.obj (.text)
                  00001122    00000002     ti_drivers_config.obj (.text:Board_initHook)
                  00001124    00000198     drivers_cc26x2.a : PowerCC26X2.oem4f (.text:Power_sleep)
                  000012bc    00000190                      : PowerCC26X2_calibrateRCOSC.oem4f (.text:calibrateRcoscHf1)
                  0000144c    0000018c                      : PowerCC26X2_calibrateRCOSC.oem4f (.text:runCalibrateFsm)
                  000015d8    00000188     mcp_hw.obj (.text:mcp_load_tx)
                  00001760    00000188     release_pem4f.oem4f (.text:xdc_runtime_System_printfExtend__I)
                  000018e8    00000178     drivers_cc26x2.a : SPICC26X2DMA.oem4f (.text:SPICC26X2DMA_transferCancel)
                  00001a60    00000178                      : SPICC26X2DMA.oem4f (.text:configNextTransfer)
                  00001bd8    00000174                      : PowerCC26X2.oem4f (.text:Power_init)
                  00001d4c    00000164                      : UARTCC26XX.oem4f (.text:UARTCC26XX_open)
                  00001eb0    00000154                      : UARTCC26XX.oem4f (.text:UARTCC26XX_hwiIntFxn)
                  00002004    00000150                      : SPICC26X2DMA.oem4f (.text:SPICC26X2DMA_open)
                  00002154    00000148                      : SPICC26X2DMA.oem4f (.text:initIO)
                  0000229c    00000148     mcp.obj (.text:mcp_msg_load)
                  000023e4    0000013a     drivers_cc26x2.a : UARTCC26XX.oem4f (.text:UARTCC26XX_read)
                  0000251e    00000122                      : I2C.oem4f (.text:I2C_transferTimeout)
                  00002640    00000120                      : PowerCC26X2.oem4f (.text:configureXOSCHF)
                  00002760    00000114                      : PINCC26XX.oem4f (.text:PINCC26XX_setIoCfg)
                  00002874    00000110                      : GPIOCC26XX.oem4f (.text:GPIO_setConfig)
                  00002984    00000110                      : I2CCC26XX.oem4f (.text:I2CCC26XX_hwiFxn)
                  00002a94    0000010c                      : I2CCC26XX.oem4f (.text:I2C_open)
                  00002ba0    000000fc     rtsv7M4_T_le_v4SPD16_eabi.lib : fd_mul_t2.asm.obj (.text)
                  00002c9c    000000f4     drivers_cc26x2.a : SPICC26X2DMA.oem4f (.text:SPICC26X2DMA_control)
                  00002d90    000000f0     driverlib.lib : sys_ctrl.obj (.text:NOROM_SysCtrlStandby)
                  00002e80    000000ec     rom_sysbios.aem4f : rom_sysbios.obj (.text:pthread_create)
                  00002f6c    000000e4     mcp.obj (.text:mcp_btl_config)
                  00003050    000000e0     drivers_cc26x2.a : UARTCC26XX.oem4f (.text:UARTCC26XX_write)
                  00003130    000000cc     mcp_hw.obj (.text:mcp_bit_modify)
                  000031fc    000000c8     dpl_cc26x2.a : PowerCC26X2_tirtos.oem4f (.text:PowerCC26XX_standbyPolicy)
                  000032c4    000000c4     drivers_cc26x2.a : GPIOCC26XX.oem4f (.text:GPIO_init)
                  00003388    000000c4     mcp_hw.obj (.text:mcp_read)
                  0000344c    000000c4     mcp_hw.obj (.text:mcp_write)
                  00003510    000000c0     drivers_cc26x2.a : PowerCC26X2.oem4f (.text:Power_releaseDependency)
                  000035d0    000000c0                      : UARTCC26XX.oem4f (.text:UARTCC26XX_initIO)
                  00003690    000000ba                      : I2CCC26XX.oem4f (.text:I2CCC26XX_swiFxn)
                  0000374a    00000002     display.a : DisplayUart.oem4f (.text:DisplayUartMin_clear)
                  0000374c    000000b8     drivers_cc26x2.a : PowerCC26X2.oem4f (.text:Power_setDependency)
                  00003804    000000b8                      : UARTCC26XX.oem4f (.text:UARTCC26XX_initHw)
                  000038bc    000000ac                      : PINCC26XX.oem4f (.text:PIN_open)
                  00003968    000000ac     driverlib.lib : setup.obj (.text:TrimAfterColdResetWakeupFromShutDown)
                  00003a14    000000a0     auto_init.aem4f : auto_init.oem4f (.text)
                  00003ab4    000000a0     ADS1015.obj (.text:generalCall)
                  00003b54    000000a0     ADS1015.obj (.text:getSingleEnded)
                  00003bf4    000000a0     rom_sysbios.aem4f : rom_sysbios.obj (.text:ti_sysbios_knl_Task_setPri__E)
                  00003c94    0000009c     ADS1015.obj (.text:readRegister)
                  00003d30    0000009c     rtsv7M4_T_le_v4SPD16_eabi.lib : memcpy_t2.asm.obj (.text)
                  00003dcc    00000098     driverlib.lib : setup.obj (.text:NOROM_SetupTrimDevice)
                  00003e64    00000098     drivers_cc26x2.a : UARTCC26XX.oem4f (.text:writeTxFifoFlush)
                  00003efc    00000096                      : I2CCC26XX.oem4f (.text:I2CSupport_primeTransfer)
                  00003f92    00000096     rtsv7M4_T_le_v4SPD16_eabi.lib : ull_div_t2.asm.obj (.text)
                  00004028    00000092     drivers_cc26x2.a : UARTCC26XX.oem4f (.text:UARTCC26XX_writeCancel)
                  000040ba    00000002     display.a : DisplayUart.oem4f (.text:DisplayUartMin_clearLines)
                  000040bc    00000088     driverlib.lib : osc.obj (.text:NOROM_OSCHF_AttemptToSwitchToXosc)
                  00004144    00000088     rom_sysbios.aem4f : rom_sysbios.obj (.text:_pthread_removeThreadKeys)
                  000041cc    00000088     drivers_cc26x2.a : PowerCC26X2_calibrateRCOSC.oem4f (.text:calibrateRcoscHf2)
                  00004254    00000088                      : PowerCC26X2.oem4f (.text:disableLFClockQualifiers)
                  000042dc    00000088     ADS1015.obj (.text:updateMultiplierToVolts)
                  00004364    00000088     drivers_cc26x2.a : PowerCC26X2_calibrateRCOSC.oem4f (.text:updateSubSecInc)
                  000043ec    00000086     rtsv7M4_T_le_v4SPD16_eabi.lib : fd_cmp_t2.asm.obj (.text:__aeabi_cdcmple)
                  00004472    00000086                                   : fd_cmp_t2.asm.obj (.text:__aeabi_cdrcmple)
                  000044f8    00000084     ti_drivers_config.obj (.text:Board_sendExtFlashByte)
                  0000457c    00000084     drivers_cc26x2.a : UARTCC26XX.oem4f (.text:UARTCC26XX_close)
                  00004600    00000084     rom_sysbios.aem4f : rom_sysbios.obj (.text:ti_sysbios_family_arm_m3_Hwi_excHandlerMin__I)
                  00004684    00000084     ADS1015.obj (.text:writeRegister)
                  00004708    00000080     driverlib.lib : chipinfo.obj (.text:NOROM_ChipInfo_GetChipType)
                  00004788    00000080                   : sys_ctrl.obj (.text:NOROM_SysCtrlSetRechargeBeforePowerDown)
                  00004808    00000080     mcp_hw.obj (.text:mcp_hw_ctl_get)
                  00004888    00000080     rom_sysbios.aem4f : rom_sysbios.obj (.text:ti_sysbios_family_arm_cc26xx_Timer_start__E)
                  00004908    0000007a     rtsv7M4_T_le_v4SPD16_eabi.lib : memset_t2.asm.obj (.text)
                  00004982    00000076     rom_sysbios.aem4f : rom_sysbios.obj (.text:ti_sysbios_heaps_HeapMem_allocUnprotected__E)
                  000049f8    00000074     drivers_cc26x2.a : PowerCC26X2_calibrateRCOSC.oem4f (.text:PowerCC26X2_auxISR)
                  00004a6c    00000072                      : SPICC26X2DMA.oem4f (.text:csnCallback)
                  00004ade    00000002     display.a : DisplayUart.oem4f (.text:DisplayUartMin_init)
                  00004ae0    00000070     drivers_cc26x2.a : PINCC26XX.oem4f (.text:PIN_add)
                  00004b50    0000006d     rom_sysbios.aem4f : rom_sysbios.obj (.text:xdc_runtime_System_formatNum__I)
                  00004bbd    00000001     --HOLE-- [fill = 0]
                  00004bbe    00000002     drivers_cc26x2.a : I2C.oem4f (.text:I2C_init)
                  00004bc0    00000068     driverlib.lib : osc.obj (.text:NOROM_OSCHF_SwitchToRcOscTurnOffXosc)
                  00004c28    00000068     rtsv7M4_T_le_v4SPD16_eabi.lib : copy_decompress_lzss.c.obj (.text:decompress:lzss:__TI_decompress_lzss)
                  00004c90    00000064     drivers_cc26x2.a : I2CCC26XX.oem4f (.text:I2CCC26XX_initIO)
                  00004cf4    00000064                      : UARTCC26XX.oem4f (.text:UARTCC26XX_control)
                  00004d58    00000064     main_tirtos.obj (.text:main)
                  00004dbc    00000062     drivers_cc26x2.a : UARTCC26XX.oem4f (.text:UARTCC26XX_swiIntFxn)
                  00004e1e    00000002     rtsv7M4_T_le_v4SPD16_eabi.lib : _lock.c.obj (.text:_nop)
                  00004e20    00000060     drivers_cc26x2.a : GPIOCC26XX.oem4f (.text:GPIO_write)
                  00004e80    00000060                      : I2CCC26XX.oem4f (.text:I2CCC26XX_initHw)
                  00004ee0    00000060     mcp_hw.obj (.text:mcp_hw_ctl_update)
                  00004f40    0000005c     display.a : Display.oem4f (.text:Display_doOpen)
                  00004f9c    0000005c     drivers_cc26x2.a : PINCC26XX.oem4f (.text:PIN_remove)
                  00004ff8    0000005c                      : SPICC26X2DMA.oem4f (.text:initHw)
                  00005054    0000005c                      : UARTCC26XX.oem4f (.text:startTxFifoEmptyClk)
                  000050b0    0000005c     rom_sysbios.aem4f : rom_sysbios.obj (.text:ti_sysbios_heaps_HeapMem_initPrimary__I)
                  0000510c    0000005c     release_pem4f.oem4f (.text:xdc_runtime_Startup_getState__I)
                  00005168    00000058     drivers_cc26x2.a : PowerCC26X2_calibrateRCOSC.oem4f (.text:PowerCC26X2_initiateCalibration)
                  000051c0    00000058     boot.aem4f : boot.oem4f (.text)
                  00005218    00000058     mcp_hw.obj (.text:mcp_hw_ctl_set)
                  00005270    00000058     rom_sysbios.aem4f : rom_sysbios.obj (.text:pthread_exit)
                  000052c8    00000058                       : rom_sysbios.obj (.text:ti_sysbios_heaps_HeapMem_alloc__E)
                  00005320    00000056     mcp.obj (.text:pack_eid)
                  00005376    00000002     drivers_cc26x2.a : PowerCC26X2.oem4f (.text:emptyClockFunc)
                  00005378    00000054     driverlib.lib : prcm.obj (.text:NOROM_PRCMPowerDomainsAllOff)
                  000053cc    00000054     dpl_cc26x2.a : SwiP_tirtos.oem4f (.text:SwiP_construct)
                  00005420    00000050     drivers_cc26x2.a : SPICC26X2DMA.oem4f (.text:SPICC26X2DMA_close)
                  00005470    00000050     mcp.obj (.text:mcp_mode)
                  000054c0    00000050     mcp.obj (.text:mcp_msg_send)
                  00005510    0000004c     ti_drivers_config.obj (.text:Board_wakeUpExtFlash)
                  0000555c    0000004c     driverlib.lib : prcm.obj (.text:NOROM_PRCMPowerDomainsAllOn)
                  000055a8    0000004c     drivers_cc26x2.a : UARTCC26XX.oem4f (.text:UARTCC26XX_readCancel)
                  000055f4    0000004c                      : UDMACC26XX.oem4f (.text:UDMACC26XX_open)
                  00005640    0000004c     rtsv7M4_T_le_v4SPD16_eabi.lib : cpy_tbl.c.obj (.text:copy_in)
                  0000568c    0000004a     display.a : DisplayUart.oem4f (.text:DisplayUartMin_open)
                  000056d6    00000002     rtsv7M4_T_le_v4SPD16_eabi.lib : div0.asm.obj (.text)
                  000056d8    00000048     drivers_cc26x2.a : PINCC26XX.oem4f (.text:PIN_setOutputEnable)
                  00005720    00000048                      : PowerCC26X2_calibrateRCOSC.oem4f (.text:PowerCC26X2_RCOSC_clockFunc)
                  00005768    00000048     rtsv7M4_T_le_v4SPD16_eabi.lib : fd_toi_t2.asm.obj (.text)
                  000057b0    00000048     drivers_cc26x2.a : PowerCC26X2.oem4f (.text:switchXOSCHF)
                  000057f8    00000048                      : UARTCC26XX.oem4f (.text:writeFinishedDoCallback)
                  00005840    00000046     display.a : DisplayUart.oem4f (.text:DisplayUartMin_vprintf)
                  00005886    00000046     drivers_cc26x2.a : RingBuf.oem4f (.text:RingBuf_put)
                  000058cc    00000044     driverlib.lib : chipinfo.obj (.text:NOROM_ChipInfo_GetHwRevision)
                  00005910    00000044     drivers_cc26x2.a : PINCC26XX.oem4f (.text:PIN_swi)
                  00005954    00000044                      : SPI.oem4f (.text:SPI_init)
                  00005998    00000044                      : UART.oem4f (.text:UART_init)
                  000059dc    00000044     rtsv7M4_T_le_v4SPD16_eabi.lib : fd_tou_t2.asm.obj (.text)
                  00005a20    00000042     drivers_cc26x2.a : SPICC26X2DMA.oem4f (.text:SPICC26X2DMA_swiFxn)
                  00005a62    00000002     release_pem4f.oem4f (.text:ti_sysbios_BIOS_nullFunc__I)
                  00005a64    00000040     ti_drivers_config.obj (.text:Board_shutDownExtFlash)
                  00005aa4    00000040     dpl_cc26x2.a : ClockP_tirtos.oem4f (.text:ClockP_construct)
                  00005ae4    00000040     driverlib.lib : osc.obj (.text:NOROM_OSC_HPOSCRelativeFrequencyOffsetGet)
                  00005b24    00000040     drivers_cc26x2.a : RingBuf.oem4f (.text:RingBuf_get)
                  00005b64    00000040                      : SPI.oem4f (.text:SPI_open)
                  00005ba4    00000040                      : UART.oem4f (.text:UART_open)
                  00005be4    00000040     rtsv7M4_T_le_v4SPD16_eabi.lib : u_divt2.asm.obj (.text)
                  00005c24    00000040     rom_sysbios.aem4f : rom_sysbios.obj (.text:ti_sysbios_family_arm_cc26xx_Timer_setThreshold__I)
                  00005c64    0000003e     dpl_cc26x2.a : HwiP_tirtos.oem4f (.text:HwiP_construct)
                  00005ca2    00000002     rom_sysbios.aem4f : rom_sysbios.obj (.text:xdc_runtime_SysCallback_defaultAbort)
                  00005ca4    0000003c     drivers_cc26x2.a : PINCC26XX.oem4f (.text:PIN_setInterrupt)
                  00005ce0    0000003c                      : PINCC26XX.oem4f (.text:PIN_setOutputValue)
                  00005d1c    0000003c     rom_sysbios.aem4f : rom_sysbios.obj (.text:sleep)
                  00005d58    0000003c                       : rom_sysbios.obj (.text:ti_sysbios_family_arm_m3_Hwi_construct2__E)
                  00005d94    00000038     drivers_cc26x2.a : PINCC26XX.oem4f (.text:PIN_setConfig)
                  00005dcc    00000038                      : PowerCC26X2.oem4f (.text:notify)
                  00005e04    00000038                      : UARTCC26XX.oem4f (.text:readData)
                  00005e3c    00000038     rtsv7M4_T_le_v4SPD16_eabi.lib : fs_tod_t2.asm.obj (.text)
                  00005e74    00000038     drivers_cc26x2.a : UARTCC26XX.oem4f (.text:writeData)
                  00005eac    00000036                      : UDMACC26XX.oem4f (.text:UDMACC26XX_close)
                  00005ee2    00000002     rom_sysbios.aem4f : rom_sysbios.obj (.text:xdc_runtime_SysCallback_defaultExit)
                  00005ee4    00000034     driverlib.lib : aux_sysif.obj (.text:NOROM_AUXSYSIFOpModeChange)
                  00005f18    00000034                   : sys_ctrl.obj (.text:NOROM_SysCtrlIdle)
                  00005f4c    00000034     drivers_cc26x2.a : UARTCC26XX.oem4f (.text:readData2RingBuf)
                  00005f80    00000034     rom_sysbios.aem4f : rom_sysbios.obj (.text:usleep)
                  00005fb4    00000032                       : rom_sysbios.obj (.text:ti_sysbios_family_arm_cc26xx_Timer_setNextTick__E)
                  00005fe6    00000002                       : rom_sysbios.obj (.text:xdc_runtime_SysCallback_defaultFlush)
                  00005fe8    00000030     drivers_cc26x2.a : GPIOCC26XX.oem4f (.text:GPIO_hwiIntFxn)
                  00006018    00000030                      : GPIOCC26XX.oem4f (.text:GPIO_setCallback)
                  00006048    00000030                      : PINCC26XX.oem4f (.text:PINCC26XX_setMux)
                  00006078    00000030                      : PowerCC26X2.oem4f (.text:Power_releaseConstraint)
                  000060a8    00000030                      : PowerCC26X2.oem4f (.text:Power_setConstraint)
                  000060d8    00000030     release_pem4f.oem4f (.text:ti_sysbios_BIOS_atExitFunc__I)
                  00006108    00000030     release_pem4f.oem4f (.text:ti_sysbios_BIOS_startFunc__I)
                  00006138    00000030     rom_sysbios.aem4f : rom_sysbios.obj (.text:ti_sysbios_family_arm_cc26xx_Timer_getCurrentTick__E)
                  00006168    00000030                       : rom_sysbios.obj (.text:ti_sysbios_family_arm_cc26xx_Timer_initDevice__I)
                  00006198    0000002e     rtsv7M4_T_le_v4SPD16_eabi.lib : i_tofd_t2.asm.obj (.text)
                  000061c6    0000002c     dpl_cc26x2.a : SemaphoreP_tirtos.oem4f (.text:SemaphoreP_constructBinary)
                  000061f2    00000002     rom_sysbios.aem4f : rom_sysbios.obj (.text:xdc_runtime_SysCallback_defaultPutch)
                  000061f4    0000002c     dpl_cc26x2.a : SemaphoreP_tirtos.oem4f (.text:SemaphoreP_createBinary)
                  00006220    0000002c     rom_sysbios.aem4f : rom_sysbios.obj (.text:_pthread_delete$45)
                  0000624c    0000002c                       : rom_sysbios.obj (.text:pthread_setcancelstate)
                  00006278    0000002c                       : rom_sysbios.obj (.text:ti_sysbios_knl_Clock_getTicksUntilInterrupt__E)
                  000062a4    0000002a     display.a : Display.oem4f (.text:Display_doPrintf)
                  000062ce    00000002     --HOLE-- [fill = 0]
                  000062d0    00000028               : Display.oem4f (.text:Display_doInit)
                  000062f8    00000028     drivers_cc26x2.a : PowerCC26X2.oem4f (.text:Power_registerNotify)
                  00006320    00000028                      : SPICC26X2DMA.oem4f (.text:flushFifos)
                  00006348    00000028                      : PowerCC26X2.oem4f (.text:oscillatorISR)
                  00006370    00000026                      : I2C.oem4f (.text:I2C_cancel)
                  00006396    00000026                      : List.oem4f (.text:List_put)
                  000063bc    00000026                      : List.oem4f (.text:List_remove)
                  000063e2    00000026     mcp.obj (.text:pack_sid)
                  00006408    00000024     driverlib.lib : osc.obj (.text:NOROM_OSCHF_TurnOnXosc)
                  0000642c    00000024     rom_sysbios.aem4f : rom_sysbios.obj (.text:_pthread_cleanupFxn)
                  00006450    00000024     drivers_cc26x2.a : PowerCC26X2_calibrateRCOSC.oem4f (.text:getTdcSemaphore)
                  00006474    00000024     rom_sysbios.aem4f : rom_sysbios.obj (.text:pthread_attr_init)
                  00006498    00000024     release_pem4f.oem4f (.text:ti_sysbios_BIOS_registerRTSLock__I)
                  000064bc    00000024     release_pem4f.oem4f (.text:ti_sysbios_BIOS_removeRTSLock__I)
                  000064e0    00000024     rom_sysbios.aem4f : rom_sysbios.obj (.text:ti_sysbios_family_arm_cc26xx_Timer_getMaxTicks__E)
                  00006504    00000020     ti_drivers_config.obj (.text:Board_init)
                  00006524    00000020     drivers_cc26x2.a : PINCC26XX.oem4f (.text:PINCC26XX_setIoCfgMux)
                  00006544    00000020                      : PowerCC26X2.oem4f (.text:Power_unregisterNotify)
                  00006564    00000020                      : UARTCC26XX.oem4f (.text:threadSafeStdbyDisRelease)
                  00006584    00000020                      : UARTCC26XX.oem4f (.text:threadSafeStdbyDisSet)
                  000065a4    00000020     release_pem4f.oem4f (.text:ti_sysbios_BIOS_rtsLock__I)
                  000065c4    00000020     rom_sysbios.aem4f : rom_sysbios.obj (.text:ti_sysbios_family_arm_cc26xx_Timer_dynamicStub__E)
                  000065e4    00000020                       : rom_sysbios.obj (.text:xdc_runtime_Error_policyMin__E)
                  00006604    0000001e     drivers_cc26x2.a : PINCC26XX.oem4f (.text:PIN_close)
                  00006622    0000001e                      : PowerCC26X2.oem4f (.text:Power_getTransitionLatency)
                  00006640    0000001e     mcp_hw.obj (.text:mcp_hw_data_set)
                  0000665e    00000002     --HOLE-- [fill = 0]
                  00006660    0000001c     driverlib.lib : chipinfo.obj (.text:NOROM_ChipInfo_GetChipFamily)
                  0000667c    0000001c     drivers_cc26x2.a : PINCC26XX.oem4f (.text:PIN_hwi)
                  00006698    0000001c     dpl_cc26x2.a : PowerCC26X2_tirtos.oem4f (.text:PowerCC26XX_schedulerDisable)
                  000066b4    0000001c                  : PowerCC26X2_tirtos.oem4f (.text:PowerCC26XX_schedulerRestore)
                  000066d0    0000001c     drivers_cc26x2.a : UDMACC26XX.oem4f (.text:UDMACC26XX_initHw)
                  000066ec    0000001c     rom_sysbios.aem4f : rom_sysbios.obj (.text:ti_sysbios_family_arm_m3_Hwi_clearInterrupt__E)
                  00006708    0000001c                       : rom_sysbios.obj (.text:ti_sysbios_knl_Swi_construct2__E)
                  00006724    0000001c     release_pem4f.oem4f (.text:xdc_runtime_Startup_exec__I)
                  00006740    0000001a     drivers_cc26x2.a : PowerCC26X2.oem4f (.text:PowerCC26XX_calibrate)
                  0000675a    00000002     --HOLE-- [fill = 0]
                  0000675c    00000018     driverlib.lib : chipinfo.obj (.text:NOROM_ChipInfo_GetPackageType)
                  00006774    00000018     drivers_cc26x2.a : PowerCC26X2.oem4f (.text:Power_idleFunc)
                  0000678c    00000018                      : UART.oem4f (.text:UART_Params_init)
                  000067a4    00000018     rtsv7M4_T_le_v4SPD16_eabi.lib : args_main.c.obj (.text:_args_main)
                  000067bc    00000018                                   : ll_mul_t2.asm.obj (.text)
                  000067d4    00000018     ADS1015.obj (.text:setGain)
                  000067ec    00000018     drivers_cc26x2.a : PowerCC26X2.oem4f (.text:switchToTCXO)
                  00006804    00000018     release_pem4f.oem4f (.text:ti_sysbios_BIOS_rtsUnlock__I)
                  0000681c    00000018     rom_sysbios.aem4f : rom_sysbios.obj (.text:ti_sysbios_knl_Swi_or__E)
                  00006834    00000018                       : rom_sysbios.obj (.text:ti_sysbios_rts_ti_ReentSupport_getReent__F)
                  0000684c    00000018                       : rom_sysbios.obj (.text:xdc_runtime_Error_init__E)
                  00006864    00000016     display.a : DisplayUart.oem4f (.text:DisplayUartMin_close)
                  0000687a    00000016     driverlib.lib : chipinfo.obj (.text:NOROM_ThisLibraryIsFor_CC13x2_CC26x2_HwRev20AndLater_HaltIfViolated)
                  00006890    00000016     rom_sysbios.aem4f : rom_sysbios.obj (.text:_pthread_cleanup_pop)
                  000068a6    00000016     release_pem4f.oem4f (.text:ti_sysbios_BIOS_exitFunc__I)
                  000068bc    00000014     drivers_cc26x2.a : I2C.oem4f (.text:I2C_transfer)
                  000068d0    00000014                      : PINCC26XX.oem4f (.text:PINCC26XX_getInputValue)
                  000068e4    00000014                      : PINCC26XX.oem4f (.text:PINCC26XX_getPinCount)
                  000068f8    00000014                      : PowerCC26X2_calibrateRCOSC.oem4f (.text:PowerCC26X2_calibrate)
                  0000690c    00000014                      : SPI.oem4f (.text:SPI_Params_init)
                  00006920    00000014     rom_sysbios.aem4f : rom_sysbios.obj (.text:pthread_attr_setschedparam)
                  00006934    00000014     rtsv7M4_T_le_v4SPD16_eabi.lib : strcpy.c.obj (.text:strcpy)
                  00006948    00000014     rom_sysbios.aem4f : rom_sysbios.obj (.text:ti_sysbios_family_arm_cc26xx_Timer_getCount64__E)
                  0000695c    00000014     release_pem4f.oem4f (.text:ti_sysbios_knl_Clock_doTick__I)
                  00006970    00000012     drivers_cc26x2.a : RingBuf.oem4f (.text:RingBuf_construct)
                  00006982    00000012     dpl_cc26x2.a : SemaphoreP_tirtos.oem4f (.text:SemaphoreP_pend)
                  00006994    00000012     rom_sysbios.aem4f : rom_sysbios.obj (.text:_pthread_runStub$45)
                  000069a6    00000010     dpl_cc26x2.a : HwiP_tirtos.oem4f (.text:HwiP_Params_init)
                  000069b6    00000010     drivers_cc26x2.a : I2CCC26XX.oem4f (.text:I2CCC26XX_postNotify)
                  000069c6    00000002     --HOLE-- [fill = 0]
                  000069c8    00000010                      : I2C.oem4f (.text:I2C_Params_init)
                  000069d8    00000010     dpl_cc26x2.a : SwiP_tirtos.oem4f (.text:SwiP_Params_init)
                  000069e8    00000010     drivers_cc26x2.a : UARTCC26XX.oem4f (.text:uartPostNotify)
                  000069f8    0000000e                      : I2CCC26XX.oem4f (.text:I2CSupport_masterFinish)
                  00006a06    0000000e     rtsv7M4_T_le_v4SPD16_eabi.lib : copy_decompress_none.c.obj (.text:decompress:none:__TI_decompress_none)
                  00006a14    0000000e     rom_sysbios.aem4f : rom_sysbios.obj (.text:pthread_attr_setdetachstate)
                  00006a22    0000000e                       : rom_sysbios.obj (.text:ti_sysbios_family_arm_cc26xx_TimestampProvider_get32__E)
                  00006a30    0000000c     dpl_cc26x2.a : ClockP_tirtos.oem4f (.text:ClockP_getSystemTickPeriod)
                  00006a3c    0000000c     driverlib.lib : cpu.obj (.text:NOROM_CPUcpsid)
                  00006a48    0000000c                   : cpu.obj (.text:NOROM_CPUcpsie)
                  00006a54    0000000c     drivers_cc26x2.a : PINCC26XX.oem4f (.text:PIN_registerIntCb)
                  00006a60    0000000c                      : PowerCC26X2.oem4f (.text:Power_getConstraintMask)
                  00006a6c    0000000c                      : PowerCC26X2.oem4f (.text:Power_getDependencyCount)
                  00006a78    0000000c     dpl_cc26x2.a : SemaphoreP_tirtos.oem4f (.text:SemaphoreP_delete)
                  00006a84    0000000c     rtsv7M4_T_le_v4SPD16_eabi.lib : _lock.c.obj (.text:_register_lock)
                  00006a90    0000000c                                   : _lock.c.obj (.text:_register_unlock)
                  00006a9c    0000000c                                   : copy_zero_init.c.obj (.text:decompress:ZI:__TI_zero_init)
                  00006aa8    0000000c     rom_sysbios.aem4f : rom_sysbios.obj (.text:pthread_self)
                  00006ab4    0000000c     drivers_cc26x2.a : SPICC26X2DMA.oem4f (.text:spiPostNotify)
                  00006ac0    0000000c     rom_sysbios.aem4f : rom_sysbios.obj (.text:ti_sysbios_knl_Queue_insert__E)
                  00006acc    0000000c                       : rom_sysbios.obj (.text:ti_sysbios_knl_Swi_getTrigger__E)
                  00006ad8    0000000a     dpl_cc26x2.a : ClockP_tirtos.oem4f (.text:ClockP_Params_init)
                  00006ae2    0000000a     drivers_cc26x2.a : SPICC26X2DMA.oem4f (.text:SPICC26X2DMA_init)
                  00006aec    0000000a                      : SPI.oem4f (.text:SPI_transfer)
                  00006af6    0000000a                      : UART.oem4f (.text:UART_close)
                  00006b00    0000000a                      : UART.oem4f (.text:UART_control)
                  00006b0a    0000000a                      : UART.oem4f (.text:UART_write)
                  00006b14    0000000a                      : UDMACC26XX.oem4f (.text:UDMACC26XX_hwiIntFxn)
                  00006b1e    0000000a                      : UARTCC26XX.oem4f (.text:readSemCallback)
                  00006b28    0000000a     release_pem4f.oem4f (.text:ti_sysbios_rts_ti_ReentSupport_getTlsAddr__I)
                  00006b32    00000008     drivers_cc26x2.a : I2CCC26XX.oem4f (.text:I2CCC26XX_blockingCallback)
                  00006b3a    00000008                      : UARTCC26XX.oem4f (.text:UARTCC26XX_init)
                  00006b42    00000008                      : SPICC26X2DMA.oem4f (.text:blockingTransferCallback)
                  00006b4a    00000008                      : UARTCC26XX.oem4f (.text:writeSemCallback)
                  00006b52    00000008     release_pem4f.oem4f (.text:xdc_runtime_Text_visitRope__I)
                  00006b5a    00000006     display.a : DisplayUart.oem4f (.text:DisplayUartMin_control)
                  00006b60    00000006               : DisplayUart.oem4f (.text:DisplayUartMin_getType)
                  00006b66    00000006     drivers_cc26x2.a : I2CCC26XX.oem4f (.text:I2CSupport_powerRelConstraint)
                  00006b6c    00000006                      : I2CCC26XX.oem4f (.text:I2CSupport_powerSetConstraint)
                  00006b72    00000006     driverlib.lib : cpu.obj (.text:NOROM_CPUdelay)
                  00006b78    00000006     drivers_cc26x2.a : UARTCC26XX.oem4f (.text:UARTCC26XX_readPolling)
                  00006b7e    00000006                      : UARTCC26XX.oem4f (.text:UARTCC26XX_writePolling)
                  00006b84    00000006                      : PowerCC26X2.oem4f (.text:delayUs)
                  00006b8a    00000006     rom_sysbios.aem4f : rom_sysbios.obj (.text:pthread_attr_setstacksize)
                  00006b90    00000004     dpl_cc26x2.a : PowerCC26X2_tirtos.oem4f (.text:CPUwfi)
                  00006b94    00000004                  : ClockP_tirtos.oem4f (.text:ClockP_destruct)
                  00006b98    00000004                  : ClockP_tirtos.oem4f (.text:ClockP_getCpuFreq)
                  00006b9c    00000004                  : ClockP_tirtos.oem4f (.text:ClockP_setTimeout)
                  00006ba0    00000004                  : ClockP_tirtos.oem4f (.text:ClockP_start)
                  00006ba4    00000004                  : ClockP_tirtos.oem4f (.text:ClockP_stop)
                  00006ba8    00000004                  : HwiP_tirtos.oem4f (.text:HwiP_clearInterrupt)
                  00006bac    00000004                  : HwiP_tirtos.oem4f (.text:HwiP_destruct)
                  00006bb0    00000004                  : HwiP_tirtos.oem4f (.text:HwiP_disable)
                  00006bb4    00000004                  : HwiP_tirtos.oem4f (.text:HwiP_disableInterrupt)
                  00006bb8    00000004                  : HwiP_tirtos.oem4f (.text:HwiP_enableInterrupt)
                  00006bbc    00000004                  : SemaphoreP_tirtos.oem4f (.text:SemaphoreP_destruct)
                  00006bc0    00000004                  : SemaphoreP_tirtos.oem4f (.text:SemaphoreP_post)
                  00006bc4    00000004                  : SwiP_tirtos.oem4f (.text:SwiP_destruct)
                  00006bc8    00000004                  : SwiP_tirtos.oem4f (.text:SwiP_getTrigger)
                  00006bcc    00000004                  : SwiP_tirtos.oem4f (.text:SwiP_or)
                  00006bd0    00000004                  : SwiP_tirtos.oem4f (.text:SwiP_post)
                  00006bd4    00000004                  : SystemP_tirtos.oem4f (.text:SystemP_vsnprintf)
                  00006bd8    00000004     rom_sysbios.aem4f : rom_sysbios.obj (.text:__aeabi_errno_addr)
                  00006bdc    00000004     drivers_cc26x2.a : PowerCC26X2.oem4f (.text:configureRFCoreClocks)
                  00006be0    00000004                      : PowerCC26X2.oem4f (.text:nopResourceHandler)
                  00006be4    00000004     rom_sysbios.aem4f : rom_sysbios.obj (.text:ti_sysbios_knl_Task_getArg1__E)
                  00006be8    00000004                       : rom_sysbios.obj (.text:ti_sysbios_knl_Task_getEnv__E)
                  00006bec    00000004     release_pem4f.oem4f (.text:xdc_runtime_Startup_reset__I)
                  00006bf0    00000004     rom_sysbios.aem4f : rom_sysbios.obj (.text:xdc_runtime_SysCallback_defaultReady)
                  00006bf4    00000008     (.tramp.xdc_runtime_System_vsnprintf__E.1)
                  00006bfc    00000008     (.tramp.ti_sysbios_knl_Swi_destruct.1)
                  00006c04    00000008     (.tramp.ti_sysbios_family_arm_m3_Hwi_enableInterrupt__E.1)
                  00006c0c    00000008     (.tramp.ti_sysbios_family_arm_m3_Hwi_disableInterrupt__E.1)
                  00006c14    00000008     (.tramp.ti_sysbios_family_arm_m3_Hwi_disableFxn__E.1)
                  00006c1c    00000008     (.tramp.ti_sysbios_family_arm_m3_Hwi_destruct.1)
                  00006c24    00000008     (.tramp.ti_sysbios_BIOS_getCpuFreq__E.1)
                  00006c2c    00000008     (.tramp.ti_sysbios_knl_Clock_destruct.1)
                  00006c34    00000008     (.tramp.ti_sysbios_knl_Task_self__E.1)
                  00006c3c    00000008     (.tramp.ti_sysbios_knl_Semaphore_delete.1)
                  00006c44    00000008     (.tramp.ti_sysbios_knl_Clock_logTick__E.1)
                  00006c4c    00000008     (.tramp.ti_sysbios_BIOS_getThreadType__E.1)
                  00006c54    00000008     (.tramp.ti_sysbios_knl_Swi_post__E.1)
                  00006c5c    00000008     (.tramp.ti_sysbios_BIOS_RtsGateProxy_leave__E.1)
                  00006c64    00000008     (.tramp.ti_sysbios_knl_Swi_construct.1)
                  00006c6c    00000008     (.tramp.ti_sysbios_knl_Swi_restore__E.1)
                  00006c74    00000008     (.tramp.ti_sysbios_BIOS_RtsGateProxy_enter__E.1)
                  00006c7c    00000008     (.tramp.ti_sysbios_knl_Clock_TimerProxy_getCurrentTick__E.1)
                  00006c84    00000008     (.tramp.ti_sysbios_knl_Task_delete.1)
                  00006c8c    00000008     (.tramp.ti_sysbios_knl_Semaphore_destruct.1)
                  00006c94    00000008     (.tramp.ti_sysbios_knl_Semaphore_create.1)
                  00006c9c    00000008     (.tramp.ti_sysbios_knl_Task_startup__E.1)
                  00006ca4    00000008     (.tramp.ti_sysbios_knl_Swi_startup__E.1)
                  00006cac    00000008     (.tramp.ti_sysbios_hal_Hwi_startup__E.1)
                  00006cb4    00000008     (.tramp.ti_sysbios_family_arm_cc26xx_Timer_startup__E.1)
                  00006cbc    00000008     (.tramp.xdc_runtime_System_atexit__E.1)
                  00006cc4    00000008     (.tramp.ti_sysbios_BIOS_linkedWithIncorrectBootLibrary__E.1)
                  00006ccc    00000008     (.tramp.xdc_runtime_Startup_rtsDone__E.1)
                  00006cd4    00000008     (.tramp.ti_sysbios_knl_Swi_disable__E.1)
                  00006cdc    00000008     (.tramp.ti_sysbios_family_arm_m3_Hwi_construct.1)
                  00006ce4    00000008     (.tramp.ti_sysbios_knl_Task_sleep__E.1)
                  00006cec    00000008     (.tramp.ti_sysbios_family_arm_m3_Hwi_Params__init__S.1)
                  00006cf4    00000008     (.tramp.ti_sysbios_knl_Clock_construct.1)
                  00006cfc    00000008     (.tramp.ti_sysbios_knl_Clock_Params__init__S.1)
                  00006d04    00000008     (.tramp.strlen.1)
                  00006d0c    00000008     (.tramp.ti_sysbios_knl_Swi_Params__init__S.1)
                  00006d14    00000008     (.tramp.ti_sysbios_heaps_HeapMem_Module_GateProxy_leave__E.1)
                  00006d1c    00000008     (.tramp.ti_sysbios_heaps_HeapMem_Module_GateProxy_enter__E.1)
                  00006d24    00000008     (.tramp.xdc_runtime_System_exit__E.1)
                  00006d2c    00000008     (.tramp.ti_sysbios_heaps_HeapMem_restore__E.1)
                  00006d34    00000008     (.tramp.ti_sysbios_heaps_HeapMem_Object__get__S.1)
                  00006d3c    00000008     (.tramp.ti_sysbios_BIOS_start__E.1)
                  00006d44    00000008     (.tramp.xdc_runtime_Error_raiseX__E.1)
                  00006d4c    00000008     (.tramp.ti_sysbios_BIOS_setThreadType__E.1)
                  00006d54    00000008     (.tramp.ti_sysbios_family_arm_m3_Hwi_excFillContext__I.1)
                  00006d5c    00000008     (.tramp.ti_sysbios_knl_Semaphore_post__E.1)
                  00006d64    00000008     (.tramp.xdc_runtime_Memory_free__E.1)
                  00006d6c    00000008     (.tramp.ti_sysbios_knl_Queue_next__E.1)
                  00006d74    00000008     (.tramp.ti_sysbios_knl_Queue_head__E.1)
                  00006d7c    00000008     (.tramp.ti_sysbios_knl_Semaphore_pend__E.1)
                  00006d84    00000008     (.tramp.ti_sysbios_knl_Task_restore__E.1)
                  00006d8c    00000008     (.tramp.ti_sysbios_knl_Queue_enqueue__E.1)
                  00006d94    00000008     (.tramp.ti_sysbios_knl_Queue_empty__E.1)
                  00006d9c    00000008     (.tramp.ti_sysbios_knl_Queue_remove__E.1)
                  00006da4    00000008     (.tramp.ti_sysbios_knl_Task_disable__E.1)
                  00006dac    00000008     (.tramp.ti_sysbios_knl_Clock_stop__E.1)
                  00006db4    00000008     (.tramp.ti_sysbios_knl_Clock_start__E.1)
                  00006dbc    00000008     (.tramp.ti_sysbios_knl_Clock_setTimeout__E.1)
                  00006dc4    00000008     (.tramp.ti_sysbios_knl_Task_create.1)
                  00006dcc    00000008     (.tramp.ti_sysbios_knl_Semaphore_construct.1)
                  00006dd4    00000008     (.tramp.ti_sysbios_knl_Semaphore_Params__init__S.1)
                  00006ddc    00000008     (.tramp.ti_sysbios_knl_Queue_construct.1)
                  00006de4    00000008     (.tramp.xdc_runtime_Memory_alloc__E.1)
                  00006dec    00000008     (.tramp.ti_sysbios_knl_Task_Params__init__S.1)
                  00006df4    00000008     (.tramp.xdc_runtime_System_doPrint__I.1)
                  00006dfc    00000008     (.tramp.ti_sysbios_family_arm_m3_Hwi_restoreFxn__E.1)

.const     0    00006e04    000007c0     
                  00006e04    000003b8     release_pem4f.oem4f (.const:ROM_constStruct)
                  000071bc    00000054     drivers_cc26x2.a : PowerCC26X2.oem4f (.const:resourceDB)
                  00007210    00000048     release_pem4f.oem4f (.const:.string)
                  00007258    00000048     release_pem4f.oem4f (.const:ROM_externFuncPtrs)
                  000072a0    00000034     ti_drivers_config.obj (.const:BoardGpioInitTable)
                  000072d4    00000028     drivers_cc26x2.a : UARTCC26XX.oem4f (.const:UARTCC26XX_fxnTable)
                  000072fc    00000028     ti_drivers_config.obj (.const:uartCC26XXHWAttrs)
                  00007324    00000024     drivers_cc26x2.a : UART.oem4f (.const:UART_defaultParams)
                  00007348    00000024     release_pem4f.oem4f (.const:xdc_runtime_Startup_sfxnTab__A)
                  0000736c    00000020     display.a : DisplayUart.oem4f (.const:DisplayUartMin_fxnTable)
                  0000738c    00000020     drivers_cc26x2.a : SPI.oem4f (.const:SPI_defaultParams)
                  000073ac    00000020     ti_drivers_config.obj (.const:spiCC26X2DMAHWAttrs)
                  000073cc    00000018     drivers_cc26x2.a : SPICC26X2DMA.oem4f (.const:SPICC26X2DMA_fxnTable)
                  000073e4    00000018                      : SPICC26X2DMA.oem4f (.const:frameFormat)
                  000073fc    00000018     ti_drivers_config.obj (.const:i2cCC26xxHWAttrs)
                  00007414    00000018     drivers_cc26x2.a : GPIOCC26XX.oem4f (.const:interruptType)
                  0000742c    00000014     ti_drivers_config.obj (.const:$P$T1$2)
                  00007440    00000014     ti_drivers_config.obj (.const:GPIOCC26XX_config)
                  00007454    00000014     ti_drivers_config.obj (.const:PowerCC26X2_config)
                  00007468    00000014     ti_drivers_config.obj (.const:displayUartHWAttrs)
                  0000747c    00000014     drivers_cc26x2.a : UARTCC26XX.oem4f (.const:parityType)
                  00007490    00000012     release_pem4f.oem4f (.const:xdc_runtime_Startup_sfxnRts__A)
                  000074a2    00000001     display.a : Display.oem4f (.const:Display_defaultParams)
                  000074a3    00000001     release_pem4f.oem4f (.const:xdc_runtime_Text_charTab__A)
                  000074a4    00000010     drivers_cc26x2.a : I2C.oem4f (.const:I2C_defaultParams)
                  000074b4    00000010                      : I2CCC26XX.oem4f (.const:I2C_defaultParams)
                  000074c4    00000010                      : UARTCC26XX.oem4f (.const:dataLength)
                  000074d4    00000010                      : GPIOCC26XX.oem4f (.const:outPinTypes)
                  000074e4    0000000c     ti_drivers_config.obj (.const:Display_config)
                  000074f0    0000000c     ti_drivers_config.obj (.const:SPI_config)
                  000074fc    0000000c     ti_drivers_config.obj (.const:UART_config)
                  00007508    0000000c     drivers_cc26x2.a : GPIOCC26XX.oem4f (.const:inPinTypes)
                  00007514    0000000c                      : GPIOCC26XX.oem4f (.const:outPinStrengths)
                  00007520    0000000c     ti_drivers_config.obj (.const)
                  0000752c    0000000c     release_pem4f.oem4f (.const:xdc_runtime_Startup_firstFxns__A)
                  00007538    00000008     driverlib.lib : aux_sysif.obj (.const:$O1$$)
                  00007540    00000008     ti_drivers_config.obj (.const:$P$T0$1)
                  00007548    00000008     ti_drivers_config.obj (.const:I2C_config)
                  00007550    00000008     ti_drivers_config.obj (.const:PINCC26XX_hwAttrs)
                  00007558    00000008     ti_drivers_config.obj (.const:UDMACC26XX_config)
                  00007560    00000008     drivers_cc26x2.a : SPICC26X2DMA.oem4f (.const:dmaNullConfig)
                  00007568    00000008                      : SPICC26X2DMA.oem4f (.const:dmaRxConfig)
                  00007570    00000008                      : SPICC26X2DMA.oem4f (.const:dmaTxConfig)
                  00007578    00000008                      : UARTCC26XX.oem4f (.const:stopBits)
                  00007580    00000008     release_pem4f.oem4f (.const:ti_sysbios_family_arm_m3_Hwi_excHookFuncs__A)
                  00007588    00000008     release_pem4f.oem4f (.const:ti_sysbios_knl_Idle_funcList__A)
                  00007590    00000008     ti_drivers_config.obj (.const:udmaCC26XXHWAttrs)
                  00007598    00000006     drivers_cc26x2.a : UARTCC26XX.oem4f (.const:.string:rxFifoBytes)
                  0000759e    00000006                      : UARTCC26XX.oem4f (.const:.string:rxFifoThreshold)
                  000075a4    00000006                      : UARTCC26XX.oem4f (.const:.string:txFifoBytes)
                  000075aa    00000006                      : UARTCC26XX.oem4f (.const:.string:txFifoThreshold)
                  000075b0    00000004     release_pem4f.oem4f (.const:ti_sysbios_family_arm_m3_Hwi_E_exception__C)
                  000075b4    00000004     release_pem4f.oem4f (.const:ti_sysbios_heaps_HeapMem_primaryHeapBaseAddr__C)
                  000075b8    00000004     release_pem4f.oem4f (.const:ti_sysbios_heaps_HeapMem_primaryHeapEndAddr__C)
                  000075bc    00000004     release_pem4f.oem4f (.const:ti_sysbios_knl_Clock_tickPeriod__C)
                  000075c0    00000004     release_pem4f.oem4f (.const:ti_sysbios_knl_Task_Object__heap__C)

MODULE SUMMARY

       Module                             code    ro data   rw data
       ------                             ----    -------   -------
    .\
       glove_node_v2.obj                  800     0         165    
       main_tirtos.obj                    100     0         0      
    +--+----------------------------------+-------+---------+---------+
       Total:                             900     0         165    
                                                                   
    .\flexSensorLibrary\
       ADS1015.obj                        1364    0         12     
    +--+----------------------------------+-------+---------+---------+
       Total:                             1364    0         12     
                                                                   
    .\mcpLibrary\
       mcp.obj                            1512    0         40     
       mcp_hw.obj                         1330    0         4      
    +--+----------------------------------+-------+---------+---------+
       Total:                             2842    0         44     
                                                                   
    .\syscfg\
       ti_drivers_config.obj              306     316       2188   
       ti_devices_config.obj              0       88        0      
    +--+----------------------------------+-------+---------+---------+
       Total:                             306     404       2188   
                                                                   
    C:\Users\sujaj\workspace\tirtos_builds_cc13x2_cc26x2_release_ccs\Debug\configPkg\package\cfg\
       release_pem4f.oem4f                802     1259      1802   
    +--+----------------------------------+-------+---------+---------+
       Total:                             802     1259      1802   
                                                                   
    C:/ti/simplelink_cc13x2_26x2_sdk_5_20_00_52/kernel/tirtos/packages/ti/dpl/lib/ccs/m4f/dpl_cc26x2.a
       PowerCC26X2_tirtos.oem4f           260     0         8      
       SemaphoreP_tirtos.oem4f            126     0         0      
       SwiP_tirtos.oem4f                  116     0         0      
       ClockP_tirtos.oem4f                106     0         0      
       HwiP_tirtos.oem4f                  98      0         0      
       SystemP_tirtos.oem4f               4       0         0      
    +--+----------------------------------+-------+---------+---------+
       Total:                             710     0         8      
                                                                   
    C:/ti/simplelink_cc13x2_26x2_sdk_5_20_00_52/source/ti/devices/cc13x2_cc26x2/driverlib/bin/ccs/driverlib.lib
       sys_ctrl.obj                       420     0         0      
       osc.obj                            340     0         36     
       setup.obj                          324     0         0      
       chipinfo.obj                       270     0         0      
       prcm.obj                           160     0         0      
       aux_sysif.obj                      52      8         0      
       cpu.obj                            30      0         0      
       driverlib_release.obj              0       0         1      
    +--+----------------------------------+-------+---------+---------+
       Total:                             1596    8         37     
                                                                   
    C:/ti/simplelink_cc13x2_26x2_sdk_5_20_00_52/source/ti/display/lib/ccs/m4f/display.a
       DisplayUart.oem4f                  184     32        0      
       Display.oem4f                      174     1         0      
    +--+----------------------------------+-------+---------+---------+
       Total:                             358     33        0      
                                                                   
    C:/ti/simplelink_cc13x2_26x2_sdk_5_20_00_52/source/ti/drivers/lib/ccs/m4f/drivers_cc26x2.a
       SPICC26X2DMA.oem4f                 3402    72        128    
       UARTCC26XX.oem4f                   2760    108       0      
       PowerCC26X2.oem4f                  2060    84        368    
       PINCC26XX.oem4f                    1658    0         336    
       PowerCC26X2_calibrateRCOSC.oem4f   1400    0         0      
       I2CCC26XX.oem4f                    1122    16        0      
       GPIOCC26XX.oem4f                   660     64        61     
       I2C.oem4f                          366     16        0      
       UART.oem4f                         186     36        1      
       SPI.oem4f                          162     32        1      
       UDMACC26XX.oem4f                   168     0         0      
       RingBuf.oem4f                      152     0         0      
       List.oem4f                         76      0         0      
    +--+----------------------------------+-------+---------+---------+
       Total:                             14172   428       895    
                                                                   
    C:\Users\sujaj\workspace\tirtos_builds_cc13x2_cc26x2_release_ccs\src\sysbios\rom_sysbios.aem4f
       rom_sysbios.obj                    2275    0         180    
    +--+----------------------------------+-------+---------+---------+
       Total:                             2275    0         180    
                                                                   
    C:\ti\ccs1011\ccs\tools\compiler\ti-cgt-arm_20.2.5.LTS\lib\rtsv7M4_T_le_v4SPD16_eabi.lib
       fd_add_t2.asm.obj                  438     0         0      
       fd_cmp_t2.asm.obj                  268     0         0      
       fd_mul_t2.asm.obj                  252     0         0      
       memcpy_t2.asm.obj                  156     0         0      
       ull_div_t2.asm.obj                 150     0         0      
       memset_t2.asm.obj                  122     0         0      
       copy_decompress_lzss.c.obj         104     0         0      
       cpy_tbl.c.obj                      76      0         0      
       fd_toi_t2.asm.obj                  72      0         0      
       fd_tou_t2.asm.obj                  68      0         0      
       u_divt2.asm.obj                    64      0         0      
       fs_tod_t2.asm.obj                  56      0         0      
       i_tofd_t2.asm.obj                  46      0         0      
       _lock.c.obj                        26      0         8      
       args_main.c.obj                    24      0         0      
       ll_mul_t2.asm.obj                  24      0         0      
       strcpy.c.obj                       20      0         0      
       copy_decompress_none.c.obj         14      0         0      
       copy_zero_init.c.obj               12      0         0      
       stkdepth_vars.c.obj                0       0         4      
       div0.asm.obj                       2       0         0      
    +--+----------------------------------+-------+---------+---------+
       Total:                             1994    0         12     
                                                                   
    C:\ti\simplelink_cc13x2_26x2_sdk_5_20_00_52\kernel\tirtos\packages\ti\targets\arm\rtsarm\lib\auto_init.aem4f
       auto_init.oem4f                    160     0         0      
    +--+----------------------------------+-------+---------+---------+
       Total:                             160     0         0      
                                                                   
    C:\ti\simplelink_cc13x2_26x2_sdk_5_20_00_52\kernel\tirtos\packages\ti\targets\arm\rtsarm\lib\boot.aem4f
       boot.oem4f                         88      0         0      
    +--+----------------------------------+-------+---------+---------+
       Total:                             88      0         0      
                                                                   
       Stack:                             0       0         1024   
       Linker Generated:                  528     620       0      
    +--+----------------------------------+-------+---------+---------+
       Grand Total:                       28095   2752      6367   


LINKER GENERATED COPY TABLES

__TI_cinit_table @ 000077d0 records: 13, size/record: 8, table size: 104
	.data: load addr=000075c8, load size=00000198 bytes, run addr=20000ea8, run size=000005e9 bytes, compression=lzss
	.TI.bound:dmaSpi0RxAltControlTableEntry: load addr=00007770, load size=00000008 bytes, run addr=20001a30, run size=00000010 bytes, compression=zero_init
	.TI.bound:dmaSpi0RxControlTableEntry: load addr=00007778, load size=00000008 bytes, run addr=20001830, run size=00000010 bytes, compression=zero_init
	.TI.bound:dmaSpi0TxAltControlTableEntry: load addr=00007780, load size=00000008 bytes, run addr=20001a40, run size=00000010 bytes, compression=zero_init
	.TI.bound:dmaSpi0TxControlTableEntry: load addr=00007788, load size=00000008 bytes, run addr=20001840, run size=00000010 bytes, compression=zero_init
	.TI.bound:dmaSpi1RxAltControlTableEntry: load addr=00007790, load size=00000008 bytes, run addr=20001b00, run size=00000010 bytes, compression=zero_init
	.TI.bound:dmaSpi1RxControlTableEntry: load addr=00007798, load size=00000008 bytes, run addr=20001900, run size=00000010 bytes, compression=zero_init
	.TI.bound:dmaSpi1TxAltControlTableEntry: load addr=000077a0, load size=00000008 bytes, run addr=20001b10, run size=00000010 bytes, compression=zero_init
	.TI.bound:dmaSpi1TxControlTableEntry: load addr=000077a8, load size=00000008 bytes, run addr=20001910, run size=00000010 bytes, compression=zero_init
	.bss: load addr=000077b0, load size=00000008 bytes, run addr=20000110, run size=00000d92 bytes, compression=zero_init
	.data:xdcRomConstPtr: load addr=000077b8, load size=00000008 bytes, run addr=20000100, run size=00000004 bytes, compression=lzss
	.data:xdcRomExternFuncPtr: load addr=000077c0, load size=00000008 bytes, run addr=20000104, run size=00000004 bytes, compression=lzss
	.data:xdcRomStatePtr: load addr=000077c8, load size=00000008 bytes, run addr=20000108, run size=00000004 bytes, compression=lzss


LINKER GENERATED HANDLER TABLE

__TI_handler_table @ 00007760 records: 3, size/record: 4, table size: 12
	index: 0, handler: __TI_decompress_lzss
	index: 1, handler: __TI_decompress_none
	index: 2, handler: __TI_zero_init


FAR CALL TRAMPOLINES

callee name               trampoline name
   callee addr  tramp addr   call addr  call info
--------------  -----------  ---------  ----------------
xdc_runtime_System_vsnprintf__E  $Tramp$TT$L$PI$$xdc_runtime_System_vsnprintf__E
   1002f8b9     00006bf4     00006bd4   dpl_cc26x2.a : SystemP_tirtos.oem4f (.text:SystemP_vsnprintf)
ti_sysbios_knl_Swi_destruct  $Tramp$TT$L$PI$$ti_sysbios_knl_Swi_destruct
   1002e8bd     00006bfc     00006bc4   dpl_cc26x2.a : SwiP_tirtos.oem4f (.text:SwiP_destruct)
ti_sysbios_family_arm_m3_Hwi_enableInterrupt__E  $Tramp$TT$L$PI$$ti_sysbios_family_arm_m3_Hwi_enableInterrupt__E
   1002d91d     00006c04     00006bb8   dpl_cc26x2.a : HwiP_tirtos.oem4f (.text:HwiP_enableInterrupt)
ti_sysbios_family_arm_m3_Hwi_disableInterrupt__E  $Tramp$TT$L$PI$$ti_sysbios_family_arm_m3_Hwi_disableInterrupt__E
   1002d8d9     00006c0c     00006bb4   dpl_cc26x2.a : HwiP_tirtos.oem4f (.text:HwiP_disableInterrupt)
ti_sysbios_family_arm_m3_Hwi_disableFxn__E  $Tramp$TT$L$PI$$ti_sysbios_family_arm_m3_Hwi_disableFxn__E
   1002eb55     00006c14     00006bb0   dpl_cc26x2.a : HwiP_tirtos.oem4f (.text:HwiP_disable)
ti_sysbios_family_arm_m3_Hwi_destruct  $Tramp$TT$L$PI$$ti_sysbios_family_arm_m3_Hwi_destruct
   1002e475     00006c1c     00006bac   dpl_cc26x2.a : HwiP_tirtos.oem4f (.text:HwiP_destruct)
ti_sysbios_BIOS_getCpuFreq__E  $Tramp$TT$L$PI$$ti_sysbios_BIOS_getCpuFreq__E
   1002e9fd     00006c24     00006b98   dpl_cc26x2.a : ClockP_tirtos.oem4f (.text:ClockP_getCpuFreq)
ti_sysbios_knl_Clock_destruct  $Tramp$TT$L$PI$$ti_sysbios_knl_Clock_destruct
   1002e649     00006c2c     00006b94   dpl_cc26x2.a : ClockP_tirtos.oem4f (.text:ClockP_destruct)
ti_sysbios_knl_Task_self__E  $Tramp$TT$L$PI$$ti_sysbios_knl_Task_self__E
   1002eaf5     00006c34     00006aaa   rom_sysbios.aem4f : rom_sysbios.obj (.text:pthread_self)
                             00006b2a   release_pem4f.oem4f (.text:ti_sysbios_rts_ti_ReentSupport_getTlsAddr__I)
ti_sysbios_knl_Semaphore_delete  $Tramp$TT$L$PI$$ti_sysbios_knl_Semaphore_delete
   1002ecdb     00006c3c     00006a7e   dpl_cc26x2.a : SemaphoreP_tirtos.oem4f (.text:SemaphoreP_delete)
ti_sysbios_knl_Clock_logTick__E  $Tramp$TT$L$PI$$ti_sysbios_knl_Clock_logTick__E
   1002dbd7     00006c44     0000695e   release_pem4f.oem4f (.text:ti_sysbios_knl_Clock_doTick__I)
ti_sysbios_BIOS_getThreadType__E  $Tramp$TT$L$PI$$ti_sysbios_BIOS_getThreadType__E
   1002ea95     00006c4c     00006836   rom_sysbios.aem4f : rom_sysbios.obj (.text:ti_sysbios_rts_ti_ReentSupport_getReent__F)
ti_sysbios_knl_Swi_post__E  $Tramp$TT$L$PI$$ti_sysbios_knl_Swi_post__E
   1002d891     00006c54     00006830   rom_sysbios.aem4f : rom_sysbios.obj (.text:ti_sysbios_knl_Swi_or__E)
                             00006966   release_pem4f.oem4f (.text:ti_sysbios_knl_Clock_doTick__I)
                             00006bd0   dpl_cc26x2.a : SwiP_tirtos.oem4f (.text:SwiP_post)
ti_sysbios_BIOS_RtsGateProxy_leave__E  $Tramp$TT$L$PI$$ti_sysbios_BIOS_RtsGateProxy_leave__E
   1002ec7b     00006c5c     00006812   release_pem4f.oem4f (.text:ti_sysbios_BIOS_rtsUnlock__I)
ti_sysbios_knl_Swi_construct  $Tramp$TT$L$PI$$ti_sysbios_knl_Swi_construct
   1002d719     00006c64     0000670e   rom_sysbios.aem4f : rom_sysbios.obj (.text:ti_sysbios_knl_Swi_construct2__E)
ti_sysbios_knl_Swi_restore__E  $Tramp$TT$L$PI$$ti_sysbios_knl_Swi_restore__E
   1002db61     00006c6c     000066ba   dpl_cc26x2.a : PowerCC26X2_tirtos.oem4f (.text:PowerCC26XX_schedulerRestore)
ti_sysbios_BIOS_RtsGateProxy_enter__E  $Tramp$TT$L$PI$$ti_sysbios_BIOS_RtsGateProxy_enter__E
   1002ec77     00006c74     000065aa   release_pem4f.oem4f (.text:ti_sysbios_BIOS_rtsLock__I)
ti_sysbios_knl_Clock_TimerProxy_getCurrentTick__E  $Tramp$TT$L$PI$$ti_sysbios_knl_Clock_TimerProxy_getCurrentTick__E
   1002eac5     00006c7c     0000628a   rom_sysbios.aem4f : rom_sysbios.obj (.text:ti_sysbios_knl_Clock_getTicksUntilInterrupt__E)
ti_sysbios_knl_Task_delete  $Tramp$TT$L$PI$$ti_sysbios_knl_Task_delete
   1002ece7     00006c84     00006234   rom_sysbios.aem4f : rom_sysbios.obj (.text:_pthread_delete$45)
ti_sysbios_knl_Semaphore_destruct  $Tramp$TT$L$PI$$ti_sysbios_knl_Semaphore_destruct
   1002e6fd     00006c8c     00006228   rom_sysbios.aem4f : rom_sysbios.obj (.text:_pthread_delete$45)
                             00006bbc   dpl_cc26x2.a : SemaphoreP_tirtos.oem4f (.text:SemaphoreP_destruct)
ti_sysbios_knl_Semaphore_create  $Tramp$TT$L$PI$$ti_sysbios_knl_Semaphore_create
   1002dc49     00006c94     00006214   dpl_cc26x2.a : SemaphoreP_tirtos.oem4f (.text:SemaphoreP_createBinary)
ti_sysbios_knl_Task_startup__E  $Tramp$TT$L$PI$$ti_sysbios_knl_Task_startup__E
   1002eceb     00006c9c     0000612c   release_pem4f.oem4f (.text:ti_sysbios_BIOS_startFunc__I)
ti_sysbios_knl_Swi_startup__E  $Tramp$TT$L$PI$$ti_sysbios_knl_Swi_startup__E
   1002ec6b     00006ca4     00006128   release_pem4f.oem4f (.text:ti_sysbios_BIOS_startFunc__I)
ti_sysbios_hal_Hwi_startup__E  $Tramp$TT$L$PI$$ti_sysbios_hal_Hwi_startup__E
   1002ec31     00006cac     00006124   release_pem4f.oem4f (.text:ti_sysbios_BIOS_startFunc__I)
ti_sysbios_family_arm_cc26xx_Timer_startup__E  $Tramp$TT$L$PI$$ti_sysbios_family_arm_cc26xx_Timer_startup__E
   1002dcf1     00006cb4     00006120   release_pem4f.oem4f (.text:ti_sysbios_BIOS_startFunc__I)
xdc_runtime_System_atexit__E  $Tramp$TT$L$PI$$xdc_runtime_System_atexit__E
   1002f559     00006cbc     00006118   release_pem4f.oem4f (.text:ti_sysbios_BIOS_startFunc__I)
ti_sysbios_BIOS_linkedWithIncorrectBootLibrary__E  $Tramp$TT$L$PI$$ti_sysbios_BIOS_linkedWithIncorrectBootLibrary__E
   1002d01b     00006cc4     00006112   release_pem4f.oem4f (.text:ti_sysbios_BIOS_startFunc__I)
xdc_runtime_Startup_rtsDone__E  $Tramp$TT$L$PI$$xdc_runtime_Startup_rtsDone__E
   1002f8e5     00006ccc     0000610a   release_pem4f.oem4f (.text:ti_sysbios_BIOS_startFunc__I)
ti_sysbios_knl_Swi_disable__E  $Tramp$TT$L$PI$$ti_sysbios_knl_Swi_disable__E
   1002ea25     00006cd4     000060da   release_pem4f.oem4f (.text:ti_sysbios_BIOS_atExitFunc__I)
                             000066a2   dpl_cc26x2.a : PowerCC26X2_tirtos.oem4f (.text:PowerCC26XX_schedulerDisable)
ti_sysbios_family_arm_m3_Hwi_construct  $Tramp$TT$L$PI$$ti_sysbios_family_arm_m3_Hwi_construct
   1002d421     00006cdc     00005d72   rom_sysbios.aem4f : rom_sysbios.obj (.text:ti_sysbios_family_arm_m3_Hwi_construct2__E)
ti_sysbios_knl_Task_sleep__E  $Tramp$TT$L$PI$$ti_sysbios_knl_Task_sleep__E
   1002ce01     00006ce4     00005d46   rom_sysbios.aem4f : rom_sysbios.obj (.text:sleep)
                             00005fa4                     : rom_sysbios.obj (.text:usleep)
ti_sysbios_family_arm_m3_Hwi_Params__init__S  $Tramp$TT$L$PI$$ti_sysbios_family_arm_m3_Hwi_Params__init__S
   1002eb49     00006cec     00005c80   dpl_cc26x2.a : HwiP_tirtos.oem4f (.text:HwiP_construct)
ti_sysbios_knl_Clock_construct  $Tramp$TT$L$PI$$ti_sysbios_knl_Clock_construct
   1002dd8d     00006cf4     00005ada   dpl_cc26x2.a : ClockP_tirtos.oem4f (.text:ClockP_construct)
ti_sysbios_knl_Clock_Params__init__S  $Tramp$TT$L$PI$$ti_sysbios_knl_Clock_Params__init__S
   1002eb9d     00006cfc     00005ac0   dpl_cc26x2.a : ClockP_tirtos.oem4f (.text:ClockP_construct)
strlen                    $Tramp$TT$L$PI$$strlen
   1002fddb     00006d04     00005862   display.a : DisplayUart.oem4f (.text:DisplayUartMin_vprintf)
ti_sysbios_knl_Swi_Params__init__S  $Tramp$TT$L$PI$$ti_sysbios_knl_Swi_Params__init__S
   1002ebf1     00006d0c     000053f6   dpl_cc26x2.a : SwiP_tirtos.oem4f (.text:SwiP_construct)
ti_sysbios_heaps_HeapMem_Module_GateProxy_leave__E  $Tramp$TT$L$PI$$ti_sysbios_heaps_HeapMem_Module_GateProxy_leave__E
   1002ecaf     00006d14     000052ee   rom_sysbios.aem4f : rom_sysbios.obj (.text:ti_sysbios_heaps_HeapMem_alloc__E)
ti_sysbios_heaps_HeapMem_Module_GateProxy_enter__E  $Tramp$TT$L$PI$$ti_sysbios_heaps_HeapMem_Module_GateProxy_enter__E
   1002ecab     00006d1c     000052d8   rom_sysbios.aem4f : rom_sysbios.obj (.text:ti_sysbios_heaps_HeapMem_alloc__E)
xdc_runtime_System_exit__E  $Tramp$TT$L$PI$$xdc_runtime_System_exit__E
   1002f7b1     00006d24     00005200   boot.aem4f : boot.oem4f (.text)
                             000068b6   release_pem4f.oem4f (.text:ti_sysbios_BIOS_exitFunc__I)
ti_sysbios_heaps_HeapMem_restore__E  $Tramp$TT$L$PI$$ti_sysbios_heaps_HeapMem_restore__E
   1002eb13     00006d2c     000050f4   rom_sysbios.aem4f : rom_sysbios.obj (.text:ti_sysbios_heaps_HeapMem_initPrimary__I)
ti_sysbios_heaps_HeapMem_Object__get__S  $Tramp$TT$L$PI$$ti_sysbios_heaps_HeapMem_Object__get__S
   1002e275     00006d34     000050c4   rom_sysbios.aem4f : rom_sysbios.obj (.text:ti_sysbios_heaps_HeapMem_initPrimary__I)
ti_sysbios_BIOS_start__E  $Tramp$TT$L$PI$$ti_sysbios_BIOS_start__E
   1002eaa5     00006d3c     00004dae   main_tirtos.obj (.text:main)
xdc_runtime_Error_raiseX__E  $Tramp$TT$L$PI$$xdc_runtime_Error_raiseX__E
   1002f739     00006d44     00004662   rom_sysbios.aem4f : rom_sysbios.obj (.text:ti_sysbios_family_arm_m3_Hwi_excHandlerMin__I)
[...]
1002ebb5  ti_sysbios_knl_Event_Params__init__S                               
1002ebc1  ti_sysbios_knl_Mailbox_Params__init__S                             
1002ebcd  ti_sysbios_knl_Queue_dequeue__E                                    
1002ebd9  ti_sysbios_knl_Queue_enqueue__E                                    
1002ebe5  ti_sysbios_knl_Semaphore_Params__init__S                           
1002ebf1  ti_sysbios_knl_Swi_Params__init__S                                 
1002ebfd  ti_sysbios_knl_Swi_self__E                                         
1002ec09  ti_sysbios_knl_Task_Params__init__S                                
1002ec15  ti_sysbios_hal_Hwi_Instance_finalize__E                            
1002ec1f  ti_sysbios_knl_Event_Instance_init__E                              
1002ec29  ti_sysbios_family_arm_m3_Hwi_doSwiRestore__I                       
1002ec31  ti_sysbios_family_arm_m3_Hwi_startup__E                            
1002ec31  ti_sysbios_hal_Hwi_HwiProxy_startup__E                             
1002ec31  ti_sysbios_hal_Hwi_HwiProxy_startup__E                             
1002ec31  ti_sysbios_hal_Hwi_startup__E                                      
1002ec31  ti_sysbios_hal_Hwi_startup__E                                      
1002ec39  ti_sysbios_knl_Idle_loop__E                                        
1002ec41  ti_sysbios_family_arm_m3_Hwi_doTaskRestore__I                      
1002ec47  HwiP_restore                                                       
1002ec47  ti_sysbios_family_arm_m3_Hwi_restoreFxn__E                         
1002ec4d  ti_sysbios_gates_GateHwi_leave__E                                  
1002ec53  ti_sysbios_gates_GateMutex_Instance_finalize__E                    
1002ec59  ti_sysbios_heaps_HeapMem_isBlocking__E                             
1002ec5f  ti_sysbios_knl_Queue_Instance_init__E                              
1002ec65  ti_sysbios_knl_Queue_elemClear__E                                  
1002ec6b  ti_sysbios_knl_Swi_startup__E                                      
1002ec71  ti_sysbios_knl_Task_enable__E                                      
1002ec77  ti_sysbios_BIOS_RtsGateProxy_enter__E                              
1002ec7b  ti_sysbios_BIOS_RtsGateProxy_leave__E                              
1002ec7f  ti_sysbios_family_arm_cc26xx_Timer_getExpiredTicks__E              
1002ec83  ti_sysbios_family_arm_cc26xx_Timer_getPeriod__E                    
1002ec87  ti_sysbios_family_arm_cc26xx_Timer_setPeriod__E                    
1002ec8b  ti_sysbios_family_arm_m3_Hwi_delete                                
1002ec8f  ti_sysbios_family_arm_m3_TaskSupport_Module__startupDone__S        
1002ec8f  ti_sysbios_knl_Task_SupportProxy_Module__startupDone__S            
1002ec93  ti_sysbios_gates_GateHwi_query__E                                  
1002ec93  xdc_runtime_Main_Module_GateProxy_query__E                         
1002ec93  xdc_runtime_System_Module_GateProxy_query__E                       
1002ec93  xdc_runtime_System_Module_GateProxy_query__E                       
1002ec97  ti_sysbios_gates_GateMutex_delete                                  
1002ec9b  ti_sysbios_BIOS_RtsGateProxy_query__E                              
1002ec9b  ti_sysbios_BIOS_RtsGateProxy_query__E                              
1002ec9b  ti_sysbios_gates_GateMutex_query__E                                
1002ec9b  ti_sysbios_heaps_HeapMem_Module_GateProxy_query__E                 
1002ec9b  ti_sysbios_heaps_HeapMem_Module_GateProxy_query__E                 
1002ec9f  ti_sysbios_hal_Hwi_HwiProxy_create                                 
1002eca3  ti_sysbios_hal_Hwi_HwiProxy_delete                                 
1002eca7  ti_sysbios_hal_Hwi_delete                                          
1002ecab  ti_sysbios_heaps_HeapMem_Module_GateProxy_enter__E                 
1002ecaf  ti_sysbios_heaps_HeapMem_Module_GateProxy_leave__E                 
1002ecb3  ti_sysbios_knl_Clock_TimerProxy_getExpiredTicks__E                 
1002ecb7  ti_sysbios_knl_Clock_TimerProxy_getPeriod__E                       
1002ecbb  ti_sysbios_knl_Clock_delete                                        
1002ecbf  ti_sysbios_knl_Clock_removeI__E                                    
1002ecc3  ti_sysbios_knl_Clock_setTimeout__E                                 
1002ecc7  ti_sysbios_knl_Event_delete                                        
1002eccb  ti_sysbios_knl_Mailbox_delete                                      
1002eccf  ti_sysbios_knl_Queue_delete                                        
1002ecd3  ti_sysbios_knl_Queue_head__E                                       
1002ecd7  ti_sysbios_knl_Queue_next__E                                       
1002ecdb  ti_sysbios_knl_Semaphore_delete                                    
1002ecdf  ti_sysbios_knl_Swi_delete                                          
1002ece3  ti_sysbios_knl_Swi_postInit__I                                     
1002ece7  ti_sysbios_knl_Task_delete                                         
1002eceb  ti_sysbios_knl_Task_startup__E                                     
1002ecf1  xdc_runtime_System_doPrint__I                                      
1002f055  xdc_runtime_Startup_startMods__I                                   
1002f15d  xdc_runtime_Text_putSite__E                                        
1002f1f7  xdc_runtime_Error_policySpin__E                                    
1002f1f9  xdc_runtime_Text_putMod__E                                         
1002f289  xdc_runtime_Memory_alloc__E                                        
1002f2f9  xdc_runtime_Core_createObject__I                                   
1002f367  xdc_runtime_Core_deleteObject__I                                   
1002f3c5  xdc_runtime_Text_putLab__E                                         
1002f421  xdc_runtime_Assert_raise__I                                        
1002f475  xdc_runtime_Startup_exec__E                                        
1002f4c9  xdc_runtime_Core_assignParams__I                                   
1002f511  xdc_runtime_Core_constructObject__I                                
1002f559  xdc_runtime_System_atexit__E                                       
1002f5a1  xdc_runtime_Text_xprintf__I                                        
1002f5e5  xdc_runtime_System_processAtExit__E                                
1002f625  xdc_runtime_System_putchar__I                                      
1002f659  xdc_runtime_Core_assignLabel__I                                    
1002f689  xdc_runtime_Text_printVisFxn__I                                    
1002f6b9  xdc_runtime_System_vprintf__E                                      
1002f6e5  xdc_runtime_Text_cordText__E                                       
1002f711  xdc_runtime_System_abort__E                                        
1002f739  xdc_runtime_Error_raiseX__E                                        
1002f759  xdc_runtime_Registry_findById__E                                   
1002f779  xdc_runtime_Error_check__E                                         
1002f795  xdc_runtime_Memory_valloc__E                                       
1002f7b1  xdc_runtime_System_exit__E                                         
1002f7cd  xdc_runtime_Text_ropeText__E                                       
1002f7e9  xdc_runtime_System_printf__E                                       
1002f803  xdc_runtime_Core_destructObject__I                                 
1002f81b  xdc_runtime_System_abortSpin__E                                    
1002f81d  xdc_runtime_Memory_free__E                                         
1002f831  xdc_runtime_Memory_getStats__E                                     
1002f845  xdc_runtime_SysCallback_abort__E                                   
1002f845  xdc_runtime_System_SupportProxy_abort__E                           
1002f859  xdc_runtime_SysCallback_exit__E                                    
1002f859  xdc_runtime_System_SupportProxy_exit__E                            
1002f86d  xdc_runtime_SysCallback_flush__E                                   
1002f86d  xdc_runtime_System_SupportProxy_flush__E                           
1002f86d  xdc_runtime_System_flush__E                                        
1002f881  xdc_runtime_SysCallback_putch__E                                   
1002f881  xdc_runtime_System_SupportProxy_putch__E                           
1002f895  xdc_runtime_SysCallback_ready__E                                   
1002f895  xdc_runtime_System_SupportProxy_ready__E                           
1002f8a9  xdc_runtime_Memory_getMaxDefaultTypeAlign__E                       
1002f8b9  xdc_runtime_System_vsnprintf__E                                    
1002f8c9  xdc_runtime_Timestamp_SupportProxy_get32__E                        
1002f8c9  xdc_runtime_Timestamp_SupportProxy_get32__E                        
1002f8c9  xdc_runtime_Timestamp_get32__E                                     
1002f8c9  xdc_runtime_Timestamp_get32__E                                     
1002f8d9  xdc_runtime_Memory_calloc__E                                       
1002f8e5  xdc_runtime_Startup_rtsDone__E                                     
1002f8f1  xdc_runtime_Memory_HeapProxy_alloc__E                              
1002f8fb  xdc_runtime_Memory_HeapProxy_free__E                               
1002f905  xdc_runtime_Memory_HeapProxy_getStats__E                           
1002f90f  xdc_runtime_Gate_leaveSystem__E                                    
1002f915  xdc_runtime_System_Module_startup__E                               
1002f91b  xdc_runtime_Gate_enterSystem__E                                    
1002f91f  xdc_runtime_SysCallback_Module__startupDone__S                     
1002f91f  xdc_runtime_System_SupportProxy_Module__startupDone__S             
1002f923  xdc_runtime_System_Module_GateProxy_enter__E                       
1002f927  xdc_runtime_System_Module_GateProxy_leave__E                       
1002f92b  xdc_runtime_System_printf_va__F                                    
1002f92f  xdc_runtime_System_exitSpin__E                                     
1002f931  ti_sysbios_family_arm_m3_Hwi_dispatch__I                           
1002fa11  ti_sysbios_family_arm_m3_Hwi_interruptsAreDisabledButShouldNotBe   
1002fa2d  ti_sysbios_family_arm_m3_TaskSupport_buildTaskStack                
1002fab9  ti_sysbios_family_arm_m3_Hwi_initStacks__E                         
1002fb11  ti_sysbios_family_arm_m3_Hwi_pendSV__I                             
1002fb35  ti_sysbios_family_arm_m3_Hwi_return                                
1002fb39  ti_sysbios_family_arm_m3_Hwi_excHandlerAsm__I                      
1002fb59  ti_sysbios_family_xxx_Hwi_switchAndRunFunc                         
1002fb77  ti_sysbios_family_arm_m3_TaskSupport_swap__E                       
1002fb77  ti_sysbios_knl_Task_SupportProxy_swap__E                           
1002fb77  ti_sysbios_knl_Task_SupportProxy_swap__E                           
1002fb83  ti_sysbios_knl_Task_swapReturn                                     
1002fb8f  ti_sysbios_family_arm_m3_TaskSupport_glue                          
1002fba0  ti_sysbios_knl_Task_Object__PARAMS__C                              
1002fbdc  ti_sysbios_knl_Mailbox_Object__PARAMS__C                           
1002fc10  ti_sysbios_family_arm_m3_Hwi_Object__PARAMS__C                     
1002fc40  ti_sysbios_hal_Hwi_Object__PARAMS__C                               
1002fc6c  ti_sysbios_knl_Swi_Object__PARAMS__C                               
1002fc94  ti_sysbios_heaps_HeapMem_Object__PARAMS__C                         
1002fcb8  ti_sysbios_knl_Clock_Object__PARAMS__C                             
1002fcdc  ti_sysbios_knl_Semaphore_Object__PARAMS__C                         
1002fd00  ti_sysbios_gates_GateHwi_Object__PARAMS__C                         
1002fd18  ti_sysbios_gates_GateMutex_Object__PARAMS__C                       
1002fd30  ti_sysbios_knl_Event_Object__PARAMS__C                             
1002fd48  ti_sysbios_knl_Queue_Object__PARAMS__C                             
1002fd80  ti_sysbios_heaps_HeapTrack_Object__PARAMS__C                       
1002fd9c  ti_sysbios_heaps_HeapTrack_Instance_State_trackQueue__O            
1002fda0  ti_sysbios_heaps_HeapTrack_Module__diagsEnabled__C                 
1002fda4  ti_sysbios_heaps_HeapTrack_Module__diagsIncluded__C                
1002fda8  ti_sysbios_heaps_HeapTrack_Module__diagsMask__C                    
1002fddb  strlen                                                             
20000000  __start___llvm_prf_cnts                                            
20000000  __stop___llvm_prf_cnts                                             
20000000  ti_sysbios_family_arm_m3_Hwi_ramVectors                            
20000100  xdcRomConstPtr                                                     
20000104  xdcRomExternFuncPtr                                                
20000108  xdcRomStatePtr                                                     
20000510  ti_sysbios_knl_Task_Instance_State_0_stack__A                      
20000710  uartCC26XXObjects                                                  
200008cc  i2cCC26xxObjects                                                   
20000a18  spiCC26X2DMAObjects                                                
20000b28  ti_sysbios_family_arm_m3_Hwi_dispatchTable                         
20000c00  pinHandleTable                                                     
20000d68  i2cTransaction                                                     
20000d88  spiParams                                                          
20000da8  udmaCC26XXObject                                                   
20000de4  spiTransaction                                                     
20000dfc  i2cParams                                                          
20000e0c  receiveBuffer                                                      
20000e1c  transmitBuffer                                                     
20000e38  displayUartObject                                                  
20000e4c  rxBuffer                                                           
20000e54  txBuffer                                                           
20000e70  PowerCC26XX_swiKey                                                 
20000e74  PowerCC26XX_taskKey                                                
20000e78  displayHandle                                                      
20000e7c  i2c                                                                
20000e80  spiHandle                                                          
20000ea0  driverlib_release_0_60278                                          
20000ea1  transferOK                                                         
20000ea8  PowerCC26X2_module                                                 
20001018  ROM_stateStruct                                                    
20001018  ti_sysbios_knl_Clock_Module__state__V                              
20001044  ti_sysbios_family_arm_cc26xx_TimestampProvider_Module__state__V    
20001048  xdc_runtime_Startup_Module__state__V                               
20001050  xdc_runtime_Registry_Module__state__V                              
20001058  ti_sysbios_BIOS_Module__state__V                                   
2000107c  ti_sysbios_knl_Swi_Module__state__V                                
20001098  ti_sysbios_knl_Task_Module__state__V                               
200010dc  xdc_runtime_Memory_Module__state__V                                
200010e0  xdc_runtime_System_Module__state__V                                
200010e8  ti_sysbios_family_arm_m3_Hwi_Module__state__V                      
2000111c  ti_sysbios_family_arm_cc26xx_Timer_Module__state__V                
200011d8  ti_sysbios_knl_Task_Object__table__V                               
20001228  ti_sysbios_family_arm_cc26xx_Timer_Object__table__V                
20001270  ti_sysbios_gates_GateMutex_Object__table__V                        
200012a8  ti_sysbios_knl_Swi_Module_State_0_readyQ__A                        
200012d8  ti_sysbios_knl_Swi_Object__table__V                                
20001308  ti_sysbios_knl_Task_Module_State_0_readyQ__A                       
20001338  _hposcCoeffs                                                       
2000135c  ti_sysbios_knl_Clock_Object__table__V                              
2000137c  xdc_runtime_Error_IgnoreBlock                                      
2000139c  ti_sysbios_family_arm_m3_Hwi_Object__table__V                      
200013b4  ti_sysbios_heaps_HeapMem_Object__table__V                          
200013cc  gpioCallbackFunctions                                              
200013e0  gpioPinConfigs                                                     
200013f4  _mode                                                              
200013f6  _gain                                                              
200013f8  _sampleRate                                                        
200013fc  _multiplierToVolts                                                 
20001400  _lock                                                              
20001404  _unlock                                                            
20001408  pinUpperBound                                                      
2000140c  pinLowerBound                                                      
20001410  ti_sysbios_family_arm_m3_Hwi_Module__root__V                       
20001418  ti_sysbios_gates_GateHwi_Module__root__V                           
20001420  ti_sysbios_gates_GateMutex_Module__root__V                         
20001428  ti_sysbios_hal_Hwi_Module__root__V                                 
20001430  ti_sysbios_heaps_HeapMem_Module__root__V                           
20001438  ti_sysbios_knl_Clock_Module__root__V                               
20001440  ti_sysbios_knl_Event_Module__root__V                               
20001448  ti_sysbios_knl_Mailbox_Module__root__V                             
20001450  ti_sysbios_knl_Queue_Module__root__V                               
20001458  ti_sysbios_knl_Semaphore_Module__root__V                           
20001460  ti_sysbios_knl_Swi_Module__root__V                                 
20001468  ti_sysbios_knl_Task_Module__root__V                                
20001470  xdc_runtime_System_Module_State_0_atexitHandlers__A                
2000147e  ti_sysbios_family_arm_m3_Hwi_Module_State_0_excActive__A           
20001480  main_func_sp                                                       
20001484  ti_sysbios_family_arm_m3_Hwi_Module_State_0_excContext__A          
20001488  ti_sysbios_family_arm_m3_Hwi_Module_State_0_excStack__A            
2000148c  ti_sysbios_knl_Task_Module_State_0_idleTask__A                     
20001b20  __primary_heap_start__                                             
20005b20  __primary_heap_end__                                               
20013c00  __stack                                                            
20014000  __STACK_END                                                        
e000e000  ti_sysbios_family_arm_m3_Hwi_nvic                                  
ffffffff  __TI_pprof_out_hndl                                                
ffffffff  __TI_prof_data_size                                                
ffffffff  __TI_prof_data_start                                               
ffffffff  __binit__                                                          
ffffffff  __c_args__                                                         
ffffffff  binit                                                              
UNDEFED   ITM_flush                                                          
UNDEFED   ITM_restore                                                        
UNDEFED   SHT$$INIT_ARRAY$$Base                                              
UNDEFED   SHT$$INIT_ARRAY$$Limit                                             

[954 symbols]
