******************************************************************************
                  TI ARM Linker PC v20.2.1                     
******************************************************************************
>> Linked Thu Jun 15 17:24:12 2023

OUTPUT FILE NAME:   <DisplayBLE_node.out>
ENTRY POINT SYMBOL: "ResetISR"  address: 00015595


MEMORY CONFIGURATION

         name            origin    length      used     unused   attr    fill
----------------------  --------  ---------  --------  --------  ----  --------
  FLASH                 00000000   00056000  00022324  00033cdc  R  X
  FLASH_LAST_PAGE       00056000   00002000  00000058  00001fa8  R  X
  RTOS_SRAM             20000000   0000012c  000000e4  00000048  RW X
  SRAM                  20000fdf   00013021  00003ad2  0000f54f  RW X


SEGMENT ALLOCATION MAP

run origin  load origin   length   init length attrs members
----------  ----------- ---------- ----------- ----- -------
00000000    00000000    0001e328   0001e328    r-x
  00000000    00000000    0000003c   0000003c    r-- .resetVecs
  0000003c    0000003c    0001b574   0001b574    r-x .text
  0001b5b0    0001b5b0    00002568   00002568    r-- .const
  0001db18    0001db18    00000144   00000144    r-- .rodata
  0001dc60    0001dc60    000006c8   000006c8    r-- .cinit
00048000    00048000    00004000   00000000    rw-
  00048000    00048000    00004000   00000000    rw- .TI.bound:flashBuf0
00057fa8    00057fa8    00000058   00000058    r--
  00057fa8    00057fa8    00000058   00000058    r-- .ccfg
20000100    20000100    0000000c   00000000    rw-
  20000100    20000100    00000004   00000000    rw- .data:xdcRomConstPtr
  20000104    20000104    00000004   00000000    rw- .data:xdcRomExternFuncPtr
  20000108    20000108    00000004   00000000    rw- .data:xdcRomStatePtr
20001830    20001830    00000010   00000000    rw-
  20001830    20001830    00000010   00000000    rw- .TI.bound:dmaSpi0RxControlTableEntry
20001840    20001840    00000010   00000000    rw-
  20001840    20001840    00000010   00000000    rw- .TI.bound:dmaSpi0TxControlTableEntry
20001900    20001900    00000010   00000000    rw-
  20001900    20001900    00000010   00000000    rw- .TI.bound:dmaSpi1RxControlTableEntry
20001910    20001910    00000010   00000000    rw-
  20001910    20001910    00000010   00000000    rw- .TI.bound:dmaSpi1TxControlTableEntry
20001a30    20001a30    00000010   00000000    rw-
  20001a30    20001a30    00000010   00000000    rw- .TI.bound:dmaSpi0RxAltControlTableEntry
20001a40    20001a40    00000010   00000000    rw-
  20001a40    20001a40    00000010   00000000    rw- .TI.bound:dmaSpi0TxAltControlTableEntry
20001b00    20001b00    00000010   00000000    rw-
  20001b00    20001b00    00000010   00000000    rw- .TI.bound:dmaSpi1RxAltControlTableEntry
20001b10    20001b10    00003662   00000000    rw-
  20001b10    20001b10    00000010   00000000    rw- .TI.bound:dmaSpi1TxAltControlTableEntry
  20001b20    20001b20    00001adb   00000000    rw- .data
  20003600    20003600    00001b72   00000000    rw- .bss
20013c00    20013c00    00000400   00000000    rw-
  20013c00    20013c00    00000400   00000000    rw- .stack


SECTION ALLOCATION MAP

 output                                  attributes/
section   page    origin      length       input sections
--------  ----  ----------  ----------   ----------------
.cinit     0    0001dc60    000006c8     
                  0001dc60    000005ed     (.cinit..data.load) [load image, compression = lzss]
                  0001e24d    00000003     --HOLE-- [fill = 0]
                  0001e250    0000000c     (__TI_handler_table)
                  0001e25c    00000004     --HOLE-- [fill = 0]
                  0001e260    00000008     (.cinit..TI.bound:dmaSpi0RxAltControlTableEntry.load) [load image, compression = zero_init]
                  0001e268    00000008     (.cinit..TI.bound:dmaSpi0RxControlTableEntry.load) [load image, compression = zero_init]
                  0001e270    00000008     (.cinit..TI.bound:dmaSpi0TxAltControlTableEntry.load) [load image, compression = zero_init]
                  0001e278    00000008     (.cinit..TI.bound:dmaSpi0TxControlTableEntry.load) [load image, compression = zero_init]
                  0001e280    00000008     (.cinit..TI.bound:dmaSpi1RxAltControlTableEntry.load) [load image, compression = zero_init]
                  0001e288    00000008     (.cinit..TI.bound:dmaSpi1RxControlTableEntry.load) [load image, compression = zero_init]
                  0001e290    00000008     (.cinit..TI.bound:dmaSpi1TxAltControlTableEntry.load) [load image, compression = zero_init]
                  0001e298    00000008     (.cinit..TI.bound:dmaSpi1TxControlTableEntry.load) [load image, compression = zero_init]
                  0001e2a0    00000008     (.cinit..bss.load) [load image, compression = zero_init]
                  0001e2a8    00000008     (.cinit..data:xdcRomConstPtr.load) [load image, compression = lzss]
                  0001e2b0    00000008     (.cinit..data:xdcRomExternFuncPtr.load) [load image, compression = lzss]
                  0001e2b8    00000008     (.cinit..data:xdcRomStatePtr.load) [load image, compression = lzss]
                  0001e2c0    00000068     (__TI_cinit_table)

.init_array 
*          0    00000000    00000000     UNINITIALIZED

.ccfg      0    00057fa8    00000058     
                  00057fa8    00000058     ti_devices_config.obj (.ccfg:retain)

.data:xdcRomConstPtr 
*          0    20000100    00000004     UNINITIALIZED
                  20000100    00000004     simple_peripheral_app_pem4f.oem4f (.data:xdcRomConstPtr)

.data:xdcRomExternFuncPtr 
*          0    20000104    00000004     UNINITIALIZED
                  20000104    00000004     simple_peripheral_app_pem4f.oem4f (.data:xdcRomExternFuncPtr)

.data:xdcRomStatePtr 
*          0    20000108    00000004     UNINITIALIZED
                  20000108    00000004     simple_peripheral_app_pem4f.oem4f (.data:xdcRomStatePtr)

.TI.bound:dmaSpi0RxControlTableEntry 
*          0    20001830    00000010     UNINITIALIZED
                  20001830    00000010     drivers_cc26x2.a : SPICC26X2DMA.oem4f (.TI.bound:dmaSpi0RxControlTableEntry)

.TI.bound:dmaSpi1RxControlTableEntry 
*          0    20001900    00000010     UNINITIALIZED
                  20001900    00000010     drivers_cc26x2.a : SPICC26X2DMA.oem4f (.TI.bound:dmaSpi1RxControlTableEntry)

.TI.bound:dmaSpi0RxAltControlTableEntry 
*          0    20001a30    00000010     UNINITIALIZED
                  20001a30    00000010     drivers_cc26x2.a : SPICC26X2DMA.oem4f (.TI.bound:dmaSpi0RxAltControlTableEntry)

.TI.bound:dmaSpi1RxAltControlTableEntry 
*          0    20001b00    00000010     UNINITIALIZED
                  20001b00    00000010     drivers_cc26x2.a : SPICC26X2DMA.oem4f (.TI.bound:dmaSpi1RxAltControlTableEntry)

.data      0    20001b20    00001adb     UNINITIALIZED
                  20001b20    00000628     simple_peripheral.obj (.data:$O2$$)
                  20002148    00000508     rf_multiMode_cc26x2.a : RFCC26X2_multiMode.c.cc26x2.ccs.o (.data:$O1$$)
                  20002650    000001d4     devinfoservice.obj (.data:$O9$$)
                  20002824    00000170     drivers_cc26x2.a : PowerCC26X2.oem4f (.data:PowerCC26X2_module)
                  20002994    00000124     simple_gatt_profile.obj (.data:$O11$$)
                  20002ab8    0000010c     simple_peripheral_app_pem4f.oem4f (.data:ROM_stateStruct)
                  20002bc4    000000f8     StackWrapper.a : gapbondmgr.o (.data)
                  20002cbc    000000b4     rom_sysbios.aem4f : rom_sysbios.obj (.data:$O1$$)
                  20002d70    000000b0     OneLib.a : gapgattserver.o (.data)
                  20002e20    0000009c     icall.obj (.data:$O12$$)
                  20002ebc    00000094     ti_ble_config.obj (.data:$O1$$)
                  20002f50    00000064     OneLib.a : ll_config.o (.data)
                  20002fb4    00000060     nvocmp.obj (.data:$O4$$)
                  20003014    00000054     ti_radio_config.obj (.data:pOverrides_bleCommon)
                  20003068    00000050     ti_radio_config.obj (.data:txPowerTable_2400_pa5)
                  200030b8    0000004c     simple_peripheral_app_pem4f.oem4f (.data:ti_sysbios_knl_Task_Object__table__V)
                  20003104    00000004     OneLib.a : ll_slave_end_causes.o (.data)
                  20003108    00000048     simple_peripheral_app_pem4f.oem4f (.data:ti_sysbios_family_arm_cc26xx_Timer_Object__table__V)
                  20003150    00000040     OneLib.a : gattservapp.o (.data)
                  20003190    00000040              : sm_pairing.o (.data)
                  200031d0    00000040     ble_user_config.obj (.data:eccParams_NISTP256)
                  20003210    0000003c     icall_user_config.obj (.data:nvintfFncStruct)
                  2000324c    00000038     simple_peripheral_app_pem4f.oem4f (.data:ti_sysbios_gates_GateMutex_Object__table__V)
                  20003284    00000030     simple_peripheral_app_pem4f.oem4f (.data:ti_sysbios_knl_Swi_Module_State_0_readyQ__A)
                  200032b4    00000030     simple_peripheral_app_pem4f.oem4f (.data:ti_sysbios_knl_Swi_Object__table__V)
                  200032e4    00000030     simple_peripheral_app_pem4f.oem4f (.data:ti_sysbios_knl_Task_Module_State_0_readyQ__A)
                  20003314    00000024     driverlib.lib : osc.obj (.data:$O19$$)
                  20003338    00000024     ti_drivers_config.obj (.data:gpioCallbackFunctions)
                  2000335c    00000024     ti_drivers_config.obj (.data:gpioPinConfigs)
                  20003380    00000020     drivers_cc26x2.a : TRNGCC26XX.oem4f (.data:entropyPoolBuffer)
                  200033a0    00000020     simple_peripheral_app_pem4f.oem4f (.data:ti_sysbios_knl_Clock_Object__table__V)
                  200033c0    00000020     simple_peripheral_app_pem4f.oem4f (.data:xdc_runtime_Error_IgnoreBlock)
                  200033e0    00000018     simple_peripheral_app_pem4f.oem4f (.data:ti_sysbios_family_arm_m3_Hwi_Object__table__V)
                  200033f8    00000014     StackWrapper.a : osal.o (.data)
                  2000340c    00000011     simple_gatt_profile.obj (.data:simpleProfileChar1UserDesp$17)
                  2000341d    00000011     simple_gatt_profile.obj (.data:simpleProfileChar2UserDesp$17)
                  2000342e    00000011     simple_gatt_profile.obj (.data:simpleProfileChar3UserDesp$17)
                  2000343f    00000011     simple_gatt_profile.obj (.data:simpleProfileChar4UserDesp$17)
                  20003450    00000011     simple_gatt_profile.obj (.data:simpleProfileChar5UserDesp$17)
                  20003461    00000001     OneLib.a : gapgattserver.o (.data)
                  20003462    00000002              : ll.o (.data)
                  20003464    00000010              : gattservapp.o (.data)
                  20003474    00000010              : ll.o (.data)
                  20003484    00000010              : ll_data.o (.data)
                  20003494    00000010     icall_user_config.obj (.data:bleAppServiceInfoTable)
                  200034a4    00000010     ti_radio_config.obj (.data:pOverrides_ble2Mbps)
                  200034b4    00000010     ti_radio_config.obj (.data:pOverrides_bleCoded)
                  200034c4    00000010     main.obj (.data:user0Cfg)
                  200034d4    0000000c     ti_radio_config.obj (.data:pOverrides_ble1Mbps)
                  200034e0    0000000c     simple_peripheral_app_pem4f.oem4f (.data:ti_sysbios_heaps_HeapCallback_Object__table__V)
                  200034ec    00000009     devinfoservice.obj (.data)
                  200034f5    00000001     OneLib.a : gapgattserver.o (.data)
                  200034f6    00000002              : ll_config.o (.data)
                  200034f8    00000008     icall_cc2650.obj (.data:$O14$$)
                  20003500    00000008     ble_user_config.obj (.data:$O15$$)
                  20003508    00000008     icall_api_lite.obj (.data:$O16$$)
                  20003510    00000008     rtsv7M4_T_le_v4SPD16_eabi.lib : _lock.c.obj (.data:$O22$$)
                  20003518    00000008     OneLib.a : gapgattserver.o (.data)
                  20003520    00000008     rf_multiMode_cc26x2.a : RFCC26X2_multiMode.c.cc26x2.ccs.o (.data:RFCC26XX_schedulerPolicy)
                  20003528    00000008     drivers_cc26x2.a : PINCC26XX.oem4f (.data)
                  20003530    00000008     icall_api_lite.obj (.data)
                  20003538    00000008     drivers_cc26x2.a : TRNGCC26XX.oem4f (.data:jobList)
                  20003540    00000008     simple_peripheral_app_pem4f.oem4f (.data:ti_sysbios_family_arm_m3_Hwi_Module__root__V)
                  20003548    00000008     simple_peripheral_app_pem4f.oem4f (.data:ti_sysbios_gates_GateHwi_Module__root__V)
                  20003550    00000008     simple_peripheral_app_pem4f.oem4f (.data:ti_sysbios_gates_GateMutexPri_Module__root__V)
                  20003558    00000008     simple_peripheral_app_pem4f.oem4f (.data:ti_sysbios_gates_GateMutex_Module__root__V)
                  20003560    00000008     simple_peripheral_app_pem4f.oem4f (.data:ti_sysbios_hal_Hwi_Module__root__V)
                  20003568    00000008     simple_peripheral_app_pem4f.oem4f (.data:ti_sysbios_heaps_HeapCallback_Module__root__V)
                  20003570    00000008     simple_peripheral_app_pem4f.oem4f (.data:ti_sysbios_heaps_HeapMem_Module__root__V)
                  20003578    00000008     simple_peripheral_app_pem4f.oem4f (.data:ti_sysbios_knl_Clock_Module__root__V)
                  20003580    00000008     simple_peripheral_app_pem4f.oem4f (.data:ti_sysbios_knl_Event_Module__root__V)
                  20003588    00000008     simple_peripheral_app_pem4f.oem4f (.data:ti_sysbios_knl_Mailbox_Module__root__V)
                  20003590    00000008     simple_peripheral_app_pem4f.oem4f (.data:ti_sysbios_knl_Queue_Module__root__V)
                  20003598    00000008     simple_peripheral_app_pem4f.oem4f (.data:ti_sysbios_knl_Semaphore_Module__root__V)
                  200035a0    00000008     simple_peripheral_app_pem4f.oem4f (.data:ti_sysbios_knl_Swi_Module__root__V)
                  200035a8    00000008     simple_peripheral_app_pem4f.oem4f (.data:ti_sysbios_knl_Task_Module__root__V)
                  200035b0    00000005     drivers_cc26x2.a : GPIOCC26XX.oem4f (.data)
                  200035b5    00000005     simple_gatt_profile.obj (.data)
                  200035ba    00000002     StackWrapper.a : osal_cbtimer.o (.data)
                  200035bc    00000004                    : hal_assert.o (.data)
                  200035c0    00000004     ble_user_config_stack.obj (.data)
                  200035c4    00000004     drivers_cc26x2.a : GPIOCC26XX.oem4f (.data:gpioPinTable)
                  200035c8    00000004     rtsv7M4_T_le_v4SPD16_eabi.lib : stkdepth_vars.c.obj (.data)
                  200035cc    00000004     simple_peripheral_app_pem4f.oem4f (.data:ti_sysbios_family_arm_m3_Hwi_Module_State_0_excContext__A)
                  200035d0    00000004     simple_peripheral_app_pem4f.oem4f (.data:ti_sysbios_family_arm_m3_Hwi_Module_State_0_excStack__A)
                  200035d4    00000004     simple_peripheral_app_pem4f.oem4f (.data:ti_sysbios_knl_Task_Module_State_0_idleTask__A)
                  200035d8    00000002     display.a : SharpGrLib.oem4f (.data)
                  200035da    00000002     drivers_cc26x2.a : CryptoResourceCC26XX.oem4f (.data)
                  200035dc    00000002                      : PKAResourceCC26XX.oem4f (.data)
                  200035de    00000002                      : TRNGCC26XX.oem4f (.data)
                  200035e0    00000002     simple_peripheral_app_pem4f.oem4f (.data:ti_sysbios_family_arm_m3_Hwi_Module_State_0_excActive__A)
                  200035e2    00000001     OneLib.a : gapgattserver.o (.data)
                  200035e3    00000001              : gapgattserver.o (.data)
                  200035e4    00000001              : gapgattserver.o (.data)
                  200035e5    00000001              : gapgattserver.o (.data)
                  200035e6    00000001              : gattservapp.o (.data)
                  200035e7    00000001              : gattservapp.o (.data)
                  200035e8    00000001              : ll.o (.data)
                  200035e9    00000001              : ll_ae.o (.data)
                  200035ea    00000001              : ll_data.o (.data)
                  200035eb    00000001              : ll_scheduler.o (.data)
                  200035ec    00000001              : sm_task.o (.data)
                  200035ed    00000001     StackWrapper.a : gap.o (.data)
                  200035ee    00000001                    : gap.o (.data)
                  200035ef    00000001                    : hal_assert.o (.data)
                  200035f0    00000001     simple_peripheral.obj (.data:argPeriodic)
                  200035f1    00000001     simple_peripheral.obj (.data:argRpaRead)
                  200035f2    00000001     drivers_cc26x2.a : AESCCMCC26XX.oem4f (.data)
                  200035f3    00000001                      : AESCTRCC26XX.oem4f (.data)
                  200035f4    00000001                      : AESCTRDRBGXX.oem4f (.data)
                  200035f5    00000001                      : AESECBCC26XX.oem4f (.data)
                  200035f6    00000001                      : ECDHCC26X2.oem4f (.data)
                  200035f7    00000001                      : NVS.oem4f (.data)
                  200035f8    00000001                      : SPI.oem4f (.data)
                  200035f9    00000001                      : UART.oem4f (.data)
                  200035fa    00000001     rf_multiMode_cc26x2.a : rf_patch_cpe_bt5.c.cc26x2.ccs.o (.data)

.bss       0    20003600    00001b72     UNINITIALIZED
                  20003600    00000800     ti_drivers_config.obj (.bss:displayLCDBuffer)
                  20003e00    00000400     ti_drivers_config.obj (.bss:displayUARTBuffer)
                  20004200    00000300     simple_peripheral_app_pem4f.oem4f (.bss:taskStackSection)
                  20004500    00000220     (.common:spiCC26X2DMAObjects)
                  20004720    000001bc     (.common:uartCC26XXObjects)
                  200048dc    000000d8     (.common:ti_sysbios_family_arm_m3_Hwi_dispatchTable)
                  200049b4    00000084     (.common:trngCC26XXObjects)
                  20004a38    0000007c     (.common:pinHandleTable)
                  20004ab4    00000078     StackWrapper.a : osal_cbtimer.o (.bss)
                  20004b2c    00000058     (.common:aesctrdrbgXXObjects)
                  20004b84    00000050     drivers_cc26x2.a : PINCC26XX.oem4f (.bss:pinSemaphore)
                  20004bd4    00000050     (.common:CryptoResourceCC26XX_accessSemaphore)
                  20004c24    00000050     (.common:CryptoResourceCC26XX_operationSemaphore)
                  20004c74    00000050     (.common:PKAResourceCC26XX_accessSemaphore)
                  20004cc4    00000050     (.common:PKAResourceCC26XX_operationSemaphore)
                  20004d14    00000044     (.common:displayLcdObject)
                  20004d58    0000003c     StackWrapper.a : osal_snv_wrapper.o (.bss)
                  20004d94    0000003c     drivers_cc26x2.a : PINCC26XX.oem4f (.bss:pinSwi)
                  20004dd0    0000002c     mcp.obj (.bss:$O18$$)
                  20004dfc    00000024     OneLib.a : ll.o (.bss)
                  20004e20    00000020              : gattservapp.o (.bss)
                  20004e40    00000020     StackWrapper.a : gapbondmgr.o (.bss)
                  20004e60    00000020                    : gapbondmgr.o (.bss)
                  20004e80    00000020     drivers_cc26x2.a : GPIOCC26XX.oem4f (.bss:gpioCallbackInfo)
                  20004ea0    00000020                      : PINCC26XX.oem4f (.bss:pinGpioConfigTable)
                  20004ec0    00000020     ti_drivers_config.obj (.bss:uartCC26XXRingBuffer0)
                  20004ee0    00000020     (.common:ecdhCC26X2Objects)
                  20004f00    00000020     (.common:udmaCC26XXObject)
                  20004f20    0000001c     drivers_cc26x2.a : TRNGCC26XX.oem4f (.bss:TRNGCC26XX_hwi)
                  20004f3c    0000001c                      : TRNGCC26XX.oem4f (.bss:entropyPool)
                  20004f58    0000001c                      : PINCC26XX.oem4f (.bss:pinHwi)
                  20004f74    0000001c     (.common:CryptoResourceCC26XX_hwi)
                  20004f90    0000001c     (.common:PKAResourceCC26XX_hwi)
                  20004fac    00000018     OneLib.a : gapgattserver.o (.bss)
                  20004fc4    00000018              : ll_common.o (.bss)
                  20004fdc    00000018     display.a : SharpGrLib.oem4f (.bss:spiTrans)
                  20004ff4    00000018     (.common:aesccmCC26XXObjects)
                  2000500c    00000018     (.common:aesctrCC26XXObjects)
                  20005024    00000018     (.common:aesecbCC26XXObjects)
                  2000503c    00000014     rf_multiMode_cc26x2.a : RFCC26X2_multiMode.c.cc26x2.ccs.o (.bss:RF_ratSyncCmd)
                  20005050    00000014     drivers_cc26x2.a : Random.oem4f (.bss:state)
                  20005064    0000000c     OneLib.a : ll.o (.bss)
                  20005070    0000000c              : ll.o (.bss)
                  2000507c    0000000c              : ll_scheduler.o (.bss)
                  20005088    0000000c     drivers_cc26x2.a : NVSCC26XX.oem4f (.bss)
                  20005094    0000000c                      : GPIOCC26XX.oem4f (.bss:gpioPinState)
                  200050a0    0000000c     (.common:displayUartObject)
                  200050ac    00000008     OneLib.a : ll.o (.bss)
                  200050b4    00000008              : ll_ae.o (.bss)
                  200050bc    00000008     display.a : SharpGrLib.oem4f (.bss)
                  200050c4    00000008     drivers_cc26x2.a : GPIOCC26XX.oem4f (.bss)
                  200050cc    00000004     OneLib.a : gapgattserver.o (.bss)
                  200050d0    00000004              : gattservapp.o (.bss)
                  200050d4    00000004              : linkdb.o (.bss)
                  200050d8    00000004              : ll.o (.bss)
                  200050dc    00000004              : ll.o (.bss)
                  200050e0    00000004              : ll.o (.bss)
                  200050e4    00000004              : ll.o (.bss)
                  200050e8    00000004              : ll.o (.bss)
                  200050ec    00000004              : ll_ae.o (.bss)
                  200050f0    00000004              : ll_common.o (.bss)
                  200050f4    00000004              : ll_enc.o (.bss)
                  200050f8    00000004              : ll_privacy.o (.bss)
                  200050fc    00000004     StackWrapper.a : gapbondmgr.o (.bss)
                  20005100    00000004                    : gapbondmgr.o (.bss)
                  20005104    00000004                    : osal.o (.bss)
                  20005108    00000004                    : osal.o (.bss)
                  2000510c    00000004                    : osal.o (.bss)
                  20005110    00000004                    : osal.o (.bss)
                  20005114    00000004                    : osal.o (.bss)
                  20005118    00000004                    : osal.o (.bss)
                  2000511c    00000004                    : osal_bufmgr.o (.bss)
                  20005120    00000004                    : osal_clock.o (.bss)
                  20005124    00000004                    : osal_clock.o (.bss)
                  20005128    00000004                    : osal_timers.o (.bss)
                  2000512c    00000004                    : osal_timers.o (.bss)
                  20005130    00000004                    : osal_timers.o (.bss)
                  20005134    00000004     drivers_cc26x2.a : ECDHCC26X2.oem4f (.bss)
                  20005138    00000004                      : PINCC26XX.oem4f (.bss)
                  2000513c    00000004     mcp_hw.obj (.bss:reg$29)
                  20005140    00000004     (.common:PowerCC26XX_swiKey)
                  20005144    00000004     (.common:PowerCC26XX_taskKey)
                  20005148    00000004     (.common:nvsCC26XXObjects)
                  2000514c    00000004     (.common:tasksEvents)
                  20005150    00000002     OneLib.a : gapgattserver.o (.bss)
                  20005152    00000002              : ll.o (.bss)
                  20005154    00000002              : ll_slave_end_causes.o (.bss)
                  20005156    00000002     StackWrapper.a : osal_pwrmgr.o (.bss)
                  20005158    00000001     OneLib.a : gapgattserver.o (.bss)
                  20005159    00000001              : gattservapp.o (.bss)
                  2000515a    00000001              : hci_tl.o (.bss)
                  2000515b    00000001              : hci_tl.o (.bss)
                  2000515c    00000001              : hci_tl.o (.bss)
                  2000515d    00000001              : hci_tl.o (.bss)
                  2000515e    00000001              : hci_tl.o (.bss)
                  2000515f    00000001              : hci_tl.o (.bss)
                  20005160    00000001              : ll.o (.bss)
                  20005161    00000001              : ll.o (.bss)
                  20005162    00000001              : ll.o (.bss)
                  20005163    00000001              : ll.o (.bss)
                  20005164    00000001              : ll_ae.o (.bss)
                  20005165    00000001              : ll_config.o (.bss)
                  20005166    00000001              : ll_config.o (.bss)
                  20005167    00000001              : ll_enc.o (.bss)
                  20005168    00000001              : ll_isr.o (.bss)
                  20005169    00000001              : sm_task.o (.bss)
                  2000516a    00000001     StackWrapper.a : ble_dispatch_lite.o (.bss)
                  2000516b    00000001                    : gapbondmgr.o (.bss)
                  2000516c    00000001                    : gapbondmgr.o (.bss)
                  2000516d    00000001                    : hal_assert.o (.bss)
                  2000516e    00000001                    : osal.o (.bss)
                  2000516f    00000001                    : osal_pwrmgr.o (.bss)
                  20005170    00000001     rf_multiMode_cc26x2.a : RFCC26X2_multiMode.c.cc26x2.ccs.o (.bss)
                  20005171    00000001     (.common:driverlib_release_0_60278)

.vtable    0    20005172    00000000     UNINITIALIZED

.vtable_ram 
*          0    20005172    00000000     UNINITIALIZED

vtable_ram 
*          0    20005172    00000000     UNINITIALIZED

.sysmem    0    20005172    00000000     UNINITIALIZED

.nonretenvar 
*          0    20005172    00000000     UNINITIALIZED

.stack     0    20013c00    00000400     UNINITIALIZED
                  20013c00    00000400     --HOLE--

.bootVecs 
*          0    00000000    00000008     DSECT
                  00000000    00000008     boot.aem4f : boot.oem4f (.bootVecs)

.resetVecs 
*          0    00000000    0000003c     
                  00000000    0000003c     simple_peripheral_app_pem4f.oem4f (.resetVecs)

.vecs      0    20000000    000000d8     NOLOAD SECTION
                  20000000    000000d8     simple_peripheral_app_pem4f.oem4f (.vecs)

xdc.meta   0    00000000    000000f4     COPY SECTION
                  00000000    000000f4     simple_peripheral_app_pem4f.oem4f (xdc.meta)

xdc.noload 
*          0    00000000    00000000     COPY SECTION

.TI.bound:flashBuf0 
*          0    00048000    00004000     UNINITIALIZED
                  00048000    00004000     ti_drivers_config.obj (.TI.bound:flashBuf0)

.TI.bound:dmaSpi0TxControlTableEntry 
*          0    20001840    00000010     UNINITIALIZED
                  20001840    00000010     drivers_cc26x2.a : SPICC26X2DMA.oem4f (.TI.bound:dmaSpi0TxControlTableEntry)

.TI.bound:dmaSpi1TxControlTableEntry 
*          0    20001910    00000010     UNINITIALIZED
                  20001910    00000010     drivers_cc26x2.a : SPICC26X2DMA.oem4f (.TI.bound:dmaSpi1TxControlTableEntry)

.TI.bound:dmaSpi0TxAltControlTableEntry 
*          0    20001a40    00000010     UNINITIALIZED
                  20001a40    00000010     drivers_cc26x2.a : SPICC26X2DMA.oem4f (.TI.bound:dmaSpi0TxAltControlTableEntry)

.TI.bound:dmaSpi1TxAltControlTableEntry 
*          0    20001b10    00000010     UNINITIALIZED
                  20001b10    00000010     drivers_cc26x2.a : SPICC26X2DMA.oem4f (.TI.bound:dmaSpi1TxAltControlTableEntry)

.text      0    0000003c    0001b574     
                  0000003c    000010e4     simple_peripheral.obj (.text:SimplePeripheral_taskFxn$4)
                  00001120    00000b58     StackWrapper.a : gapbondmgr.o (.text)
                  00001c78    000006f8     OneLib.a : ll_adv_end_causes.o (.text)
                  00002370    00000650     StackWrapper.a : gapbondmgr.o (.text)
                  000029c0    000004f0     OneLib.a : ll_ae.o (.text)
                  00002eb0    000004b0     rf_multiMode_cc26x2.a : RFCC26X2_multiMode.c.cc26x2.ccs.o (.text:RF_fsmActiveState)
                  00003360    00000488     OneLib.a : ll_slave_end_causes.o (.text)
                  000037e8    0000047e     grlib.a : string.obj (.text:Graphics_drawString)
                  00003c66    00000002     ti_drivers_config.obj (.text:Board_initHook)
                  00003c68    00000470     OneLib.a : ll_isr.o (.text)
                  000040d8    00000450              : ll.o (.text)
                  00004528    000003c4              : ble.o (.text)
                  000048ec    000003c4              : ll_slave_end_causes.o (.text)
                  00004cb0    000003a4              : ll_isr.o (.text)
                  00005054    000003a4              : ll_scheduler.o (.text)
                  000053f8    00000350     simple_peripheral.obj (.text:SimplePeripheral_processGapMessage$4)
                  00005748    00000334     OneLib.a : ll_scheduler.o (.text)
                  00005a7c    00000330              : ll_ae.o (.text)
                  00005dac    00000320              : ll.o (.text)
                  000060cc    000002f4     drivers_cc26x2.a : SPICC26X2DMA.oem4f (.text:SPICC26X2DMA_transfer)
                  000063c0    000002c4     OneLib.a : ll_ae.o (.text)
                  00006684    000002c0              : ll_isr.o (.text)
                  00006944    000002b0     StackWrapper.a : gapbondmgr.o (.text)
                  00006bf4    00000298     rf_multiMode_cc26x2.a : RFCC26X2_multiMode.c.cc26x2.ccs.o (.text:RF_open)
                  00006e8c    00000274     OneLib.a : ll_ae.o (.text)
                  00007100    0000025c     nvocmp.obj (.text:NVOCMP_addItem$8)
                  0000735c    0000025c     StackWrapper.a : gapbondmgr.o (.text)
                  000075b8    00000248     OneLib.a : ll_data.o (.text)
                  00007800    00000248              : ll_isr.o (.text)
                  00007a48    00000234     drivers_cc26x2.a : SPICC26X2DMA.oem4f (.text:SPICC26X2DMA_hwiFxn)
                  00007c7c    00000230                      : ECDHCC26X2.oem4f (.text:ECDHCC26X2_runFSM)
                  00007eac    00000224     OneLib.a : ll_common.o (.text)
                  000080d0    00000218     nvocmp.obj (.text:NVOCMP_initNv$8)
                  000082e8    00000210     rf_multiMode_cc26x2.a : RFCC26X2_multiMode.c.cc26x2.ccs.o (.text:RF_scheduleCmd)
                  000084f8    00000204     OneLib.a : gattservapp.o (.text)
                  000086fc    000001f4     drivers_cc26x2.a : PINCC26XX.oem4f (.text:PIN_init)
                  000088f0    000001e0     StackWrapper.a : osal.o (.text)
                  00008ad0    000001e0     osal_icall_ble.obj (.text:stack_main)
                  00008cb0    000001dc     rf_multiMode_cc26x2.a : RFCC26X2_multiMode.c.cc26x2.ccs.o (.text:RF_dispatchNextCmd)
                  00008e8c    000001d8     OneLib.a : ll.o (.text)
                  00009064    000001bc     main.obj (.text:AssertHandler)
                  00009220    000001a8     OneLib.a : ll_scheduler.o (.text)
                  000093c8    00000198     drivers_cc26x2.a : PowerCC26X2.oem4f (.text:Power_sleep)
                  00009560    00000196     OneLib.a : ll_common.o (.text)
                  000096f6    00000002     ble_user_config.obj (.text:DefaultAssertCback)
                  000096f8    00000190     drivers_cc26x2.a : PowerCC26X2_calibrateRCOSC.oem4f (.text:calibrateRcoscHf1)
                  00009888    0000018c                      : PowerCC26X2_calibrateRCOSC.oem4f (.text:runCalibrateFsm)
                  00009a14    00000188     nvocmp.obj (.text:NVOCMP_compact$8)
                  00009b9c    00000188     icall.obj (.text:icall_directAPI)
                  00009d24    0000017c     OneLib.a : ll_isr.o (.text)
                  00009ea0    00000178     drivers_cc26x2.a : SPICC26X2DMA.oem4f (.text:SPICC26X2DMA_transferCancel)
                  0000a018    00000178                      : SPICC26X2DMA.oem4f (.text:configNextTransfer)
                  0000a190    00000174     OneLib.a : gattservapp.o (.text)
                  0000a304    00000174     drivers_cc26x2.a : PowerCC26X2.oem4f (.text:Power_init)
                  0000a478    00000170     mcp.obj (.text:mcp_msg_read)
                  0000a5e8    00000168     OneLib.a : ll_common.o (.text)
                  0000a750    00000164              : ll_ae.o (.text)
                  0000a8b4    00000164     drivers_cc26x2.a : UARTCC26XX.oem4f (.text:UARTCC26XX_open)
                  0000aa18    00000162     StackWrapper.a : osal.o (.text)
                  0000ab7a    00000002     display.a : DisplaySharp.oem4f (.text:DisplaySharp_init)
                  0000ab7c    00000158     driverlib.lib : sys_ctrl.obj (.text:NOROM_SysCtrlStandby)
                  0000acd4    00000158     OneLib.a : ll_common.o (.text)
                  0000ae2c    00000154     rf_multiMode_cc26x2.a : RFCC26X2_multiMode.c.cc26x2.ccs.o (.text:RF_radioOpDoneCb)
                  0000af80    00000154     drivers_cc26x2.a : UARTCC26XX.oem4f (.text:UARTCC26XX_hwiIntFxn)
                  0000b0d4    00000150     OneLib.a : gap_task.o (.text)
                  0000b224    00000150     drivers_cc26x2.a : SPICC26X2DMA.oem4f (.text:SPICC26X2DMA_open)
                  0000b374    0000014c     OneLib.a : ll_isr.o (.text)
                  0000b4c0    00000148     rf_multiMode_cc26x2.a : RFCC26X2_multiMode.c.cc26x2.ccs.o (.text:RF_fsmSetupState)
                  0000b608    00000148     drivers_cc26x2.a : SPICC26X2DMA.oem4f (.text:initIO)
                  0000b750    00000144     StackWrapper.a : gap.o (.text)
                  0000b894    00000140     OneLib.a : gattservapp.o (.text)
                  0000b9d4    0000013c     drivers_cc26x2.a : AESCCMCC26XX.oem4f (.text:AESCCM_startOperation)
                  0000bb10    0000013a                      : UARTCC26XX.oem4f (.text:UARTCC26XX_read)
                  0000bc4a    00000002     display.a : DisplayUart.oem4f (.text:DisplayUartMin_clear)
                  0000bc4c    00000138     drivers_cc26x2.a : ECDHCC26X2.oem4f (.text:ECDH_computeSharedSecret)
                  0000bd84    00000138                      : NVSCC26XX.oem4f (.text:NVSCC26XX_write)
                  0000bebc    00000138     rf_multiMode_cc26x2.a : RFCC26X2_multiMode.c.cc26x2.ccs.o (.text:RF_abortCmd)
                  0000bff4    00000138                           : RFCC26X2_multiMode.c.cc26x2.ccs.o (.text:RF_ratSetupChannel)
                  0000c12c    00000120     nvocmp.obj (.text:NVOCMP_compactPage$8)
                  0000c24c    00000120     OneLib.a : ll_common.o (.text)
                  0000c36c    00000120              : ll_data.o (.text)
                  0000c48c    00000120     drivers_cc26x2.a : PowerCC26X2.oem4f (.text:configureXOSCHF)
                  0000c5ac    0000011c     OneLib.a : ll_isr.o (.text)
                  0000c6c8    00000114              : ll_common.o (.text)
                  0000c7dc    00000114     drivers_cc26x2.a : PINCC26XX.oem4f (.text:PINCC26XX_setIoCfg)
                  0000c8f0    00000112     grlib.a : rectangle.obj (.text:Graphics_fillRectangle)
                  0000ca02    00000002     display.a : DisplayUart.oem4f (.text:DisplayUartMin_clearLines)
                  0000ca04    00000110     drivers_cc26x2.a : GPIOCC26XX.oem4f (.text:GPIO_setConfig)
                  0000cb14    0000010c     OneLib.a : gatt_client.o (.text)
                  0000cc20    00000108     drivers_cc26x2.a : AESECBCC26XX.oem4f (.text:AESECB_startOperation)
                  0000cd28    00000106     simple_peripheral_app_pem4f.oem4f (.text:xdc_runtime_System_printfExtend__I)
                  0000ce2e    00000002     display.a : DisplayUart.oem4f (.text:DisplayUartMin_init)
                  0000ce30    00000104     rf_multiMode_cc26x2.a : RFCC26X2_multiMode.c.cc26x2.ccs.o (.text:RF_hwiCpe0Active)
                  0000cf34    00000100     nvocmp.obj (.text:NVOCMP_findItem$8)
                  0000d034    000000fe     OneLib.a : ll_scheduler.o (.text)
                  0000d132    00000002     rom_init.obj (.text:MAP_llClearPeriodicAdvSets)
                  0000d134    000000fc     OneLib.a : ll_scheduler.o (.text)
                  0000d230    000000fc              : ll_scheduler.o (.text)
                  0000d32c    000000fc     rf_multiMode_cc26x2.a : RFCC26X2_multiMode.c.cc26x2.ccs.o (.text:RF_decodeOverridePointers)
                  0000d428    000000f8     drivers_cc26x2.a : AESCTRCC26XX.oem4f (.text:AESCTR_startOperation)
                  0000d520    000000f8     OneLib.a : sm_rsppairing.o (.text)
                  0000d618    000000f4              : ll_scheduler.o (.text)
                  0000d70c    000000f4     drivers_cc26x2.a : SPICC26X2DMA.oem4f (.text:SPICC26X2DMA_control)
                  0000d800    000000f0     display.a : DisplaySharp.oem4f (.text:DisplaySharp_open)
                  0000d8f0    000000f0     OneLib.a : ll_ae.o (.text)
                  0000d9e0    000000f0     rf_multiMode_cc26x2.a : RFCC26X2_multiMode.c.cc26x2.ccs.o (.text:RF_fsmPowerUpState)
                  0000dad0    000000ec     OneLib.a : gap_advertiser.o (.text)
                  0000dbbc    000000ec              : ll_common.o (.text)
                  0000dca8    000000e4              : gapgattserver.o (.text)
                  0000dd8c    000000e4              : ll_ae.o (.text)
                  0000de70    000000e4     display.a : SharpGrLib.oem4f (.text:SharpGrLib_flush)
                  0000df54    000000e0     StackWrapper.a : osal_timers.o (.text)
                  0000e034    000000e0     drivers_cc26x2.a : UARTCC26XX.oem4f (.text:UARTCC26XX_write)
                  0000e114    000000dc     OneLib.a : ll_ae.o (.text)
                  0000e1f0    000000d8     driverlib.lib : aes.obj (.text:NOROM_AESWriteToKeyStore)
                  0000e2c8    000000d8                   : setup.obj (.text:NOROM_SetupTrimDevice)
                  0000e3a0    000000d8     rf_multiMode_cc26x2.a : RFCC26X2_multiMode.c.cc26x2.ccs.o (.text:RF_control)
                  0000e478    000000d8                           : RFCC26X2_multiMode.c.cc26x2.ccs.o (.text:RF_pendCmd)
                  0000e550    000000d8     driverlib.lib : setup.obj (.text:TrimAfterColdResetWakeupFromShutDown$36)
                  0000e628    000000d4     drivers_cc26x2.a : ECDHCC26X2.oem4f (.text:ECDH_generatePublicKey)
                  0000e6fc    000000d2     rf_multiMode_cc26x2.a : RFCC26X2_multiMode.c.cc26x2.ccs.o (.text:RF_updatePaConfiguration)
                  0000e7ce    000000d0     display.a : SharpGrLib.oem4f (.text:SharpGrLib_rectFill)
                  0000e89e    00000002     rom_init.obj (.text:MAP_llClearPeriodicScanSets)
                  0000e8a0    000000cc     OneLib.a : hci_event.o (.text)
                  0000e96c    000000cc     rf_multiMode_cc26x2.a : RFCC26X2_multiMode.c.cc26x2.ccs.o (.text:RF_swiHw)
                  0000ea38    000000cc     StackWrapper.a : osal.o (.text)
                  0000eb04    000000cc     main.obj (.text:main)
                  0000ebd0    000000c8     OneLib.a : gap_scanner.o (.text)
                  0000ec98    000000c8              : gapgattserver.o (.text)
                  0000ed60    000000c8              : ll_ae.o (.text)
                  0000ee28    000000c8     dpl_cc26x2.a : PowerCC26X2_tirtos.oem4f (.text:PowerCC26XX_standbyPolicy)
                  0000eef0    000000c4     drivers_cc26x2.a : GPIOCC26XX.oem4f (.text:GPIO_init)
                  0000efb4    000000c0     nvocmp.obj (.text:NVOCMP_erase$8)
                  0000f074    000000c0     OneLib.a : ll.o (.text)
                  0000f134    000000c0              : ll_isr.o (.text)
                  0000f1f4    000000c0     drivers_cc26x2.a : PowerCC26X2.oem4f (.text:Power_releaseDependency)
                  0000f2b4    000000c0     simple_gatt_profile.obj (.text:SimpleProfile_SetParameter)
                  0000f374    000000c0     drivers_cc26x2.a : TRNGCC26XX.oem4f (.text:TRNG_getRandom)
                  0000f434    000000c0                      : UARTCC26XX.oem4f (.text:UARTCC26XX_initIO)
                  0000f4f4    000000bc                      : AESCTRDRBGXX.oem4f (.text:AESCTRDRBG_construct)
                  0000f5b0    000000bc                      : AESCTRDRBGXX.oem4f (.text:AESCTRDRBG_getRandomBytes)
                  0000f66c    000000bc     OneLib.a : ble.o (.text)
                  0000f728    000000bc              : ll_ecc.o (.text)
                  0000f7e4    000000bc              : ll_scheduler.o (.text)
                  0000f8a0    000000bc     rf_multiMode_cc26x2.a : RFCC26X2_multiMode.c.cc26x2.ccs.o (.text:RF_initRadioSetup)
                  0000f95c    000000b8     display.a : DisplaySharp.oem4f (.text:DisplaySharp_vprintf)
                  0000fa14    000000b8     OneLib.a : ll.o (.text)
                  0000facc    000000b8              : ll_slave_end_causes.o (.text)
                  0000fb84    000000b8     drivers_cc26x2.a : PowerCC26X2.oem4f (.text:Power_setDependency)
                  0000fc3c    000000b8     StackWrapper.a : gapbondmgr.o (.text)
                  0000fcf4    000000b8     drivers_cc26x2.a : UARTCC26XX.oem4f (.text:UARTCC26XX_initHw)
                  0000fdac    000000b4                      : AESCTRDRBGXX.oem4f (.text:AESCTRDRBG_reseed)
                  0000fe60    000000b4     display.a : DisplaySharp.oem4f (.text:DisplaySharp_control)
                  0000ff14    000000b0     OneLib.a : ll_enc.o (.text)
                  0000ffc4    000000b0     devinfoservice.obj (.text:devInfo_ReadAttrCB$14)
                  00010074    000000ac     drivers_cc26x2.a : ECDHCC26X2.oem4f (.text:ECDHCC26X2_hwiFxn)
                  00010120    000000ac     OneLib.a : ll_ae.o (.text)
                  000101cc    000000ac     drivers_cc26x2.a : PINCC26XX.oem4f (.text:PIN_open)
                  00010278    000000a8     nvocmp.obj (.text:NVOCMP_initNvApi$8)
                  00010320    000000a8     OneLib.a : hci_data.o (.text)
                  000103c8    000000a8              : ll.o (.text)
                  00010470    000000a8              : ll_common.o (.text)
                  00010518    000000a8     StackWrapper.a : gapbondmgr.o (.text)
                  000105c0    000000a4     OneLib.a : ll_ae.o (.text)
                  00010664    000000a4     rf_multiMode_cc26x2.a : RFCC26X2_multiMode.c.cc26x2.ccs.o (.text:RF_ratRestartChannels)
                  00010708    000000a4     StackWrapper.a : gapbondmgr.o (.text)
                  000107ac    000000a4                    : osal_cbtimer.o (.text)
                  00010850    000000a0     OneLib.a : gattservapp.o (.text)
                  000108f0    000000a0              : ll_common.o (.text)
                  00010990    000000a0              : ll_scheduler.o (.text)
                  00010a30    000000a0     display.a : SharpGrLib.oem4f (.text:SharpGrLib_lineDrawH)
                  00010ad0    000000a0     auto_init.aem4f : auto_init.oem4f (.text)
                  00010b70    000000a0     rom_sysbios.aem4f : rom_sysbios.obj (.text:ti_sysbios_knl_Task_setPri__E)
                  00010c10    0000009c     grlib.a : line.obj (.text:Graphics_drawLineH)
                  00010cac    0000009c     nvocmp.obj (.text:NVOCMP_readHeader$8)
                  00010d48    0000009c     OneLib.a : ll_common.o (.text)
                  00010de4    0000009c              : ll_ecc.o (.text)
                  00010e80    0000009c     drivers_cc26x2.a : TRNGCC26XX.oem4f (.text:TRNG_construct)
                  00010f1c    0000009c     rtsv7M4_T_le_v4SPD16_eabi.lib : memcpy_t2.asm.obj (.text)
                  00010fb8    00000098     OneLib.a : gattservapp.o (.text)
                  00011050    00000098              : hci_event.o (.text)
                  000110e8    00000098     rf_multiMode_cc26x2.a : RFCC26X2_multiMode.c.cc26x2.ccs.o (.text:RF_calculateDispatchTime)
                  00011180    00000098     drivers_cc26x2.a : TRNGCC26XX.oem4f (.text:TRNGCC26XX_hwiFxn)
                  00011218    00000098                      : UARTCC26XX.oem4f (.text:writeTxFifoFlush)
                  000112b0    00000096     rtsv7M4_T_le_v4SPD16_eabi.lib : ull_div_t2.asm.obj (.text)
                  00011346    00000002     rom_init.obj (.text:MAP_llDmmDynamicFree)
                  00011348    00000094     icall.obj (.text:ICall_setTimer)
                  000113dc    00000094     OneLib.a : gatt_server.o (.text)
                  00011470    00000094              : ll.o (.text)
                  00011504    00000094              : ll_common.o (.text)
                  00011598    00000094              : ll_scheduler.o (.text)
                  0001162c    00000094     simple_peripheral.obj (.text:SimplePeripheral_processParamUpdate$4)
                  000116c0    00000092     OneLib.a : gap_task.o (.text)
                  00011752    00000092     drivers_cc26x2.a : UARTCC26XX.oem4f (.text:UARTCC26XX_writeCancel)
                  000117e4    00000090     OneLib.a : ll.o (.text)
                  00011874    00000090              : ll_ae.o (.text)
                  00011904    00000090     rf_multiMode_cc26x2.a : RFCC26X2_multiMode.c.cc26x2.ccs.o (.text:RF_discardPendCmd)
                  00011994    00000090                           : RFCC26X2_multiMode.c.cc26x2.ccs.o (.text:RF_getInfo)
                  00011a24    00000090     display.a : SharpGrLib.oem4f (.text:SharpGrLib_clearScreen)
                  00011ab4    00000090     osal_icall_ble.obj (.text:osalInitTasks)
                  00011b44    00000090     simple_gatt_profile.obj (.text:simpleProfile_WriteAttrCB)
                  00011bd4    0000008e     drivers_cc26x2.a : CryptoUtils.oem4f (.text:CryptoUtils_reverseCopyPad)
                  00011c62    00000002     rom_init.obj (.text:MAP_llDmmSetThreshold)
                  00011c64    0000008c     icall.obj (.text:ICall_heapMalloc)
                  00011cf0    0000008c     mcp_hw.obj (.text:mcp_write$29)
                  00011d7c    0000008c     rom_sysbios.aem4f : rom_sysbios.obj (.text:ti_sysbios_gates_GateMutexPri_enter__E)
                  00011e08    0000008a     drivers_cc26x2.a : AESCTRDRBGXX.oem4f (.text:AESCTRDRBGXX_updateState)
                  00011e92    00000002     rom_init.obj (.text:MAP_llEndPeriodicScanTask)
                  00011e94    00000088     driverlib.lib : osc.obj (.text:NOROM_OSCHF_AttemptToSwitchToXosc)
                  00011f1c    00000088     OneLib.a : hci_event.o (.text)
                  00011fa4    00000088              : ll_isr.o (.text)
                  0001202c    00000088     rf_multiMode_cc26x2.a : RFCC26X2_multiMode.c.cc26x2.ccs.o (.text:RF_cmdDispatchTime)
                  000120b4    00000088     simple_peripheral.obj (.text:SimplePeripheral_updatePHYStat$4)
                  0001213c    00000088     StackWrapper.a : osal_cbtimer.o (.text)
                  000121c4    00000088     drivers_cc26x2.a : PowerCC26X2_calibrateRCOSC.oem4f (.text:calibrateRcoscHf2)
                  0001224c    00000088                      : PowerCC26X2.oem4f (.text:disableLFClockQualifiers)
                  000122d4    00000088     gattservapp_util.obj (.text:gattServApp_SendNotiInd$16)
                  0001235c    00000088     mcp.obj (.text:mcp_msg_ready)
                  000123e4    00000088     drivers_cc26x2.a : PowerCC26X2_calibrateRCOSC.oem4f (.text:updateSubSecInc)
                  0001246c    00000084     OneLib.a : ll_ae.o (.text)
                  000124f0    00000084     rf_multiMode_cc26x2.a : RFCC26X2_multiMode.c.cc26x2.ccs.o (.text:RF_issueRadioFreeCb)
                  00012574    00000084                           : RFCC26X2_multiMode.c.cc26x2.ccs.o (.text:RF_verifyGap)
                  000125f8    00000084     drivers_cc26x2.a : UARTCC26XX.oem4f (.text:UARTCC26XX_close)
                  0001267c    00000080     driverlib.lib : chipinfo.obj (.text:NOROM_ChipInfo_GetChipType)
                  000126fc    00000080     drivers_cc26x2.a : NVSCC26XX.oem4f (.text:NVSCC26XX_open)
                  0001277c    00000080     OneLib.a : ll_enc.o (.text)
                  000127fc    00000080     mcp_hw.obj (.text:mcp_bit_modify$29)
                  0001287c    00000080     rom_sysbios.aem4f : rom_sysbios.obj (.text:ti_sysbios_family_arm_cc26xx_Timer_start__E)
                  000128fc    0000007e     OneLib.a : gap_task.o (.text)
                  0001297a    00000002     rom_init.obj (.text:MAP_llMaster_TaskEnd)
                  0001297c    0000007c     nvocmp.obj (.text:NVOCMP_readItemApi$8)
                  000129f8    0000007c     OneLib.a : ll_common.o (.text)
                  00012a74    0000007c     rf_multiMode_cc26x2.a : RFCC26X2_multiMode.c.cc26x2.ccs.o (.text:RF_ratFreeChannel)
                  00012af0    0000007c     StackWrapper.a : gapbondmgr.o (.text)
                  00012b6c    0000007c     mcp_hw.obj (.text:mcp_read$29)
                  00012be8    0000007a     OneLib.a : gattservapp.o (.text)
                  00012c62    0000007a     rtsv7M4_T_le_v4SPD16_eabi.lib : memset_t2.asm.obj (.text)
                  00012cdc    00000078     icall.obj (.text:ICall_heapInit)
                  00012d54    00000078     nvocmp.obj (.text:NVOCMP_checkItem$8)
                  00012dcc    00000078     OneLib.a : ll_common.o (.text)
                  00012e44    00000078     StackWrapper.a : osal_cbtimer.o (.text)
                  00012ebc    00000078     mcp.obj (.text:mcp_rx_config)
                  00012f34    00000076     OneLib.a : ll_common.o (.text)
                  00012faa    00000076     StackWrapper.a : gap.o (.text)
                  00013020    00000076     rom_sysbios.aem4f : rom_sysbios.obj (.text:ti_sysbios_heaps_HeapMem_allocUnprotected__E)
                  00013096    00000002     rom_init.obj (.text:MAP_llPeriodicAdv_PostProcess)
                  00013098    00000074     nvocmp.obj (.text:NVOCMP_writeItemApi$8)
                  0001310c    00000074     OneLib.a : ll_enc.o (.text)
                  00013180    00000074     drivers_cc26x2.a : PowerCC26X2_calibrateRCOSC.oem4f (.text:PowerCC26X2_auxISR)
                  000131f4    00000074     rf_multiMode_cc26x2.a : RFCC26X2_multiMode.c.cc26x2.ccs.o (.text:RF_ratDisableChannel)
                  00013268    00000074     rom_sysbios.aem4f : rom_sysbios.obj (.text:ti_sysbios_gates_GateMutexPri_leave__E)
                  000132dc    00000072     rf_multiMode_cc26x2.a : RFCC26X2_multiMode.c.cc26x2.ccs.o (.text:RF_detachOverrides)
                  0001334e    00000072     drivers_cc26x2.a : SPICC26X2DMA.oem4f (.text:csnCallback)
                  000133c0    00000070                      : AESCCMCC26XX.oem4f (.text:AESCCM_cleanup)
                  00013430    00000070     icall.obj (.text:ICall_heapGetStats)
                  000134a0    00000070     rf_multiMode_cc26x2.a : rfc.c.cc26x2.ccs.o (.text:NOROM_RFCAnaDivTxOverride)
                  00013510    00000070     nvocmp.obj (.text:NVOCMP_eraseNvApi$8)
                  00013580    00000070     OneLib.a : gatt_server.o (.text)
                  000135f0    00000070              : ll_ae.o (.text)
                  00013660    00000070              : ll_common.o (.text)
                  000136d0    00000070              : ll_enc.o (.text)
                  00013740    00000070     drivers_cc26x2.a : PINCC26XX.oem4f (.text:PIN_add)
                  000137b0    00000070     rf_multiMode_cc26x2.a : RFCC26X2_multiMode.c.cc26x2.ccs.o (.text:RF_getCurrentTime)
                  00013820    00000070     drivers_cc26x2.a : Random.oem4f (.text:Random_seedAutomatic)
                  00013890    00000070     StackWrapper.a : osal.o (.text)
                  00013900    0000006e     OneLib.a : gatt_server.o (.text)
                  0001396e    0000006e     rf_multiMode_cc26x2.a : RFCC26X2_multiMode.c.cc26x2.ccs.o (.text:RF_attachOverrides)
                  000139dc    0000006e                           : RFCC26X2_multiMode.c.cc26x2.ccs.o (.text:RF_howToSchedule)
                  00013a4a    00000002     rom_init.obj (.text:MAP_llProcessPeriodicScanRxFIFO)
                  00013a4c    0000006d     rom_sysbios.aem4f : rom_sysbios.obj (.text:xdc_runtime_System_formatNum__I)
                  00013ab9    00000001     --HOLE-- [fill = 0]
                  00013aba    00000002     rom_init.obj (.text:MAP_llSetPeriodicSyncInfo)
                  00013abc    0000006c     nvocmp.obj (.text:NVOCMP_getDstPage$8)
                  00013b28    0000006c     OneLib.a : ll_isr.o (.text)
                  00013b94    0000006c     rf_multiMode_cc26x2.a : RFCC26X2_multiMode.c.cc26x2.ccs.o (.text:RF_dispatchNextEvent)
                  00013c00    0000006c     simple_peripheral.obj (.text:SimplePeripheral_clearConnListEntry$4)
                  00013c6c    0000006c     StackWrapper.a : osal_cbtimer.o (.text)
                  00013cd8    00000068     drivers_cc26x2.a : CryptoUtils.oem4f (.text:CryptoUtils_copyPad)
                  00013d40    00000068     icall.obj (.text:ICall_enrollService)
                  00013da8    00000068     icall.obj (.text:ICall_send)
                  00013e10    00000068     icall.obj (.text:ICall_sendServiceComplete)
                  00013e78    00000068     driverlib.lib : osc.obj (.text:NOROM_OSCHF_SwitchToRcOscTurnOffXosc)
                  00013ee0    00000068     OneLib.a : gap_task.o (.text)
                  00013f48    00000068              : gattservapp.o (.text)
                  00013fb0    00000068              : ll.o (.text)
                  00014018    00000068              : ll_ae.o (.text)
                  00014080    00000068     rf_multiMode_cc26x2.a : RFCC26X2_multiMode.c.cc26x2.ccs.o (.text:RF_hwiHw)
                  000140e8    00000068     StackWrapper.a : osal_timers.o (.text)
                  00014150    00000068     rtsv7M4_T_le_v4SPD16_eabi.lib : copy_decompress_lzss.c.obj (.text:decompress:lzss:__TI_decompress_lzss)
                  000141b8    00000066     OneLib.a : ll_common.o (.text)
                  0001421e    00000066     StackWrapper.a : icall_lite_translation.o (.text)
                  00014284    00000064     drivers_cc26x2.a : AESCCMCC26XX.oem4f (.text:AESCCM_waitForResult)
                  000142e8    00000064                      : AESCTRCC26XX.oem4f (.text:AESCTR_waitForResult)
                  0001434c    00000064                      : AESECBCC26XX.oem4f (.text:AESECB_waitForResult)
                  000143b0    00000064     nvocmp.obj (.text:NVOCMP_findSignature$8)
                  00014414    00000064     OneLib.a : gapgattserver.o (.text)
                  00014478    00000064              : gattservapp.o (.text)
                  000144dc    00000064              : ll_scheduler.o (.text)
                  00014540    00000064     drivers_cc26x2.a : UARTCC26XX.oem4f (.text:UARTCC26XX_control)
                  000145a4    00000062     ti_drivers_config.obj (.text:Board_sendExtFlashByte)
                  00014606    00000062     gattservapp_util.obj (.text:GATTServApp_ProcessCCCWriteReq)
                  00014668    00000062     rf_multiMode_cc26x2.a : RFCC26X2_multiMode.c.cc26x2.ccs.o (.text:RF_syncCb)
                  000146ca    00000062     drivers_cc26x2.a : UARTCC26XX.oem4f (.text:UARTCC26XX_swiIntFxn)
                  0001472c    00000060                      : AESCCMCC26XX.oem4f (.text:AESCCM_hwiFxn)
                  0001478c    00000060                      : AESCTRCC26XX.oem4f (.text:AESCTR_hwiFxn)
                  000147ec    00000060                      : AESECBCC26XX.oem4f (.text:AESECB_hwiFxn)
                  0001484c    00000060                      : CryptoResourceCC26XX.oem4f (.text:CryptoResourceCC26XX_constructRTOSObjects)
                  000148ac    00000060                      : GPIOCC26XX.oem4f (.text:GPIO_write)
                  0001490c    00000060     icall.obj (.text:ICall_createRemoteTasksAtRuntime)
                  0001496c    00000060     OneLib.a : ll_common.o (.text)
                  000149cc    00000060              : sm_pairing.o (.text)
                  00014a2c    00000060     drivers_cc26x2.a : PKAResourceCC26XX.oem4f (.text:PKAResourceCC26XX_constructRTOSObjects)
                  00014a8c    00000060     rf_multiMode_cc26x2.a : RFCC26X2_multiMode.c.cc26x2.ccs.o (.text:RF_applyRfCorePatch)
                  00014aec    00000060     StackWrapper.a : gapbondmgr.o (.text)
                  00014b4c    00000060     drivers_cc26x2.a : TRNGCC26XX.oem4f (.text:TRNGCC26XX_startTrng)
                  00014bac    0000005e     icall.obj (.text:ICall_fetchMsg)
                  00014c0a    0000005e     OneLib.a : ll_common.o (.text)
                  00014c68    0000005c     display.a : Display.oem4f (.text:Display_doOpen)
                  00014cc4    0000005c     icall.obj (.text:ICall_pwrUpdActivityCounter)
                  00014d20    0000005c     nvocmp.obj (.text:NVOCMP_readItem$8)
                  00014d7c    0000005c     OneLib.a : gap_perilinkmgr.o (.text)
                  00014dd8    0000005c              : ll_scheduler.o (.text)
                  00014e34    0000005c              : sm_intpairing.o (.text)
                  00014e90    0000005c              : sm_rsppairing.o (.text)
                  00014eec    0000005c     drivers_cc26x2.a : PINCC26XX.oem4f (.text:PIN_remove)
                  00014f48    0000005c     rf_multiMode_cc26x2.a : RFCC26X2_multiMode.c.cc26x2.ccs.o (.text:RF_hwiCpe0PowerFsm)
                  00014fa4    0000005c     drivers_cc26x2.a : NVSCC26XX.oem4f (.text:doErase)
                  00015000    0000005c                      : SPICC26X2DMA.oem4f (.text:initHw)
                  0001505c    0000005c     simple_gatt_profile.obj (.text:simpleProfile_ReadAttrCB)
                  000150b8    0000005c     drivers_cc26x2.a : UARTCC26XX.oem4f (.text:startTxFifoEmptyClk)
                  00015114    0000005c     simple_peripheral_app_pem4f.oem4f (.text:xdc_runtime_Startup_getState__I)
                  00015170    0000005a     display.a : DisplaySharp.oem4f (.text:DisplaySharp_clearLines)
                  000151ca    00000002     rom_init.obj (.text:MAP_llUpdateCteState)
                  000151cc    00000058     drivers_cc26x2.a : ECDHCC26X2.oem4f (.text:ECDH_construct)
                  00015224    00000058     icall.obj (.text:ICall_wait)
                  0001527c    00000058     OneLib.a : ll_ae.o (.text)
                  000152d4    00000058              : ll_common.o (.text)
                  0001532c    00000058              : ll_enc.o (.text)
                  00015384    00000058              : ll_isr.o (.text)
                  000153dc    00000058              : sm_pairing.o (.text)
                  00015434    00000058     drivers_cc26x2.a : PowerCC26X2_calibrateRCOSC.oem4f (.text:PowerCC26X2_initiateCalibration)
                  0001548c    00000058     simple_peripheral.obj (.text:SimplePeripheral_enqueueMsg$4)
                  000154e4    00000058     StackWrapper.a : sm_ecc.o (.text)
                  0001553c    00000058     drivers_cc26x2.a : TRNGCC26XX.oem4f (.text:TRNG_init)
                  00015594    00000058     boot.aem4f : boot.oem4f (.text)
                  000155ec    00000058     rom_sysbios.aem4f : rom_sysbios.obj (.text:ti_sysbios_heaps_HeapMem_alloc__E)
                  00015644    00000056     rf_multiMode_cc26x2.a : RFCC26X2_multiMode.c.cc26x2.ccs.o (.text:RF_defaultSubmitPolicy)
                  0001569a    00000002     rom_init.obj (.text:MAP_llUpdatePeriodicAdvChainPacket)
                  0001569c    00000054     drivers_cc26x2.a : AESCCMCC26XX.oem4f (.text:AESCCM_construct)
                  000156f0    00000054                      : AESCTRCC26XX.oem4f (.text:AESCTR_construct)
                  00015744    00000054                      : AESECBCC26XX.oem4f (.text:AESECB_construct)
                  00015798    00000054     driverlib.lib : prcm.obj (.text:NOROM_PRCMPowerDomainsAllOff)
                  000157ec    00000054     nvocmp.obj (.text:NVOCMP_doNVCRC$8)
                  00015840    00000054     drivers_cc26x2.a : NVSCC26XX.oem4f (.text:NVSCC26XX_init)
                  00015894    00000054     OneLib.a : gattservapp.o (.text)
                  000158e8    00000054              : hci_event.o (.text)
                  0001593c    00000054              : ll.o (.text)
                  00015990    00000054              : ll_ae.o (.text)
                  000159e4    00000054              : ll_ae.o (.text)
                  00015a38    00000054              : ll_ae.o (.text)
                  00015a8c    00000054     rf_multiMode_cc26x2.a : RFCC26X2_multiMode.c.cc26x2.ccs.o (.text:RF_fsmXOSCState)
                  00015ae0    00000054     StackWrapper.a : osal_bufmgr.o (.text)
                  00015b34    00000054     drivers_cc26x2.a : StructRingBuf.oem4f (.text:StructRingBuf_put)
                  00015b88    00000054     dpl_cc26x2.a : SwiP_tirtos.oem4f (.text:SwiP_construct)
                  00015bdc    00000054     rf_multiMode_cc26x2.a : rf_patch_cpe_bt5.c.cc26x2.ccs.o (.text:configureBt5Patch)
                  00015c30    00000054     mcp.obj (.text:mcp_filter_config)
                  00015c84    00000052     grlib.a : context.obj (.text:Graphics_initContext)
                  00015cd6    00000052     OneLib.a : gap_centlinkmgr.o (.text)
                  00015d28    00000052     display.a : SharpGrLib.oem4f (.text:SharpGrLib_lineDrawV)
                  00015d7a    00000050     drivers_cc26x2.a : AESCTRDRBGXX.oem4f (.text:AESCTRDRBGXX_addBigendCounter)
                  00015dca    00000002     rom_init.obj (.text:MAP_rf_patch_mce)
                  00015dcc    00000050     nvocmp.obj (.text:NVOCMP_compactNvApi$8)
                  00015e1c    00000050     OneLib.a : gap_perilinkmgr.o (.text)
                  00015e6c    00000050              : hci_tl.o (.text)
                  00015ebc    00000050              : ll_common.o (.text)
                  00015f0c    00000050              : ll_enc.o (.text)
                  00015f5c    00000050     drivers_cc26x2.a : SPICC26X2DMA.oem4f (.text:SPICC26X2DMA_close)
                  00015fac    00000050     StackWrapper.a : osal.o (.text)
                  00015ffc    00000050                    : osal_clock.o (.text)
                  0001604c    00000050     drivers_cc26x2.a : TRNGCC26XX.oem4f (.text:TRNGCC26XX_waitForResult)
                  0001609c    0000004e     StackWrapper.a : gap.o (.text)
                  000160ea    00000002     rom_init.obj (.text:MAP_rf_patch_rfe)
                  000160ec    0000004c     icall.obj (.text:ICall_newTask$22)
                  00016138    0000004c     driverlib.lib : prcm.obj (.text:NOROM_PRCMPowerDomainsAllOn)
                  00016184    0000004c     nvocmp.obj (.text:NVOCMP_loadApiPtrsMin)
                  000161d0    0000004c     nvocmp.obj (.text:NVOCMP_setItemInactive$8)
                  0001621c    0000004c     OneLib.a : ble.o (.text)
                  00016268    0000004c              : gap_scanner.o (.text)
                  000162b4    0000004c              : ll_scheduler.o (.text)
                  00016300    0000004c              : ll_scheduler.o (.text)
                  0001634c    0000004c     rf_multiMode_cc26x2.a : RFCC26X2_multiMode.c.cc26x2.ccs.o (.text:RF_wakeupNotification)
                  00016398    0000004c     drivers_cc26x2.a : StructRingBuf.oem4f (.text:StructRingBuf_get)
                  000163e4    0000004c                      : UARTCC26XX.oem4f (.text:UARTCC26XX_readCancel)
                  00016430    0000004c                      : UDMACC26XX.oem4f (.text:UDMACC26XX_open)
                  0001647c    0000004c     util.obj (.text:Util_constructClock)
                  000164c8    0000004c     rtsv7M4_T_le_v4SPD16_eabi.lib : cpy_tbl.c.obj (.text:copy_in)
                  00016514    0000004a     display.a : DisplayUart.oem4f (.text:DisplayUartMin_open)
                  0001655e    00000002     rf_multiMode_cc26x2.a : rfc.c.cc26x2.ccs.o (.text:NOROM_RFCCpePatchReset)
                  00016560    00000048     ti_drivers_config.obj (.text:Board_wakeUpExtFlash)
                  000165a8    00000048     rf_multiMode_cc26x2.a : rfc.c.cc26x2.ccs.o (.text:NOROM_RFCSynthPowerDown)
                  000165f0    00000048     nvocmp.obj (.text:NVOCMP_write$8)
                  00016638    00000048     drivers_cc26x2.a : NVS.oem4f (.text:NVS_open)
                  00016680    00000048     OneLib.a : att_util.o (.text)
                  000166c8    00000048              : gattservapp.o (.text)
                  00016710    00000048              : ll.o (.text)
                  00016758    00000048              : ll.o (.text)
                  000167a0    00000048              : ll_common.o (.text)
                  000167e8    00000048     drivers_cc26x2.a : PINCC26XX.oem4f (.text:PIN_setOutputEnable)
                  00016830    00000048                      : PowerCC26X2_calibrateRCOSC.oem4f (.text:PowerCC26X2_RCOSC_clockFunc)
                  00016878    00000048                      : PowerCC26X2.oem4f (.text:PowerCC26XX_switchXOSC_HF)
                  000168c0    00000048                      : NVSCC26XX.oem4f (.text:disableFlashCache)
                  00016908    00000048                      : PowerCC26X2.oem4f (.text:switchXOSCHF)
                  00016950    00000048                      : UARTCC26XX.oem4f (.text:writeFinishedDoCallback)
                  00016998    00000046     display.a : DisplayUart.oem4f (.text:DisplayUartMin_vprintf)
                  000169de    00000046     drivers_cc26x2.a : RingBuf.oem4f (.text:RingBuf_put)
                  00016a24    00000046     display.a : SharpGrLib.oem4f (.text:SharpGrLib_drawMultiple)
                  00016a6a    00000002     OneLib.a : ll.o (.text)
                  00016a6c    00000044     drivers_cc26x2.a : ECDHCC26X2.oem4f (.text:ECDHCC26X2_waitForResult)
                  00016ab0    00000044     nvocmp.obj (.text:NVOCMP_getFreeNvApi$8)
                  00016af4    00000044     drivers_cc26x2.a : NVSCC26XX.oem4f (.text:NVSCC26XX_read)
                  00016b38    00000044     OneLib.a : ll.o (.text)
                  00016b7c    00000044              : ll.o (.text)
                  00016bc0    00000044              : ll_ae.o (.text)
                  00016c04    00000044              : ll_ae.o (.text)
                  00016c48    00000044              : ll_common.o (.text)
                  00016c8c    00000044     drivers_cc26x2.a : PINCC26XX.oem4f (.text:PIN_swi)
                  00016cd0    00000044                      : SPI.oem4f (.text:SPI_init)
                  00016d14    00000044     StackWrapper.a : osal.o (.text)
                  00016d58    00000044                    : osal_timers.o (.text)
                  00016d9c    00000044     drivers_cc26x2.a : UART.oem4f (.text:UART_init)
                  00016de0    00000044     mcp_hw.obj (.text:mcp_hw_ctl_get)
                  00016e24    00000042     OneLib.a : ll.o (.text)
                  00016e66    00000042              : ll_common.o (.text)
                  00016ea8    00000042     drivers_cc26x2.a : SPICC26X2DMA.oem4f (.text:SPICC26X2DMA_swiFxn)
                  00016eea    00000040     dpl_cc26x2.a : ClockP_tirtos.oem4f (.text:ClockP_construct)
                  00016f2a    00000040     drivers_cc26x2.a : ECDHCC26X2.oem4f (.text:ECDHCC26X2_convertReturnValue)
                  00016f6a    00000002     OneLib.a : ll.o (.text)
                  00016f6c    00000040     drivers_cc26x2.a : ECDHCC26X2.oem4f (.text:ECDHCC26X2_getPublicKeyResult)
                  00016fac    00000040     grlib.a : string.obj (.text:Graphics_getNumberOfLeadingZeros)
                  00016fec    00000040     driverlib.lib : osc.obj (.text:NOROM_OSC_HPOSCRelativeFrequencyOffsetGet)
                  0001702c    00000040     OneLib.a : gap_configmgr.o (.text)
                  0001706c    00000040              : gattservapp.o (.text)
                  000170ac    00000040              : linkdb.o (.text)
                  000170ec    00000040              : ll_common.o (.text)
                  0001712c    00000040              : ll_common.o (.text)
                  0001716c    00000040              : sm_intpairing.o (.text)
                  000171ac    00000040     drivers_cc26x2.a : PowerCC26X2.oem4f (.text:PowerCC26XX_isStableXOSC_HF)
                  000171ec    00000040                      : Random.oem4f (.text:Random_getNumber)
                  0001722c    00000040                      : RingBuf.oem4f (.text:RingBuf_get)
                  0001726c    00000040                      : SPI.oem4f (.text:SPI_open)
                  000172ac    00000040     simple_peripheral.obj (.text:SimplePeripheral_createTask)
                  000172ec    00000040     StackWrapper.a : osal.o (.text)
                  0001732c    00000040                    : osal_bufmgr.o (.text)
                  0001736c    00000040                    : osal_bufmgr.o (.text)
                  000173ac    00000040                    : osal_timers.o (.text)
                  000173ec    00000040     drivers_cc26x2.a : TRNGCC26XX.oem4f (.text:TRNGCC26XX_copyToClient)
                  0001742c    00000040                      : UART.oem4f (.text:UART_open)
                  0001746c    00000040     mcp.obj (.text:mcp_mode)
                  000174ac    00000040     rtsv7M4_T_le_v4SPD16_eabi.lib : u_divt2.asm.obj (.text)
                  000174ec    00000040     rom_sysbios.aem4f : rom_sysbios.obj (.text:ti_sysbios_family_arm_cc26xx_Timer_setThreshold__I)
                  0001752c    00000040                       : rom_sysbios.obj (.text:ti_sysbios_heaps_HeapCallback_Module_startup__E)
                  0001756c    0000003e     dpl_cc26x2.a : HwiP_tirtos.oem4f (.text:HwiP_construct)
                  000175aa    0000003e     OneLib.a : ll_common.o (.text)
                  000175e8    0000003e     display.a : SharpGrLib.oem4f (.text:SharpGrLib_pixelDraw)
                  00017626    0000003e     simple_peripheral.obj (.text:SimplePeripheral_passcodeCb$4)
                  00017664    0000003e     drivers_cc26x2.a : TRNGCC26XX.oem4f (.text:TRNGCC26XX_serviceJob)
                  000176a2    00000002     rf_multiMode_cc26x2.a : RFCC26X2_multiMode.c.cc26x2.ccs.o (.text:RF_defaultCallback)
                  000176a4    0000003c     nvocmp.obj (.text:NVOCMP_disableCache$8)
                  000176e0    0000003c     OneLib.a : gap_linkmgr.o (.text)
                  0001771c    0000003c              : gattservapp.o (.text)
                  00017758    0000003c              : gattservapp.o (.text)
                  00017794    0000003c              : gattservapp.o (.text)
                  000177d0    0000003c              : linkdb.o (.text)
                  0001780c    0000003c              : ll_ae.o (.text)
                  00017848    0000003c     drivers_cc26x2.a : PINCC26XX.oem4f (.text:PIN_setInterrupt)
                  00017884    0000003c                      : PINCC26XX.oem4f (.text:PIN_setOutputValue)
                  000178c0    0000003c     rf_multiMode_cc26x2.a : RFCC26X2_multiMode.c.cc26x2.ccs.o (.text:RF_cmdGet)
                  000178fc    0000003c                           : RFCC26X2_multiMode.c.cc26x2.ccs.o (.text:RF_cmdStoreEvents)
                  00017938    0000003c     simple_peripheral.obj (.text:SimplePeripheral_setPhy$4)
                  00017974    0000003c     simple_peripheral.obj (.text:SimplePeripheral_stopAutoPhyChange$4)
                  000179b0    0000003c     simple_gatt_profile.obj (.text:SimpleProfile_GetParameter)
                  000179ec    0000003c     StackWrapper.a : osal.o (.text)
                  00017a28    0000003c                    : osal.o (.text)
                  00017a64    0000003c                    : osal.o (.text)
                  00017aa0    0000003c                    : osal_timers.o (.text)
                  00017adc    0000003c                    : sm_ecc.o (.text)
                  00017b18    0000003c     drivers_cc26x2.a : NVSCC26XX.oem4f (.text:checkEraseRange)
                  00017b54    0000003c     rom_sysbios.aem4f : rom_sysbios.obj (.text:sleep)
                  00017b90    0000003c                       : rom_sysbios.obj (.text:ti_sysbios_family_arm_m3_Hwi_construct2__E)
                  00017bcc    0000003a     StackWrapper.a : osal.o (.text)
                  00017c06    00000002                    : common_rom_init.o (.text)
                  00017c08    00000038     ti_drivers_config.obj (.text:Board_shutDownExtFlash)
                  00017c40    00000038     OneLib.a : hci.o (.text)
                  00017c78    00000038              : linkdb.o (.text)
                  00017cb0    00000038              : ll_ae.o (.text)
                  00017ce8    00000038              : ll_ae.o (.text)
                  00017d20    00000038              : ll_common.o (.text)
                  00017d58    00000038              : ll_enc.o (.text)
                  00017d90    00000038              : ll_scheduler.o (.text)
                  00017dc8    00000038              : sm_rsppairing.o (.text)
                  00017e00    00000038     drivers_cc26x2.a : PINCC26XX.oem4f (.text:PIN_setConfig)
                  00017e38    00000038     rf_multiMode_cc26x2.a : RFCC26X2_multiMode.c.cc26x2.ccs.o (.text:RF_checkCmdFsError)
                  00017e70    00000038     StackWrapper.a : osal_timers.o (.text)
                  00017ea8    00000038     drivers_cc26x2.a : PowerCC26X2.oem4f (.text:notify)
                  00017ee0    00000038                      : UARTCC26XX.oem4f (.text:readData)
                  00017f18    00000038                      : UARTCC26XX.oem4f (.text:writeData)
                  00017f50    00000036     grlib.a : display.obj (.text:Graphics_drawHorizontalLineOnDisplay)
                  00017f86    00000036     StackWrapper.a : ble_dispatch_lite.o (.text)
                  00017fbc    00000036     drivers_cc26x2.a : UDMACC26XX.oem4f (.text:UDMACC26XX_close)
                  00017ff2    00000036     rom_sysbios.aem4f : rom_sysbios.obj (.text:ti_sysbios_family_arm_cc26xx_Timer_setNextTick__E)
                  00018028    00000034     display.a : DisplaySharp.oem4f (.text:DisplaySharp_close)
                  0001805c    00000034     gattservapp_util.obj (.text:GATTServApp_InitCharCfg)
                  00018090    00000034     icall.obj (.text:ICall_heapFree)
                  000180c4    00000034     icall.obj (.text:ICall_searchServiceEntity)
                  000180f8    00000034     driverlib.lib : aes.obj (.text:NOROM_AESStartDMAOperation)
                  0001812c    00000034                   : sys_ctrl.obj (.text:NOROM_SysCtrlIdle)
                  00018160    00000034     nvocmp.obj (.text:NVOCMP_verifyCRC$8)
                  00018194    00000034     OneLib.a : hci.o (.text)
                  000181c8    00000034              : hci_tl.o (.text)
                  000181fc    00000034              : ll_ae.o (.text)
                  00018230    00000034              : ll_scheduler.o (.text)
                  00018264    00000034              : ll_scheduler.o (.text)
                  00018298    00000034     rf_multiMode_cc26x2.a : RFCC26X2_multiMode.c.cc26x2.ccs.o (.text:RF_powerConstraintRelease)
                  000182cc    00000034                           : RFCC26X2_multiMode.c.cc26x2.ccs.o (.text:RF_runDirectImmediateCmd)
                  00018300    00000034     simple_peripheral.obj (.text:SimplePeripheral_clockHandler$4)
                  00018334    00000034     StackWrapper.a : gapbondmgr.o (.text)
                  00018368    00000034                    : icall_startup.o (.text)
                  0001839c    00000034     mcp.obj (.text:pack_eid$28)
                  000183d0    00000034     drivers_cc26x2.a : UARTCC26XX.oem4f (.text:readData2RingBuf)
                  00018404    00000034     rom_sysbios.aem4f : rom_sysbios.obj (.text:ti_sysbios_knl_Swi_setPri__E)
                  00018438    00000034                       : rom_sysbios.obj (.text:usleep)
                  0001846c    00000032     icall.obj (.text:ICall_fetchServiceMsg)
                  0001849e    00000032     rom_sysbios.aem4f : rom_sysbios.obj (.text:ti_sysbios_gates_GateMutexPri_insertPri__I)
                  000184d0    00000030     drivers_cc26x2.a : AESECBCC26XX.oem4f (.text:AESECB_cleanup)
                  00018500    00000030                      : GPIOCC26XX.oem4f (.text:GPIO_hwiIntFxn)
                  00018530    00000030                      : GPIOCC26XX.oem4f (.text:GPIO_setCallback)
                  00018560    00000030     icall.obj (.text:ICall_dispatch$22)
                  00018590    00000030     icall.obj (.text:ICall_msecs2Ticks$22)
                  000185c0    00000030     icall.obj (.text:ICall_primEntityId2ServiceId$22)
                  000185f0    00000030     icall.obj (.text:ICall_searchTask$22)
                  00018620    00000030     nvocmp.obj (.text:NVOCMP_changePageState$8)
                  00018650    00000030     drivers_cc26x2.a : NVSCC26XX.oem4f (.text:NVSCC26XX_erase)
                  00018680    00000030     OneLib.a : gattservapp.o (.text)
                  000186b0    00000030              : ll_scheduler.o (.text)
                  000186e0    00000030     drivers_cc26x2.a : PINCC26XX.oem4f (.text:PINCC26XX_setMux)
                  00018710    00000030                      : PowerCC26X2.oem4f (.text:Power_releaseConstraint)
                  00018740    00000030                      : PowerCC26X2.oem4f (.text:Power_setConstraint)
                  00018770    00000030     StackWrapper.a : osal_timers.o (.text)
                  000187a0    00000030     drivers_cc26x2.a : TRNGCC26XX.oem4f (.text:TRNGCC26XX_fillEntropyPool)
                  000187d0    00000030                      : TRNGCC26XX.oem4f (.text:TRNG_generateKey)
                  00018800    00000030     rf_multiMode_cc26x2.a : rf_patch_cpe_bt5.c.cc26x2.ccs.o (.text:applyBt5Patch)
                  00018830    00000030     mcp_hw.obj (.text:mcp_hw_ctl_set)
[...]
20000fce  numComplPktsLimit                                               
20000fcf  numComplPktsFlush                                               
20000fd0  fastTxRespTime                                                  
20000fd1  slOverride                                                      
20000fd2  rxFifoFlowCtrl                                                  
20000fd3  numTxDataBufs                                                   
20000fd4  maxNumConns                                                     
20000fd5  aeCurHandle                                                     
20000fd6  aeCurAdvEnableHandle                                            
20000fd7  aeCurConnHandle                                                 
20000fd8  extScanIndex                                                    
20000fd9  extInitIndex                                                    
20000fda  scanState                                                       
20000fdb  lastPrimPhy                                                     
20000fdc  lastScanRsp                                                     
20000fdd  smTaskID                                                        
20000fde  SM_appExpectingKey                                              
20001b20  count                                                           
20001b21  RX_IDE                                                          
20001b22  RX_RTR                                                          
20001b23  data_tag                                                        
20001b24  transferOK                                                      
20001b26  autoConnect                                                     
20001b3c  hSerial                                                         
20001b40  hLcd                                                            
20001b44  EID                                                             
20001b48  ID                                                              
20001b4c  spiHandle                                                       
20001b5c  combined                                                        
20001b94  transmitBuffer                                                  
20001ba3  receiveBuffer                                                   
20001bb4  spiTransaction                                                  
20001bcc  spiParams                                                       
20001c34  spTask                                                          
20001d48  spTaskStack                                                     
20002824  PowerCC26X2_module                                              
20002ab8  ROM_stateStruct                                                 
20002ab8  ti_sysbios_knl_Clock_Module__state__V                           
20002ae4  ti_sysbios_family_arm_cc26xx_TimestampProvider_Module__state__V 
20002ae8  xdc_runtime_Startup_Module__state__V                            
20002af0  xdc_runtime_Registry_Module__state__V                           
20002af8  ti_sysbios_BIOS_Module__state__V                                
20002b1c  ti_sysbios_knl_Swi_Module__state__V                             
20002b38  ti_sysbios_knl_Task_Module__state__V                            
20002b7c  xdc_runtime_Memory_Module__state__V                             
20002b80  xdc_runtime_System_Module__state__V                             
20002b88  ti_sysbios_family_arm_m3_Hwi_Module__state__V                   
20002bbc  ti_sysbios_family_arm_cc26xx_Timer_Module__state__V             
20002d70  gapAttrTbl                                                      
20002e24  ICall_enterCriticalSection                                      
20002e28  ICall_leaveCriticalSection                                      
20002e2c  ICall_dispatcher                                                
20002e40  heapmgrMemFreeTotal                                             
20002e4c  HEAPMGR_SIZE                                                    
20002ebc  pairMode                                                        
20002ebd  mitm                                                            
20002ebe  ioCap                                                           
20002ebf  bonding                                                         
20002ec0  secureConnection                                                
20002ec1  authenPairingOnly                                               
20002ec2  autoSyncWL                                                      
20002ec3  eccReGenPolicy                                                  
20002ec4  KeySize                                                         
20002ec5  removeLRUBond                                                   
20002ec6  KeyDistList                                                     
20002ec7  eccDebugKeys                                                    
20002ec8  allowDebugKeys                                                  
20002ec9  eraseBondWhileInConn                                            
20002ecc  pRandomAddress                                                  
20002ed0  advData1                                                        
20002edb  advData2                                                        
20002ee6  attDeviceName                                                   
20002efc  advParams1                                                      
20002f18  scanResData1                                                    
20002f34  advParams2                                                      
20002f50  llUserConfig                                                    
20002fb6  gAction                                                         
20002fb7  NVOCMP_size                                                     
20002fe4  NVOCMP_nvHandle                                                 
20003014  pOverrides_bleCommon                                            
20003068  txPowerTable_2400_pa5                                           
200030b8  ti_sysbios_knl_Task_Object__table__V                            
20003104  patchedSlaveCtrlPktList                                         
20003108  ti_sysbios_family_arm_cc26xx_Timer_Object__table__V             
20003150  gattAttrTbl                                                     
20003190  sm_eccKeys_sc_host_debug                                        
200031d0  eccParams_NISTP256                                              
20003210  nvintfFncStruct                                                 
2000324c  ti_sysbios_gates_GateMutex_Object__table__V                     
20003284  ti_sysbios_knl_Swi_Module_State_0_readyQ__A                     
200032b4  ti_sysbios_knl_Swi_Object__table__V                             
200032e4  ti_sysbios_knl_Task_Module_State_0_readyQ__A                    
20003314  _hposcCoeffs                                                    
20003338  gpioCallbackFunctions                                           
2000335c  gpioPinConfigs                                                  
200033a0  ti_sysbios_knl_Clock_Object__table__V                           
200033c0  xdc_runtime_Error_IgnoreBlock                                   
200033e0  ti_sysbios_family_arm_m3_Hwi_Object__table__V                   
20003461  deviceNameCharProps                                             
20003462  disconnectImmedConnId                                           
20003464  gattAttrTbl_gatt_no_service_changed                             
20003474  rfMode                                                          
20003484  sizeInfo                                                        
20003494  bleAppServiceInfoTable                                          
200034a4  pOverrides_ble2Mbps                                             
200034b4  pOverrides_bleCoded                                             
200034c4  user0Cfg                                                        
200034d4  pOverrides_ble1Mbps                                             
200034e0  ti_sysbios_heaps_HeapCallback_Object__table__V                  
200034f5  appearanceCharProps                                             
200034f6  llUserConfig_maxPduSize                                         
20003500  bleUserCfg_maxPduSize                                           
20003504  appAssertCback                                                  
20003508  pfnBMFree                                                       
2000350c  lastAppOpcodeIdxSent                                            
20003510  _lock                                                           
20003514  _unlock                                                         
20003518  periConnParameters                                              
20003520  RFCC26XX_schedulerPolicy                                        
20003528  pinUpperBound                                                   
2000352c  pinLowerBound                                                   
20003530  pfnBMAlloc                                                      
20003534  pRfErrCb                                                        
20003540  ti_sysbios_family_arm_m3_Hwi_Module__root__V                    
20003548  ti_sysbios_gates_GateHwi_Module__root__V                        
20003550  ti_sysbios_gates_GateMutexPri_Module__root__V                   
20003558  ti_sysbios_gates_GateMutex_Module__root__V                      
20003560  ti_sysbios_hal_Hwi_Module__root__V                              
20003568  ti_sysbios_heaps_HeapCallback_Module__root__V                   
20003570  ti_sysbios_heaps_HeapMem_Module__root__V                        
20003578  ti_sysbios_knl_Clock_Module__root__V                            
20003580  ti_sysbios_knl_Event_Module__root__V                            
20003588  ti_sysbios_knl_Mailbox_Module__root__V                          
20003590  ti_sysbios_knl_Queue_Module__root__V                            
20003598  ti_sysbios_knl_Semaphore_Module__root__V                        
200035a0  ti_sysbios_knl_Swi_Module__root__V                              
200035a8  ti_sysbios_knl_Task_Module__root__V                             
200035ba  baseTaskID                                                      
200035bc  halAssertCback                                                  
200035c0  icallServiceTblPtr                                              
200035c8  main_func_sp                                                    
200035cc  ti_sysbios_family_arm_m3_Hwi_Module_State_0_excContext__A       
200035d0  ti_sysbios_family_arm_m3_Hwi_Module_State_0_excStack__A         
200035d4  ti_sysbios_knl_Task_Module_State_0_idleTask__A                  
200035da  CryptoResourceCC26XX_pollingFlag                                
200035dc  PKAResourceCC26XX_pollingFlag                                   
200035e0  ti_sysbios_family_arm_m3_Hwi_Module_State_0_excActive__A        
200035e2  periConnParamCharProps                                          
200035e3  centAddrResCharProps                                            
200035e4  centAddrRes                                                     
200035e5  resolvablePrivateAddressOnlyCharProps                           
200035e6  GATTServApp_gatt_no_service_changed                             
200035e8  qosDefaultPriorityConnParameter                                 
200035e9  extScanChanMap                                                  
200035ea  sizeOfAllExtConnParam                                           
200035eb  rfRatHandle                                                     
200035ec  smAllowDebugKeysMode                                            
200035ed  gapEndAppTaskID                                                 
200035ee  gapAppTaskID                                                    
200035ef  legacyMode                                                      
200035f0  argPeriodic                                                     
200035f1  argRpaRead                                                      
20004200  ti_sysbios_knl_Task_Instance_State_0_stack__A                   
20004500  spiCC26X2DMAObjects                                             
20004720  uartCC26XXObjects                                               
200048dc  ti_sysbios_family_arm_m3_Hwi_dispatchTable                      
200049b4  trngCC26XXObjects                                               
20004a38  pinHandleTable                                                  
20004ab4  cbTimers                                                        
20004b2c  aesctrdrbgXXObjects                                             
20004bd4  CryptoResourceCC26XX_accessSemaphore                            
20004c24  CryptoResourceCC26XX_operationSemaphore                         
20004c74  PKAResourceCC26XX_accessSemaphore                               
20004cc4  PKAResourceCC26XX_operationSemaphore                            
20004d14  displayLcdObject                                                
20004d58  nvFptrs                                                         
20004dfc  llCteSamples                                                    
20004e20  req                                                             
20004e40  gapBond_remoteOobData                                           
20004e60  gapBond_localOobData                                            
20004ee0  ecdhCC26X2Objects                                               
20004f00  udmaCC26XXObject                                                
20004f74  CryptoResourceCC26XX_hwi                                        
20004f90  PKAResourceCC26XX_hwi                                           
20004fac  deviceName                                                      
20004fc4  llCoex                                                          
20004ff4  aesccmCC26XXObjects                                             
2000500c  aesctrCC26XXObjects                                             
20005024  aesecbCC26XXObjects                                             
20005064  llCteTest                                                       
20005070  cteAntennaProp                                                  
2000507c  llTaskList                                                      
200050a0  displayUartObject                                               
200050ac  secondaryAdvChannelMap                                          
200050b4  llRfCmdPreemption                                               
200050cc  ggs_AppCBs                                                      
200050d4  BDAddrPerConnHandle                                             
200050d8  llCte                                                           
200050dc  llConnExtParam                                                  
200050e0  extStackSettings                                                
200050e4  trngHandle                                                      
200050e8  LSTORecoveryArr                                                 
200050ec  pNextAdvSet                                                     
200050f0  llCurrentMappedChan                                             
200050f4  drbgHandle                                                      
200050f8  pRpaCfg                                                         
200050fc  gapBond_lruBondList                                             
20005100  gapBondStateNodeHead                                            
20005104  osal_syncHandle                                                 
20005108  osal_tickperiod                                                 
2000510c  osal_max_msecs                                                  
20005110  osal_icallMsg_hook                                              
20005114  osal_qHead                                                      
20005118  osal_eventloop_hook                                             
20005124  OSAL_timeSeconds                                                
20005128  timerHead                                                       
20005130  osal_last_timestamp                                             
20005140  PowerCC26XX_swiKey                                              
20005144  PowerCC26XX_taskKey                                             
20005148  nvsCC26XXObjects                                                
2000514c  tasksEvents                                                     
20005150  appearance                                                      
20005152  maximumPduSize                                                  
20005156  pwrmgr_attribute                                                
20005158  resolvablePrivateAddressOnly                                    
20005159  GATTServApp_att_delayed_req                                     
2000515a  hciTaskID                                                       
2000515b  hciL2capTaskID                                                  
2000515c  hciGapTaskID                                                    
2000515d  hciSmpTaskID                                                    
2000515e  hciTestTaskID                                                   
2000515f  hciVsEvtMask                                                    
20005160  scanReqRpt                                                      
20005161  secondaryAdvChannelMapPopCount                                  
20005162  qosDefaultPriorityAdvParameter                                  
20005163  maxNumCteDataBufs                                               
20005164  numActiveAdvSets                                                
20005165  wlSize                                                          
20005166  rlSize                                                          
20005167  decryptResult                                                   
20005168  llUnhandleNextIntFlag                                           
20005169  smAuthenPairingOnlyMode                                         
2000516a  icall_liteTaskId                                                
2000516b  gapBond_removeLRUBond                                           
2000516c  gapBond_syncRL                                                  
2000516d  assertSubcause                                                  
2000516e  osal_entity                                                     
2000516f  pwrmgr_initialized                                              
20005171  driverlib_release_0_60278                                       
20005172  heapStart                                                       
20013c00  __stack                                                         
20013c00  heapEnd                                                         
20014000  __STACK_END                                                     
20014000  __STACK_TOP                                                     
20014000  __UNUSED_SRAM_end__                                             
e000e000  ti_sysbios_family_arm_m3_Hwi_nvic                               
ffffffff  __TI_pprof_out_hndl                                             
ffffffff  __TI_prof_data_size                                             
ffffffff  __TI_prof_data_start                                            
ffffffff  __binit__                                                       
ffffffff  __c_args__                                                      
ffffffff  binit                                                           
UNDEFED   ITM_flush                                                       
UNDEFED   ITM_restore                                                     
UNDEFED   SHT$$INIT_ARRAY$$Base                                           
UNDEFED   SHT$$INIT_ARRAY$$Limit                                          

[3107 symbols]
