******************************************************************************
                  TI ARM Linker PC v20.2.1                     
******************************************************************************
>> Linked Sun Mar 12 19:04:01 2023

OUTPUT FILE NAME:   <simple_peripheral_CC26X2R1_LAUNCHXL_tirtos_ccs.out>
ENTRY POINT SYMBOL: "ResetISR"  address: 00013b61


MEMORY CONFIGURATION

         name            origin    length      used     unused   attr    fill
----------------------  --------  ---------  --------  --------  ----  --------
  FLASH                 00000000   00056000  0001fa9a  00036566  R  X
  FLASH_LAST_PAGE       00056000   00002000  00000058  00001fa8  R  X
  RTOS_SRAM             20000000   0000012c  000000e4  00000048  RW X
  SRAM                  20000fdf   00013021  00002b0e  00010513  RW X


SEGMENT ALLOCATION MAP

run origin  load origin   length   init length attrs members
----------  ----------- ---------- ----------- ----- -------
00000000    00000000    0001baa0   0001baa0    r-x
  00000000    00000000    0000003c   0000003c    r-- .resetVecs
  0000003c    0000003c    0001931c   0001931c    r-x .text
  00019358    00019358    00001fee   00001fee    r-- .const
  0001b348    0001b348    00000144   00000144    r-- .rodata
  0001b490    0001b490    00000610   00000610    r-- .cinit
00048000    00048000    00004000   00000000    rw-
  00048000    00048000    00004000   00000000    rw- .TI.bound:flashBuf0
00057fa8    00057fa8    00000058   00000058    r--
  00057fa8    00057fa8    00000058   00000058    r-- .ccfg
20000100    20000100    0000000c   00000000    rw-
  20000100    20000100    00000004   00000000    rw- .data:xdcRomConstPtr
  20000104    20000104    00000004   00000000    rw- .data:xdcRomExternFuncPtr
  20000108    20000108    00000004   00000000    rw- .data:xdcRomStatePtr
20000fe0    20000fe0    0000270e   00000000    rw-
  20000fe0    20000fe0    000019af   00000000    rw- .data
  20002990    20002990    00000d5e   00000000    rw- .bss
20013c00    20013c00    00000400   00000000    rw-
  20013c00    20013c00    00000400   00000000    rw- .stack


SECTION ALLOCATION MAP

 output                                  attributes/
section   page    origin      length       input sections
--------  ----  ----------  ----------   ----------------
.cinit     0    0001b490    00000610     
                  0001b490    000005ba     (.cinit..data.load) [load image, compression = lzss]
                  0001ba4a    00000002     --HOLE-- [fill = 0]
                  0001ba4c    0000000c     (__TI_handler_table)
                  0001ba58    00000008     (.cinit..bss.load) [load image, compression = zero_init]
                  0001ba60    00000008     (.cinit..data:xdcRomConstPtr.load) [load image, compression = lzss]
                  0001ba68    00000008     (.cinit..data:xdcRomExternFuncPtr.load) [load image, compression = lzss]
                  0001ba70    00000008     (.cinit..data:xdcRomStatePtr.load) [load image, compression = lzss]
                  0001ba78    00000028     (__TI_cinit_table)

.init_array 
*          0    00000000    00000000     UNINITIALIZED

.ccfg      0    00057fa8    00000058     
                  00057fa8    00000058     ti_devices_config.obj (.ccfg:retain)

.data:xdcRomConstPtr 
*          0    20000100    00000004     UNINITIALIZED
                  20000100    00000004     simple_peripheral_app_pem4f.oem4f (.data:xdcRomConstPtr)

.data:xdcRomExternFuncPtr 
*          0    20000104    00000004     UNINITIALIZED
                  20000104    00000004     simple_peripheral_app_pem4f.oem4f (.data:xdcRomExternFuncPtr)

.data:xdcRomStatePtr 
*          0    20000108    00000004     UNINITIALIZED
                  20000108    00000004     simple_peripheral_app_pem4f.oem4f (.data:xdcRomStatePtr)

.data      0    20000fe0    000019af     UNINITIALIZED
                  20000fe0    000005a8     simple_peripheral.obj (.data:$O3$$)
                  20001588    00000508     rf_multiMode_cc26x2.a : RFCC26X2_multiMode.c.cc26x2.ccs.o (.data:$O1$$)
                  20001a90    000001d4     devinfoservice.obj (.data:$O11$$)
                  20001c64    00000170     drivers_cc26x2.a : PowerCC26X2.oem4f (.data:PowerCC26X2_module)
                  20001dd4    00000124     simple_gatt_profile.obj (.data:$O13$$)
                  20001ef8    0000010c     simple_peripheral_app_pem4f.oem4f (.data:ROM_stateStruct)
                  20002004    000000f8     StackWrapper.a : gapbondmgr.o (.data)
                  200020fc    000000b0     OneLib.a : gapgattserver.o (.data)
                  200021ac    0000009c     icall.obj (.data:$O14$$)
                  20002248    00000094     ti_ble_config.obj (.data:$O1$$)
                  200022dc    00000064     OneLib.a : ll_config.o (.data)
                  20002340    00000060     nvocmp.obj (.data:$O6$$)
                  200023a0    00000054     ti_radio_config.obj (.data:pOverrides_bleCommon)
                  200023f4    00000050     ti_radio_config.obj (.data:txPowerTable_2400_pa5)
                  20002444    0000004c     simple_peripheral_app_pem4f.oem4f (.data:ti_sysbios_knl_Task_Object__table__V)
                  20002490    00000048     board_key.obj (.data:$O2$$)
                  200024d8    00000048     simple_peripheral_app_pem4f.oem4f (.data:ti_sysbios_family_arm_cc26xx_Timer_Object__table__V)
                  20002520    00000040     OneLib.a : gattservapp.o (.data)
                  20002560    00000040              : sm_pairing.o (.data)
                  200025a0    00000040     ble_user_config.obj (.data:eccParams_NISTP256)
                  200025e0    0000003c     icall_user_config.obj (.data:nvintfFncStruct)
                  2000261c    00000038     simple_peripheral_app_pem4f.oem4f (.data:ti_sysbios_gates_GateMutex_Object__table__V)
                  20002654    00000030     simple_peripheral_app_pem4f.oem4f (.data:ti_sysbios_knl_Swi_Module_State_0_readyQ__A)
                  20002684    00000030     simple_peripheral_app_pem4f.oem4f (.data:ti_sysbios_knl_Swi_Object__table__V)
                  200026b4    00000030     simple_peripheral_app_pem4f.oem4f (.data:ti_sysbios_knl_Task_Module_State_0_readyQ__A)
                  200026e4    00000024     driverlib.lib : osc.obj (.data:$O20$$)
                  20002708    00000020     drivers_cc26x2.a : TRNGCC26XX.oem4f (.data:entropyPoolBuffer)
                  20002728    00000020     simple_peripheral_app_pem4f.oem4f (.data:ti_sysbios_knl_Clock_Object__table__V)
                  20002748    00000020     simple_peripheral_app_pem4f.oem4f (.data:xdc_runtime_Error_IgnoreBlock)
                  20002768    00000018     simple_peripheral_app_pem4f.oem4f (.data:ti_sysbios_family_arm_m3_Hwi_Object__table__V)
                  20002780    00000014     two_btn_menu.obj (.data:$O5$$)
                  20002794    00000014     StackWrapper.a : osal.o (.data)
                  200027a8    00000011     simple_gatt_profile.obj (.data:simpleProfileChar1UserDesp$19)
                  200027b9    00000011     simple_gatt_profile.obj (.data:simpleProfileChar2UserDesp$19)
                  200027ca    00000011     simple_gatt_profile.obj (.data:simpleProfileChar3UserDesp$19)
                  200027db    00000011     simple_gatt_profile.obj (.data:simpleProfileChar4UserDesp$19)
                  200027ec    00000011     simple_gatt_profile.obj (.data:simpleProfileChar5UserDesp$19)
                  200027fd    00000001     OneLib.a : gapgattserver.o (.data)
                  200027fe    00000002              : ll.o (.data)
                  20002800    00000010              : gattservapp.o (.data)
                  20002810    00000010              : ll.o (.data)
                  20002820    00000010              : ll_data.o (.data)
                  20002830    00000010     icall_user_config.obj (.data:bleAppServiceInfoTable)
                  20002840    00000010     ti_radio_config.obj (.data:pOverrides_ble2Mbps)
                  20002850    00000010     ti_radio_config.obj (.data:pOverrides_bleCoded)
                  20002860    00000010     main.obj (.data:user0Cfg)
                  20002870    0000000c     ti_radio_config.obj (.data:pOverrides_ble1Mbps)
                  2000287c    0000000c     simple_peripheral_app_pem4f.oem4f (.data:ti_sysbios_heaps_HeapCallback_Object__table__V)
                  20002888    00000009     devinfoservice.obj (.data)
                  20002891    00000001     OneLib.a : gapgattserver.o (.data)
                  20002892    00000002              : ll_config.o (.data)
                  20002894    00000008     icall_cc2650.obj (.data:$O16$$)
                  2000289c    00000008     ble_user_config.obj (.data:$O17$$)
                  200028a4    00000008     icall_api_lite.obj (.data:$O18$$)
                  200028ac    00000008     rtsv7M4_T_le_v4SPD16_eabi.lib : _lock.c.obj (.data:$O23$$)
                  200028b4    00000008     OneLib.a : gapgattserver.o (.data)
                  200028bc    00000008     rf_multiMode_cc26x2.a : RFCC26X2_multiMode.c.cc26x2.ccs.o (.data:RFCC26XX_schedulerPolicy)
                  200028c4    00000008     drivers_cc26x2.a : PINCC26XX.oem4f (.data)
                  200028cc    00000008     icall_api_lite.obj (.data)
                  200028d4    00000008     drivers_cc26x2.a : TRNGCC26XX.oem4f (.data:jobList)
                  200028dc    00000008     simple_peripheral_app_pem4f.oem4f (.data:ti_sysbios_family_arm_m3_Hwi_Module__root__V)
                  200028e4    00000008     simple_peripheral_app_pem4f.oem4f (.data:ti_sysbios_gates_GateHwi_Module__root__V)
                  200028ec    00000008     simple_peripheral_app_pem4f.oem4f (.data:ti_sysbios_gates_GateMutexPri_Module__root__V)
                  200028f4    00000008     simple_peripheral_app_pem4f.oem4f (.data:ti_sysbios_gates_GateMutex_Module__root__V)
                  200028fc    00000008     simple_peripheral_app_pem4f.oem4f (.data:ti_sysbios_hal_Hwi_Module__root__V)
                  20002904    00000008     simple_peripheral_app_pem4f.oem4f (.data:ti_sysbios_heaps_HeapCallback_Module__root__V)
                  2000290c    00000008     simple_peripheral_app_pem4f.oem4f (.data:ti_sysbios_heaps_HeapMem_Module__root__V)
                  20002914    00000008     simple_peripheral_app_pem4f.oem4f (.data:ti_sysbios_knl_Clock_Module__root__V)
                  2000291c    00000008     simple_peripheral_app_pem4f.oem4f (.data:ti_sysbios_knl_Event_Module__root__V)
                  20002924    00000008     simple_peripheral_app_pem4f.oem4f (.data:ti_sysbios_knl_Mailbox_Module__root__V)
                  2000292c    00000008     simple_peripheral_app_pem4f.oem4f (.data:ti_sysbios_knl_Queue_Module__root__V)
                  20002934    00000008     simple_peripheral_app_pem4f.oem4f (.data:ti_sysbios_knl_Semaphore_Module__root__V)
                  2000293c    00000008     simple_peripheral_app_pem4f.oem4f (.data:ti_sysbios_knl_Swi_Module__root__V)
                  20002944    00000008     simple_peripheral_app_pem4f.oem4f (.data:ti_sysbios_knl_Task_Module__root__V)
                  2000294c    00000005     simple_gatt_profile.obj (.data)
                  20002951    00000001     OneLib.a : gapgattserver.o (.data)
                  20002952    00000002     StackWrapper.a : osal_cbtimer.o (.data)
                  20002954    00000004     OneLib.a : ll_slave_end_causes.o (.data)
                  20002958    00000004     StackWrapper.a : hal_assert.o (.data)
                  2000295c    00000004     ble_user_config_stack.obj (.data)
                  20002960    00000004     rtsv7M4_T_le_v4SPD16_eabi.lib : stkdepth_vars.c.obj (.data)
                  20002964    00000004     simple_peripheral_app_pem4f.oem4f (.data:ti_sysbios_family_arm_m3_Hwi_Module_State_0_excContext__A)
                  20002968    00000004     simple_peripheral_app_pem4f.oem4f (.data:ti_sysbios_family_arm_m3_Hwi_Module_State_0_excStack__A)
                  2000296c    00000004     simple_peripheral_app_pem4f.oem4f (.data:ti_sysbios_knl_Task_Module_State_0_idleTask__A)
                  20002970    00000002     drivers_cc26x2.a : CryptoResourceCC26XX.oem4f (.data)
                  20002972    00000002                      : PKAResourceCC26XX.oem4f (.data)
                  20002974    00000002                      : TRNGCC26XX.oem4f (.data)
                  20002976    00000002     simple_peripheral_app_pem4f.oem4f (.data:ti_sysbios_family_arm_m3_Hwi_Module_State_0_excActive__A)
                  20002978    00000001     OneLib.a : gapgattserver.o (.data)
                  20002979    00000001              : gapgattserver.o (.data)
                  2000297a    00000001              : gapgattserver.o (.data)
                  2000297b    00000001              : gattservapp.o (.data)
                  2000297c    00000001              : gattservapp.o (.data)
                  2000297d    00000001              : ll.o (.data)
                  2000297e    00000001              : ll_ae.o (.data)
                  2000297f    00000001              : ll_data.o (.data)
                  20002980    00000001              : ll_scheduler.o (.data)
                  20002981    00000001              : sm_task.o (.data)
                  20002982    00000001     StackWrapper.a : gap.o (.data)
                  20002983    00000001                    : gap.o (.data)
                  20002984    00000001                    : hal_assert.o (.data)
                  20002985    00000001     simple_peripheral.obj (.data:argPeriodic)
                  20002986    00000001     simple_peripheral.obj (.data:argRpaRead)
                  20002987    00000001     drivers_cc26x2.a : AESCCMCC26XX.oem4f (.data)
                  20002988    00000001                      : AESCTRCC26XX.oem4f (.data)
                  20002989    00000001                      : AESCTRDRBGXX.oem4f (.data)
                  2000298a    00000001                      : AESECBCC26XX.oem4f (.data)
                  2000298b    00000001                      : ECDHCC26X2.oem4f (.data)
                  2000298c    00000001                      : NVS.oem4f (.data)
                  2000298d    00000001                      : UART.oem4f (.data)
                  2000298e    00000001     rf_multiMode_cc26x2.a : rf_patch_cpe_bt5.c.cc26x2.ccs.o (.data)

.bss       0    20002990    00000d5e     UNINITIALIZED
                  20002990    00000300     simple_peripheral_app_pem4f.oem4f (.bss:taskStackSection)
                  20002c90    000001bc     (.common:uartCC26XXObjects)
                  20002e4c    000000d8     (.common:ti_sysbios_family_arm_m3_Hwi_dispatchTable)
                  20002f24    00000084     (.common:trngCC26XXObjects)
                  20002fa8    00000080     ti_drivers_config.obj (.bss:displayUARTBuffer)
                  20003028    0000007c     (.common:pinHandleTable)
                  200030a4    00000078     StackWrapper.a : osal_cbtimer.o (.bss)
                  2000311c    00000064     simple_peripheral_menu.obj (.bss:$O4$$)
                  20003180    00000058     (.common:aesctrdrbgXXObjects)
                  200031d8    00000050     drivers_cc26x2.a : PINCC26XX.oem4f (.bss:pinSemaphore)
                  20003228    00000050     (.common:CryptoResourceCC26XX_accessSemaphore)
                  20003278    00000050     (.common:CryptoResourceCC26XX_operationSemaphore)
                  200032c8    00000050     (.common:PKAResourceCC26XX_accessSemaphore)
                  20003318    00000050     (.common:PKAResourceCC26XX_operationSemaphore)
                  20003368    0000003c     StackWrapper.a : osal_snv_wrapper.o (.bss)
                  200033a4    0000003c     drivers_cc26x2.a : PINCC26XX.oem4f (.bss:pinSwi)
                  200033e0    00000024     OneLib.a : ll.o (.bss)
                  20003404    00000020              : gattservapp.o (.bss)
                  20003424    00000020     StackWrapper.a : gapbondmgr.o (.bss)
                  20003444    00000020                    : gapbondmgr.o (.bss)
                  20003464    00000020     drivers_cc26x2.a : PINCC26XX.oem4f (.bss:pinGpioConfigTable)
                  20003484    00000020     ti_drivers_config.obj (.bss:uartCC26XXRingBuffer0)
                  200034a4    00000020     (.common:ecdhCC26X2Objects)
                  200034c4    0000001c     drivers_cc26x2.a : TRNGCC26XX.oem4f (.bss:TRNGCC26XX_hwi)
                  200034e0    0000001c                      : TRNGCC26XX.oem4f (.bss:entropyPool)
                  200034fc    0000001c                      : PINCC26XX.oem4f (.bss:pinHwi)
                  20003518    0000001c     (.common:CryptoResourceCC26XX_hwi)
                  20003534    0000001c     (.common:PKAResourceCC26XX_hwi)
                  20003550    00000018     OneLib.a : gapgattserver.o (.bss)
                  20003568    00000018              : ll_common.o (.bss)
                  20003580    00000018     (.common:aesccmCC26XXObjects)
                  20003598    00000018     (.common:aesctrCC26XXObjects)
                  200035b0    00000018     (.common:aesecbCC26XXObjects)
                  200035c8    00000014     rf_multiMode_cc26x2.a : RFCC26X2_multiMode.c.cc26x2.ccs.o (.bss:RF_ratSyncCmd)
                  200035dc    00000014     drivers_cc26x2.a : Random.oem4f (.bss:state)
                  200035f0    00000010     util.obj (.bss:str$1$8)
                  20003600    0000000c     OneLib.a : ll.o (.bss)
                  2000360c    0000000c              : ll.o (.bss)
                  20003618    0000000c              : ll_scheduler.o (.bss)
                  20003624    0000000c     drivers_cc26x2.a : NVSCC26XX.oem4f (.bss)
                  20003630    0000000c     (.common:displayUartObject)
                  2000363c    00000008     OneLib.a : ll.o (.bss)
                  20003644    00000008              : ll_ae.o (.bss)
                  2000364c    00000004              : gapgattserver.o (.bss)
                  20003650    00000004              : gattservapp.o (.bss)
                  20003654    00000004              : linkdb.o (.bss)
                  20003658    00000004              : ll.o (.bss)
                  2000365c    00000004              : ll.o (.bss)
                  20003660    00000004              : ll.o (.bss)
                  20003664    00000004              : ll.o (.bss)
                  20003668    00000004              : ll.o (.bss)
                  2000366c    00000004              : ll_ae.o (.bss)
                  20003670    00000004              : ll_common.o (.bss)
                  20003674    00000004              : ll_enc.o (.bss)
                  20003678    00000004              : ll_privacy.o (.bss)
                  2000367c    00000004     StackWrapper.a : gapbondmgr.o (.bss)
                  20003680    00000004                    : gapbondmgr.o (.bss)
                  20003684    00000004                    : osal.o (.bss)
                  20003688    00000004                    : osal.o (.bss)
                  2000368c    00000004                    : osal.o (.bss)
                  20003690    00000004                    : osal.o (.bss)
                  20003694    00000004                    : osal.o (.bss)
                  20003698    00000004                    : osal.o (.bss)
                  2000369c    00000004                    : osal_bufmgr.o (.bss)
                  200036a0    00000004                    : osal_clock.o (.bss)
                  200036a4    00000004                    : osal_clock.o (.bss)
                  200036a8    00000004                    : osal_timers.o (.bss)
                  200036ac    00000004                    : osal_timers.o (.bss)
                  200036b0    00000004                    : osal_timers.o (.bss)
                  200036b4    00000004     drivers_cc26x2.a : ECDHCC26X2.oem4f (.bss)
                  200036b8    00000004                      : PINCC26XX.oem4f (.bss)
                  200036bc    00000004     (.common:PowerCC26XX_swiKey)
                  200036c0    00000004     (.common:PowerCC26XX_taskKey)
                  200036c4    00000004     (.common:nvsCC26XXObjects)
                  200036c8    00000004     (.common:tasksEvents)
                  200036cc    00000002     OneLib.a : gapgattserver.o (.bss)
                  200036ce    00000002              : ll.o (.bss)
                  200036d0    00000002              : ll_slave_end_causes.o (.bss)
                  200036d2    00000002     StackWrapper.a : osal_pwrmgr.o (.bss)
                  200036d4    00000001     OneLib.a : gapgattserver.o (.bss)
                  200036d5    00000001              : gattservapp.o (.bss)
                  200036d6    00000001              : hci_tl.o (.bss)
                  200036d7    00000001              : hci_tl.o (.bss)
                  200036d8    00000001              : hci_tl.o (.bss)
                  200036d9    00000001              : hci_tl.o (.bss)
                  200036da    00000001              : hci_tl.o (.bss)
                  200036db    00000001              : hci_tl.o (.bss)
                  200036dc    00000001              : ll.o (.bss)
                  200036dd    00000001              : ll.o (.bss)
                  200036de    00000001              : ll.o (.bss)
                  200036df    00000001              : ll.o (.bss)
                  200036e0    00000001              : ll_ae.o (.bss)
                  200036e1    00000001              : ll_config.o (.bss)
                  200036e2    00000001              : ll_config.o (.bss)
                  200036e3    00000001              : ll_enc.o (.bss)
                  200036e4    00000001              : ll_isr.o (.bss)
                  200036e5    00000001              : sm_task.o (.bss)
                  200036e6    00000001     StackWrapper.a : ble_dispatch_lite.o (.bss)
                  200036e7    00000001                    : gapbondmgr.o (.bss)
                  200036e8    00000001                    : gapbondmgr.o (.bss)
                  200036e9    00000001                    : hal_assert.o (.bss)
                  200036ea    00000001                    : osal.o (.bss)
                  200036eb    00000001                    : osal_pwrmgr.o (.bss)
                  200036ec    00000001     rf_multiMode_cc26x2.a : RFCC26X2_multiMode.c.cc26x2.ccs.o (.bss)
                  200036ed    00000001     (.common:driverlib_release_0_60278)

.vtable    0    200036ee    00000000     UNINITIALIZED

.vtable_ram 
*          0    200036ee    00000000     UNINITIALIZED

vtable_ram 
*          0    200036ee    00000000     UNINITIALIZED

.sysmem    0    200036ee    00000000     UNINITIALIZED

.nonretenvar 
*          0    200036ee    00000000     UNINITIALIZED

.stack     0    20013c00    00000400     UNINITIALIZED
                  20013c00    00000400     --HOLE--

.bootVecs 
*          0    00000000    00000008     DSECT
                  00000000    00000008     boot.aem4f : boot.oem4f (.bootVecs)

.resetVecs 
*          0    00000000    0000003c     
                  00000000    0000003c     simple_peripheral_app_pem4f.oem4f (.resetVecs)

.vecs      0    20000000    000000d8     NOLOAD SECTION
                  20000000    000000d8     simple_peripheral_app_pem4f.oem4f (.vecs)

xdc.meta   0    00000000    00000127     COPY SECTION
                  00000000    00000127     simple_peripheral_app_pem4f.oem4f (xdc.meta)

xdc.noload 
*          0    00000000    00000000     COPY SECTION

.TI.bound:flashBuf0 
*          0    00048000    00004000     UNINITIALIZED
                  00048000    00004000     ti_drivers_config.obj (.TI.bound:flashBuf0)

.text      0    0000003c    0001931c     
                  0000003c    00000cf0     simple_peripheral.obj (.text:SimplePeripheral_taskFxn$5)
                  00000d2c    00000b58     StackWrapper.a : gapbondmgr.o (.text)
                  00001884    000006f8     OneLib.a : ll_adv_end_causes.o (.text)
                  00001f7c    00000650     StackWrapper.a : gapbondmgr.o (.text)
                  000025cc    00000518     simple_peripheral.obj (.text:SimplePeripheral_processGapMessage$5)
                  00002ae4    000004f0     OneLib.a : ll_ae.o (.text)
                  00002fd4    000004b0     rf_multiMode_cc26x2.a : RFCC26X2_multiMode.c.cc26x2.ccs.o (.text:RF_fsmActiveState)
                  00003484    00000488     OneLib.a : ll_slave_end_causes.o (.text)
                  0000390c    00000470              : ll_isr.o (.text)
                  00003d7c    00000450              : ll.o (.text)
                  000041cc    000003c4              : ble.o (.text)
                  00004590    000003c4              : ll_slave_end_causes.o (.text)
                  00004954    000003a4              : ll_isr.o (.text)
                  00004cf8    000003a4              : ll_scheduler.o (.text)
                  0000509c    00000334              : ll_scheduler.o (.text)
                  000053d0    00000330              : ll_ae.o (.text)
                  00005700    00000320              : ll.o (.text)
                  00005a20    000002c4              : ll_ae.o (.text)
                  00005ce4    000002c0              : ll_isr.o (.text)
                  00005fa4    000002b0     StackWrapper.a : gapbondmgr.o (.text)
                  00006254    00000298     rf_multiMode_cc26x2.a : RFCC26X2_multiMode.c.cc26x2.ccs.o (.text:RF_open)
                  000064ec    00000274     OneLib.a : ll_ae.o (.text)
                  00006760    0000025c     nvocmp.obj (.text:NVOCMP_addItem$10)
                  000069bc    0000025c     StackWrapper.a : gapbondmgr.o (.text)
                  00006c18    00000248     OneLib.a : ll_data.o (.text)
                  00006e60    00000248              : ll_isr.o (.text)
                  000070a8    00000230     drivers_cc26x2.a : ECDHCC26X2.oem4f (.text:ECDHCC26X2_runFSM)
                  000072d8    00000224     OneLib.a : ll_common.o (.text)
                  000074fc    00000218     nvocmp.obj (.text:NVOCMP_initNv$10)
                  00007714    00000210     rf_multiMode_cc26x2.a : RFCC26X2_multiMode.c.cc26x2.ccs.o (.text:RF_scheduleCmd)
                  00007924    00000204     OneLib.a : gattservapp.o (.text)
                  00007b28    000001f4     drivers_cc26x2.a : PINCC26XX.oem4f (.text:PIN_init)
                  00007d1c    000001e0     StackWrapper.a : osal.o (.text)
                  00007efc    000001e0     osal_icall_ble.obj (.text:stack_main)
                  000080dc    000001dc     rf_multiMode_cc26x2.a : RFCC26X2_multiMode.c.cc26x2.ccs.o (.text:RF_dispatchNextCmd)
                  000082b8    000001d8     OneLib.a : ll.o (.text)
                  00008490    000001bc     main.obj (.text:AssertHandler)
                  0000864c    000001a8     OneLib.a : ll_scheduler.o (.text)
                  000087f4    00000198     drivers_cc26x2.a : PowerCC26X2.oem4f (.text:Power_sleep)
                  0000898c    00000196     OneLib.a : ll_common.o (.text)
                  00008b22    00000002     ti_drivers_config.obj (.text:Board_initHook)
                  00008b24    00000190     drivers_cc26x2.a : PowerCC26X2_calibrateRCOSC.oem4f (.text:calibrateRcoscHf1)
                  00008cb4    0000018c                      : PowerCC26X2_calibrateRCOSC.oem4f (.text:runCalibrateFsm)
                  00008e40    00000188     nvocmp.obj (.text:NVOCMP_compact$10)
                  00008fc8    00000184     simple_peripheral.obj (.text:SimplePeripheral_doAutoConnect)
                  0000914c    00000184     icall.obj (.text:icall_directAPI)
                  000092d0    0000017c     OneLib.a : ll_isr.o (.text)
                  0000944c    00000174              : gattservapp.o (.text)
                  000095c0    00000174     drivers_cc26x2.a : PowerCC26X2.oem4f (.text:Power_init)
                  00009734    00000168     OneLib.a : ll_common.o (.text)
                  0000989c    00000164              : ll_ae.o (.text)
                  00009a00    00000164     drivers_cc26x2.a : UARTCC26XX.oem4f (.text:UARTCC26XX_open)
                  00009b64    00000162     StackWrapper.a : osal.o (.text)
                  00009cc6    00000002     ble_user_config.obj (.text:DefaultAssertCback)
                  00009cc8    00000158     driverlib.lib : sys_ctrl.obj (.text:NOROM_SysCtrlStandby)
                  00009e20    00000158     OneLib.a : ll_common.o (.text)
                  00009f78    00000154     rf_multiMode_cc26x2.a : RFCC26X2_multiMode.c.cc26x2.ccs.o (.text:RF_radioOpDoneCb)
                  0000a0cc    00000154     drivers_cc26x2.a : UARTCC26XX.oem4f (.text:UARTCC26XX_hwiIntFxn)
                  0000a220    00000150     OneLib.a : gap_task.o (.text)
                  0000a370    0000014c              : ll_isr.o (.text)
                  0000a4bc    00000148     rf_multiMode_cc26x2.a : RFCC26X2_multiMode.c.cc26x2.ccs.o (.text:RF_fsmSetupState)
                  0000a604    00000144     StackWrapper.a : gap.o (.text)
                  0000a748    00000140     OneLib.a : gattservapp.o (.text)
                  0000a888    0000013c     drivers_cc26x2.a : AESCCMCC26XX.oem4f (.text:AESCCM_startOperation)
                  0000a9c4    0000013a                      : UARTCC26XX.oem4f (.text:UARTCC26XX_read)
                  0000aafe    00000002     display.a : DisplayUart.oem4f (.text:DisplayUartAnsi_init)
                  0000ab00    00000138     drivers_cc26x2.a : ECDHCC26X2.oem4f (.text:ECDH_computeSharedSecret)
                  0000ac38    00000138                      : NVSCC26XX.oem4f (.text:NVSCC26XX_write)
                  0000ad70    00000138     rf_multiMode_cc26x2.a : RFCC26X2_multiMode.c.cc26x2.ccs.o (.text:RF_abortCmd)
                  0000aea8    00000138                           : RFCC26X2_multiMode.c.cc26x2.ccs.o (.text:RF_ratSetupChannel)
                  0000afe0    00000120     nvocmp.obj (.text:NVOCMP_compactPage$10)
                  0000b100    00000120     OneLib.a : ll_common.o (.text)
                  0000b220    00000120              : ll_data.o (.text)
                  0000b340    00000120     drivers_cc26x2.a : PowerCC26X2.oem4f (.text:configureXOSCHF)
                  0000b460    0000011c     OneLib.a : ll_isr.o (.text)
                  0000b57c    00000114              : ll_common.o (.text)
                  0000b690    00000114     drivers_cc26x2.a : PINCC26XX.oem4f (.text:PINCC26XX_setIoCfg)
                  0000b7a4    0000010c     OneLib.a : gatt_client.o (.text)
                  0000b8b0    00000108     drivers_cc26x2.a : AESECBCC26XX.oem4f (.text:AESECB_startOperation)
                  0000b9b8    00000106     simple_peripheral_app_pem4f.oem4f (.text:xdc_runtime_System_printfExtend__I)
                  0000babe    00000002     rom_init.obj (.text:MAP_llClearPeriodicAdvSets)
                  0000bac0    00000104     rf_multiMode_cc26x2.a : RFCC26X2_multiMode.c.cc26x2.ccs.o (.text:RF_hwiCpe0Active)
                  0000bbc4    00000104     simple_peripheral.obj (.text:SimplePeripheral_doSetConnPhy)
                  0000bcc8    00000100     nvocmp.obj (.text:NVOCMP_findItem$10)
                  0000bdc8    000000fe     OneLib.a : ll_scheduler.o (.text)
                  0000bec6    00000002     rom_init.obj (.text:MAP_llClearPeriodicScanSets)
                  0000bec8    000000fc     OneLib.a : ll_scheduler.o (.text)
                  0000bfc4    000000fc              : ll_scheduler.o (.text)
                  0000c0c0    000000fc     rf_multiMode_cc26x2.a : RFCC26X2_multiMode.c.cc26x2.ccs.o (.text:RF_decodeOverridePointers)
                  0000c1bc    000000f8     drivers_cc26x2.a : AESCTRCC26XX.oem4f (.text:AESCTR_startOperation)
                  0000c2b4    000000f8     OneLib.a : sm_rsppairing.o (.text)
                  0000c3ac    000000f4              : ll_scheduler.o (.text)
                  0000c4a0    000000f4     two_btn_menu.obj (.text:tbm_displayItemPage)
                  0000c594    000000f0     OneLib.a : ll_ae.o (.text)
                  0000c684    000000f0     rf_multiMode_cc26x2.a : RFCC26X2_multiMode.c.cc26x2.ccs.o (.text:RF_fsmPowerUpState)
                  0000c774    000000ec     OneLib.a : gap_advertiser.o (.text)
                  0000c860    000000ec              : ll_common.o (.text)
                  0000c94c    000000e4              : gapgattserver.o (.text)
                  0000ca30    000000e4              : ll_ae.o (.text)
                  0000cb14    000000e0     StackWrapper.a : osal_timers.o (.text)
                  0000cbf4    000000e0     drivers_cc26x2.a : UARTCC26XX.oem4f (.text:UARTCC26XX_write)
                  0000ccd4    000000dc     OneLib.a : ll_ae.o (.text)
                  0000cdb0    000000d8     driverlib.lib : aes.obj (.text:NOROM_AESWriteToKeyStore)
                  0000ce88    000000d8                   : setup.obj (.text:NOROM_SetupTrimDevice)
                  0000cf60    000000d8     rf_multiMode_cc26x2.a : RFCC26X2_multiMode.c.cc26x2.ccs.o (.text:RF_control)
                  0000d038    000000d8                           : RFCC26X2_multiMode.c.cc26x2.ccs.o (.text:RF_pendCmd)
                  0000d110    000000d8     driverlib.lib : setup.obj (.text:TrimAfterColdResetWakeupFromShutDown$36)
                  0000d1e8    000000d4     drivers_cc26x2.a : ECDHCC26X2.oem4f (.text:ECDH_generatePublicKey)
                  0000d2bc    000000d2     rf_multiMode_cc26x2.a : RFCC26X2_multiMode.c.cc26x2.ccs.o (.text:RF_updatePaConfiguration)
                  0000d38e    00000002     rom_init.obj (.text:MAP_llDmmDynamicFree)
                  0000d390    000000d0     simple_peripheral.obj (.text:SimplePeripheral_menuSwitchCb$5)
                  0000d460    000000d0     simple_peripheral.obj (.text:SimplePeripheral_processParamUpdate$5)
                  0000d530    000000cc     OneLib.a : hci_event.o (.text)
                  0000d5fc    000000cc     rf_multiMode_cc26x2.a : RFCC26X2_multiMode.c.cc26x2.ccs.o (.text:RF_swiHw)
                  0000d6c8    000000cc     StackWrapper.a : osal.o (.text)
                  0000d794    000000cc     main.obj (.text:main)
                  0000d860    000000c8     OneLib.a : gap_scanner.o (.text)
                  0000d928    000000c8              : gapgattserver.o (.text)
                  0000d9f0    000000c8              : ll_ae.o (.text)
                  0000dab8    000000c8     dpl_cc26x2.a : PowerCC26X2_tirtos.oem4f (.text:PowerCC26XX_standbyPolicy)
                  0000db80    000000c0     nvocmp.obj (.text:NVOCMP_erase$10)
                  0000dc40    000000c0     OneLib.a : ll.o (.text)
                  0000dd00    000000c0              : ll_isr.o (.text)
                  0000ddc0    000000c0     drivers_cc26x2.a : PowerCC26X2.oem4f (.text:Power_releaseDependency)
                  0000de80    000000c0     simple_gatt_profile.obj (.text:SimpleProfile_SetParameter)
                  0000df40    000000c0     drivers_cc26x2.a : TRNGCC26XX.oem4f (.text:TRNG_getRandom)
                  0000e000    000000c0                      : UARTCC26XX.oem4f (.text:UARTCC26XX_initIO)
                  0000e0c0    000000bc                      : AESCTRDRBGXX.oem4f (.text:AESCTRDRBG_construct)
                  0000e17c    000000bc                      : AESCTRDRBGXX.oem4f (.text:AESCTRDRBG_getRandomBytes)
                  0000e238    000000bc     OneLib.a : ble.o (.text)
                  0000e2f4    000000bc              : ll_ecc.o (.text)
                  0000e3b0    000000bc              : ll_scheduler.o (.text)
                  0000e46c    000000bc     rf_multiMode_cc26x2.a : RFCC26X2_multiMode.c.cc26x2.ccs.o (.text:RF_initRadioSetup)
                  0000e528    000000b8     OneLib.a : ll.o (.text)
                  0000e5e0    000000b8              : ll_slave_end_causes.o (.text)
                  0000e698    000000b8     drivers_cc26x2.a : PowerCC26X2.oem4f (.text:Power_setDependency)
                  0000e750    000000b8     StackWrapper.a : gapbondmgr.o (.text)
                  0000e808    000000b8     drivers_cc26x2.a : UARTCC26XX.oem4f (.text:UARTCC26XX_initHw)
                  0000e8c0    000000b4                      : AESCTRDRBGXX.oem4f (.text:AESCTRDRBG_reseed)
                  0000e974    000000b0     OneLib.a : ll_enc.o (.text)
                  0000ea24    000000b0     devinfoservice.obj (.text:devInfo_ReadAttrCB$16)
                  0000ead4    000000ac     display.a : DisplayUart.oem4f (.text:DisplayUartAnsi_clearLines)
                  0000eb80    000000ac     drivers_cc26x2.a : ECDHCC26X2.oem4f (.text:ECDHCC26X2_hwiFxn)
                  0000ec2c    000000ac     OneLib.a : ll_ae.o (.text)
                  0000ecd8    000000ac     drivers_cc26x2.a : PINCC26XX.oem4f (.text:PIN_open)
                  0000ed84    000000a8     nvocmp.obj (.text:NVOCMP_initNvApi$10)
                  0000ee2c    000000a8     OneLib.a : hci_data.o (.text)
                  0000eed4    000000a8              : ll.o (.text)
                  0000ef7c    000000a8              : ll_common.o (.text)
                  0000f024    000000a8     StackWrapper.a : gapbondmgr.o (.text)
                  0000f0cc    000000a7     display.a : DisplayUart.oem4f (.text:DisplayUartAnsi_open)
                  0000f173    00000001     --HOLE-- [fill = 0]
                  0000f174    000000a4     OneLib.a : ll_ae.o (.text)
                  0000f218    000000a4     rf_multiMode_cc26x2.a : RFCC26X2_multiMode.c.cc26x2.ccs.o (.text:RF_ratRestartChannels)
                  0000f2bc    000000a4     StackWrapper.a : gapbondmgr.o (.text)
                  0000f360    000000a4                    : osal_cbtimer.o (.text)
                  0000f404    000000a0     OneLib.a : gattservapp.o (.text)
                  0000f4a4    000000a0              : ll_common.o (.text)
                  0000f544    000000a0              : ll_scheduler.o (.text)
                  0000f5e4    000000a0     auto_init.aem4f : auto_init.oem4f (.text)
                  0000f684    000000a0     rom_sysbios.aem4f : rom_sysbios.obj (.text:ti_sysbios_knl_Task_setPri__E)
                  0000f724    0000009f     display.a : DisplayUart.oem4f (.text:DisplayUartAnsi_vprintf)
                  0000f7c3    00000001     --HOLE-- [fill = 0]
                  0000f7c4    0000009c     nvocmp.obj (.text:NVOCMP_readHeader$10)
                  0000f860    0000009c     OneLib.a : ll_common.o (.text)
                  0000f8fc    0000009c              : ll_ecc.o (.text)
                  0000f998    0000009c     drivers_cc26x2.a : TRNGCC26XX.oem4f (.text:TRNG_construct)
                  0000fa34    0000009c     rtsv7M4_T_le_v4SPD16_eabi.lib : memcpy_t2.asm.obj (.text)
                  0000fad0    00000098     OneLib.a : gattservapp.o (.text)
                  0000fb68    00000098              : hci_event.o (.text)
                  0000fc00    00000098     rf_multiMode_cc26x2.a : RFCC26X2_multiMode.c.cc26x2.ccs.o (.text:RF_calculateDispatchTime)
                  0000fc98    00000098     drivers_cc26x2.a : TRNGCC26XX.oem4f (.text:TRNGCC26XX_hwiFxn)
                  0000fd30    00000098                      : UARTCC26XX.oem4f (.text:writeTxFifoFlush)
                  0000fdc8    00000096     rtsv7M4_T_le_v4SPD16_eabi.lib : ull_div_t2.asm.obj (.text)
                  0000fe5e    00000002     rom_init.obj (.text:MAP_llDmmSetThreshold)
                  0000fe60    00000094     icall.obj (.text:ICall_setTimer)
                  0000fef4    00000094     OneLib.a : gatt_server.o (.text)
                  0000ff88    00000094              : ll.o (.text)
                  0001001c    00000094              : ll_common.o (.text)
                  000100b0    00000094              : ll_scheduler.o (.text)
                  00010144    00000092              : gap_task.o (.text)
                  000101d6    00000092     drivers_cc26x2.a : UARTCC26XX.oem4f (.text:UARTCC26XX_writeCancel)
                  00010268    00000090     OneLib.a : ll.o (.text)
                  000102f8    00000090              : ll_ae.o (.text)
                  00010388    00000090     rf_multiMode_cc26x2.a : RFCC26X2_multiMode.c.cc26x2.ccs.o (.text:RF_discardPendCmd)
                  00010418    00000090                           : RFCC26X2_multiMode.c.cc26x2.ccs.o (.text:RF_getInfo)
                  000104a8    00000090     osal_icall_ble.obj (.text:osalInitTasks)
                  00010538    00000090     simple_gatt_profile.obj (.text:simpleProfile_WriteAttrCB)
                  000105c8    0000008e     drivers_cc26x2.a : CryptoUtils.oem4f (.text:CryptoUtils_reverseCopyPad)
                  00010656    00000002     rom_init.obj (.text:MAP_llEndPeriodicScanTask)
                  00010658    0000008c     icall.obj (.text:ICall_heapMalloc)
                  000106e4    0000008c     rom_sysbios.aem4f : rom_sysbios.obj (.text:ti_sysbios_gates_GateMutexPri_enter__E)
                  00010770    0000008a     drivers_cc26x2.a : AESCTRDRBGXX.oem4f (.text:AESCTRDRBGXX_updateState)
                  000107fa    00000002     rom_init.obj (.text:MAP_llMaster_TaskEnd)
                  000107fc    00000088     driverlib.lib : osc.obj (.text:NOROM_OSCHF_AttemptToSwitchToXosc)
                  00010884    00000088     OneLib.a : hci_event.o (.text)
                  0001090c    00000088              : ll_isr.o (.text)
                  00010994    00000088     rf_multiMode_cc26x2.a : RFCC26X2_multiMode.c.cc26x2.ccs.o (.text:RF_cmdDispatchTime)
                  00010a1c    00000088     StackWrapper.a : osal_cbtimer.o (.text)
                  00010aa4    00000088     drivers_cc26x2.a : PowerCC26X2_calibrateRCOSC.oem4f (.text:calibrateRcoscHf2)
                  00010b2c    00000088                      : PowerCC26X2.oem4f (.text:disableLFClockQualifiers)
                  00010bb4    00000088     gattservapp_util.obj (.text:gattServApp_SendNotiInd$18)
                  00010c3c    00000088     drivers_cc26x2.a : PowerCC26X2_calibrateRCOSC.oem4f (.text:updateSubSecInc)
                  00010cc4    00000084     OneLib.a : ll_ae.o (.text)
                  00010d48    00000084     rf_multiMode_cc26x2.a : RFCC26X2_multiMode.c.cc26x2.ccs.o (.text:RF_issueRadioFreeCb)
                  00010dcc    00000084                           : RFCC26X2_multiMode.c.cc26x2.ccs.o (.text:RF_verifyGap)
                  00010e50    00000084     simple_peripheral.obj (.text:SimplePeripheral_updatePHYStat$5)
                  00010ed4    00000084     drivers_cc26x2.a : UARTCC26XX.oem4f (.text:UARTCC26XX_close)
                  00010f58    00000080     driverlib.lib : chipinfo.obj (.text:NOROM_ChipInfo_GetChipType)
                  00010fd8    00000080     drivers_cc26x2.a : NVSCC26XX.oem4f (.text:NVSCC26XX_open)
                  00011058    00000080     OneLib.a : ll_enc.o (.text)
                  000110d8    00000080     rom_sysbios.aem4f : rom_sysbios.obj (.text:ti_sysbios_family_arm_cc26xx_Timer_start__E)
                  00011158    0000007e     OneLib.a : gap_task.o (.text)
                  000111d6    00000002     rom_init.obj (.text:MAP_llPeriodicAdv_PostProcess)
                  000111d8    0000007c     nvocmp.obj (.text:NVOCMP_readItemApi$10)
                  00011254    0000007c     OneLib.a : ll_common.o (.text)
                  000112d0    0000007c     rf_multiMode_cc26x2.a : RFCC26X2_multiMode.c.cc26x2.ccs.o (.text:RF_ratFreeChannel)
                  0001134c    0000007c     StackWrapper.a : gapbondmgr.o (.text)
                  000113c8    0000007a     OneLib.a : gattservapp.o (.text)
                  00011442    0000007a     rtsv7M4_T_le_v4SPD16_eabi.lib : memset_t2.asm.obj (.text)
                  000114bc    00000078     icall.obj (.text:ICall_heapInit)
                  00011534    00000078     nvocmp.obj (.text:NVOCMP_checkItem$10)
                  000115ac    00000078     OneLib.a : ll_common.o (.text)
                  00011624    00000078     StackWrapper.a : osal_cbtimer.o (.text)
                  0001169c    00000078     rom_sysbios.aem4f : rom_sysbios.obj (.text:ti_sysbios_heaps_HeapMem_allocUnprotected__E)
                  00011714    00000076     OneLib.a : ll_common.o (.text)
                  0001178a    00000076     StackWrapper.a : gap.o (.text)
                  00011800    00000074     nvocmp.obj (.text:NVOCMP_writeItemApi$10)
                  00011874    00000074     OneLib.a : ll_enc.o (.text)
                  000118e8    00000074     drivers_cc26x2.a : PowerCC26X2_calibrateRCOSC.oem4f (.text:PowerCC26X2_auxISR)
                  0001195c    00000074     rf_multiMode_cc26x2.a : RFCC26X2_multiMode.c.cc26x2.ccs.o (.text:RF_ratDisableChannel)
                  000119d0    00000074     rom_sysbios.aem4f : rom_sysbios.obj (.text:ti_sysbios_gates_GateMutexPri_leave__E)
                  00011a44    00000072     rf_multiMode_cc26x2.a : RFCC26X2_multiMode.c.cc26x2.ccs.o (.text:RF_detachOverrides)
                  00011ab6    00000002     rom_init.obj (.text:MAP_llProcessPeriodicScanRxFIFO)
                  00011ab8    00000070     drivers_cc26x2.a : AESCCMCC26XX.oem4f (.text:AESCCM_cleanup)
                  00011b28    00000070     icall.obj (.text:ICall_heapGetStats)
                  00011b98    00000070     rf_multiMode_cc26x2.a : rfc.c.cc26x2.ccs.o (.text:NOROM_RFCAnaDivTxOverride)
                  00011c08    00000070     nvocmp.obj (.text:NVOCMP_eraseNvApi$10)
                  00011c78    00000070     OneLib.a : gatt_server.o (.text)
                  00011ce8    00000070              : ll_ae.o (.text)
                  00011d58    00000070              : ll_common.o (.text)
                  00011dc8    00000070              : ll_enc.o (.text)
                  00011e38    00000070     rf_multiMode_cc26x2.a : RFCC26X2_multiMode.c.cc26x2.ccs.o (.text:RF_getCurrentTime)
                  00011ea8    00000070     drivers_cc26x2.a : Random.oem4f (.text:Random_seedAutomatic)
                  00011f18    00000070     StackWrapper.a : osal.o (.text)
                  00011f88    0000006e     OneLib.a : gatt_server.o (.text)
                  00011ff6    0000006e     rf_multiMode_cc26x2.a : RFCC26X2_multiMode.c.cc26x2.ccs.o (.text:RF_attachOverrides)
                  00012064    0000006e                           : RFCC26X2_multiMode.c.cc26x2.ccs.o (.text:RF_howToSchedule)
                  000120d2    00000002     rom_init.obj (.text:MAP_llSetPeriodicSyncInfo)
                  000120d4    0000006d     rom_sysbios.aem4f : rom_sysbios.obj (.text:xdc_runtime_System_formatNum__I)
                  00012141    00000001     --HOLE-- [fill = 0]
                  00012142    00000002     rom_init.obj (.text:MAP_llUpdateCteState)
                  00012144    0000006c     nvocmp.obj (.text:NVOCMP_getDstPage$10)
                  000121b0    0000006c     OneLib.a : ll_isr.o (.text)
                  0001221c    0000006c     rf_multiMode_cc26x2.a : RFCC26X2_multiMode.c.cc26x2.ccs.o (.text:RF_dispatchNextEvent)
                  00012288    0000006c     simple_peripheral.obj (.text:SimplePeripheral_clearConnListEntry$5)
                  000122f4    0000006c     StackWrapper.a : osal_cbtimer.o (.text)
                  00012360    00000068     drivers_cc26x2.a : CryptoUtils.oem4f (.text:CryptoUtils_copyPad)
                  000123c8    00000068     icall.obj (.text:ICall_enrollService)
                  00012430    00000068     icall.obj (.text:ICall_send)
                  00012498    00000068     icall.obj (.text:ICall_sendServiceComplete)
                  00012500    00000068     driverlib.lib : osc.obj (.text:NOROM_OSCHF_SwitchToRcOscTurnOffXosc)
                  00012568    00000068     OneLib.a : gap_task.o (.text)
                  000125d0    00000068              : gattservapp.o (.text)
                  00012638    00000068              : ll.o (.text)
                  000126a0    00000068              : ll_ae.o (.text)
                  00012708    00000068     rf_multiMode_cc26x2.a : RFCC26X2_multiMode.c.cc26x2.ccs.o (.text:RF_hwiHw)
                  00012770    00000068     StackWrapper.a : osal_timers.o (.text)
                  000127d8    00000068     rtsv7M4_T_le_v4SPD16_eabi.lib : copy_decompress_lzss.c.obj (.text:decompress:lzss:__TI_decompress_lzss)
                  00012840    00000066     OneLib.a : ll_common.o (.text)
                  000128a6    00000066     StackWrapper.a : icall_lite_translation.o (.text)
                  0001290c    00000064     drivers_cc26x2.a : AESCCMCC26XX.oem4f (.text:AESCCM_waitForResult)
                  00012970    00000064                      : AESCTRCC26XX.oem4f (.text:AESCTR_waitForResult)
                  000129d4    00000064                      : AESECBCC26XX.oem4f (.text:AESECB_waitForResult)
                  00012a38    00000064     nvocmp.obj (.text:NVOCMP_findSignature$10)
                  00012a9c    00000064     OneLib.a : gapgattserver.o (.text)
                  00012b00    00000064              : gattservapp.o (.text)
                  00012b64    00000064              : ll_scheduler.o (.text)
                  00012bc8    00000064     drivers_cc26x2.a : UARTCC26XX.oem4f (.text:UARTCC26XX_control)
                  00012c2c    00000062     ti_drivers_config.obj (.text:Board_sendExtFlashByte)
                  00012c8e    00000062     gattservapp_util.obj (.text:GATTServApp_ProcessCCCWriteReq)
                  00012cf0    00000062     rf_multiMode_cc26x2.a : RFCC26X2_multiMode.c.cc26x2.ccs.o (.text:RF_syncCb)
                  00012d52    00000062     drivers_cc26x2.a : UARTCC26XX.oem4f (.text:UARTCC26XX_swiIntFxn)
                  00012db4    00000060                      : AESCCMCC26XX.oem4f (.text:AESCCM_hwiFxn)
                  00012e14    00000060                      : AESCTRCC26XX.oem4f (.text:AESCTR_hwiFxn)
                  00012e74    00000060                      : AESECBCC26XX.oem4f (.text:AESECB_hwiFxn)
                  00012ed4    00000060                      : CryptoResourceCC26XX.oem4f (.text:CryptoResourceCC26XX_constructRTOSObjects)
                  00012f34    00000060     icall.obj (.text:ICall_createRemoteTasksAtRuntime)
                  00012f94    00000060     OneLib.a : ll_common.o (.text)
                  00012ff4    00000060              : sm_pairing.o (.text)
                  00013054    00000060     drivers_cc26x2.a : PKAResourceCC26XX.oem4f (.text:PKAResourceCC26XX_constructRTOSObjects)
                  000130b4    00000060     rf_multiMode_cc26x2.a : RFCC26X2_multiMode.c.cc26x2.ccs.o (.text:RF_applyRfCorePatch)
                  00013114    00000060     StackWrapper.a : gapbondmgr.o (.text)
                  00013174    00000060     drivers_cc26x2.a : TRNGCC26XX.oem4f (.text:TRNGCC26XX_startTrng)
                  000131d4    0000005e     icall.obj (.text:ICall_fetchMsg)
                  00013232    0000005e     OneLib.a : ll_common.o (.text)
                  00013290    0000005c     display.a : Display.oem4f (.text:Display_doOpen)
                  000132ec    0000005c     icall.obj (.text:ICall_pwrUpdActivityCounter)
                  00013348    0000005c     nvocmp.obj (.text:NVOCMP_readItem$10)
                  000133a4    0000005c     OneLib.a : gap_perilinkmgr.o (.text)
                  00013400    0000005c              : ll_scheduler.o (.text)
                  0001345c    0000005c              : sm_intpairing.o (.text)
                  000134b8    0000005c              : sm_rsppairing.o (.text)
                  00013514    0000005c     drivers_cc26x2.a : PINCC26XX.oem4f (.text:PIN_remove)
                  00013570    0000005c     rf_multiMode_cc26x2.a : RFCC26X2_multiMode.c.cc26x2.ccs.o (.text:RF_hwiCpe0PowerFsm)
                  000135cc    0000005c     simple_peripheral.obj (.text:SimplePeripheral_updateRPA$5)
                  00013628    0000005c     drivers_cc26x2.a : NVSCC26XX.oem4f (.text:doErase)
                  00013684    0000005c     simple_gatt_profile.obj (.text:simpleProfile_ReadAttrCB)
                  000136e0    0000005c     drivers_cc26x2.a : UARTCC26XX.oem4f (.text:startTxFifoEmptyClk)
                  0001373c    0000005c     simple_peripheral_app_pem4f.oem4f (.text:xdc_runtime_Startup_getState__I)
                  00013798    00000058     drivers_cc26x2.a : ECDHCC26X2.oem4f (.text:ECDH_construct)
                  000137f0    00000058     icall.obj (.text:ICall_wait)
                  00013848    00000058     OneLib.a : ll_ae.o (.text)
                  000138a0    00000058              : ll_common.o (.text)
                  000138f8    00000058              : ll_enc.o (.text)
                  00013950    00000058              : ll_isr.o (.text)
                  000139a8    00000058              : sm_pairing.o (.text)
                  00013a00    00000058     drivers_cc26x2.a : PowerCC26X2_calibrateRCOSC.oem4f (.text:PowerCC26X2_initiateCalibration)
                  00013a58    00000058     simple_peripheral.obj (.text:SimplePeripheral_enqueueMsg$5)
                  00013ab0    00000058     StackWrapper.a : sm_ecc.o (.text)
                  00013b08    00000058     drivers_cc26x2.a : TRNGCC26XX.oem4f (.text:TRNG_init)
                  00013b60    00000058     boot.aem4f : boot.oem4f (.text)
                  00013bb8    00000058     rom_sysbios.aem4f : rom_sysbios.obj (.text:ti_sysbios_heaps_HeapMem_alloc__E)
                  00013c10    00000056     rf_multiMode_cc26x2.a : RFCC26X2_multiMode.c.cc26x2.ccs.o (.text:RF_defaultSubmitPolicy)
                  00013c66    00000002     rom_init.obj (.text:MAP_llUpdatePeriodicAdvChainPacket)
                  00013c68    00000054     drivers_cc26x2.a : AESCCMCC26XX.oem4f (.text:AESCCM_construct)
                  00013cbc    00000054                      : AESCTRCC26XX.oem4f (.text:AESCTR_construct)
                  00013d10    00000054                      : AESECBCC26XX.oem4f (.text:AESECB_construct)
                  00013d64    00000054     driverlib.lib : prcm.obj (.text:NOROM_PRCMPowerDomainsAllOff)
                  00013db8    00000054     nvocmp.obj (.text:NVOCMP_doNVCRC$10)
                  00013e0c    00000054     drivers_cc26x2.a : NVSCC26XX.oem4f (.text:NVSCC26XX_init)
                  00013e60    00000054     OneLib.a : gattservapp.o (.text)
                  00013eb4    00000054              : hci_event.o (.text)
                  00013f08    00000054              : ll.o (.text)
                  00013f5c    00000054              : ll_ae.o (.text)
                  00013fb0    00000054              : ll_ae.o (.text)
                  00014004    00000054              : ll_ae.o (.text)
                  00014058    00000054     rf_multiMode_cc26x2.a : RFCC26X2_multiMode.c.cc26x2.ccs.o (.text:RF_fsmXOSCState)
                  000140ac    00000054     StackWrapper.a : osal_bufmgr.o (.text)
                  00014100    00000054     drivers_cc26x2.a : StructRingBuf.oem4f (.text:StructRingBuf_put)
                  00014154    00000054     dpl_cc26x2.a : SwiP_tirtos.oem4f (.text:SwiP_construct)
                  000141a8    00000054     util.obj (.text:Util_convertBdAddr2Str)
                  000141fc    00000054     rf_multiMode_cc26x2.a : rf_patch_cpe_bt5.c.cc26x2.ccs.o (.text:configureBt5Patch)
                  00014250    00000052     OneLib.a : gap_centlinkmgr.o (.text)
                  000142a2    00000050     drivers_cc26x2.a : AESCTRDRBGXX.oem4f (.text:AESCTRDRBGXX_addBigendCounter)
                  000142f2    00000002     rom_init.obj (.text:MAP_rf_patch_mce)
                  000142f4    00000050     nvocmp.obj (.text:NVOCMP_compactNvApi$10)
                  00014344    00000050     OneLib.a : gap_perilinkmgr.o (.text)
                  00014394    00000050              : hci_tl.o (.text)
                  000143e4    00000050              : ll_common.o (.text)
                  00014434    00000050              : ll_enc.o (.text)
                  00014484    00000050     StackWrapper.a : osal.o (.text)
                  000144d4    00000050                    : osal_clock.o (.text)
                  00014524    00000050     drivers_cc26x2.a : TRNGCC26XX.oem4f (.text:TRNGCC26XX_waitForResult)
                  00014574    0000004e     StackWrapper.a : gap.o (.text)
                  000145c2    00000002     rom_init.obj (.text:MAP_rf_patch_rfe)
                  000145c4    0000004c     icall.obj (.text:ICall_newTask$24)
                  00014610    0000004c     driverlib.lib : prcm.obj (.text:NOROM_PRCMPowerDomainsAllOn)
                  0001465c    0000004c     nvocmp.obj (.text:NVOCMP_loadApiPtrsMin)
                  000146a8    0000004c     nvocmp.obj (.text:NVOCMP_setItemInactive$10)
                  000146f4    0000004c     OneLib.a : ble.o (.text)
                  00014740    0000004c              : gap_scanner.o (.text)
                  0001478c    0000004c              : ll_scheduler.o (.text)
                  000147d8    0000004c              : ll_scheduler.o (.text)
                  00014824    0000004c     rf_multiMode_cc26x2.a : RFCC26X2_multiMode.c.cc26x2.ccs.o (.text:RF_wakeupNotification)
                  00014870    0000004c     drivers_cc26x2.a : StructRingBuf.oem4f (.text:StructRingBuf_get)
                  000148bc    0000004c                      : UARTCC26XX.oem4f (.text:UARTCC26XX_readCancel)
                  00014908    0000004c     util.obj (.text:Util_constructClock)
                  00014954    0000004c     rtsv7M4_T_le_v4SPD16_eabi.lib : cpy_tbl.c.obj (.text:copy_in)
                  000149a0    00000048     ti_drivers_config.obj (.text:Board_wakeUpExtFlash)
                  000149e8    00000048     rf_multiMode_cc26x2.a : rfc.c.cc26x2.ccs.o (.text:NOROM_RFCSynthPowerDown)
                  00014a30    00000048     nvocmp.obj (.text:NVOCMP_write$10)
                  00014a78    00000048     drivers_cc26x2.a : NVS.oem4f (.text:NVS_open)
                  00014ac0    00000048     OneLib.a : att_util.o (.text)
                  00014b08    00000048              : gattservapp.o (.text)
                  00014b50    00000048              : ll.o (.text)
                  00014b98    00000048              : ll.o (.text)
                  00014be0    00000048              : ll_common.o (.text)
                  00014c28    00000048     drivers_cc26x2.a : PINCC26XX.oem4f (.text:PIN_setOutputEnable)
                  00014c70    00000048                      : PowerCC26X2_calibrateRCOSC.oem4f (.text:PowerCC26X2_RCOSC_clockFunc)
                  00014cb8    00000048                      : PowerCC26X2.oem4f (.text:PowerCC26XX_switchXOSC_HF)
                  00014d00    00000048                      : NVSCC26XX.oem4f (.text:disableFlashCache)
                  00014d48    00000048                      : PowerCC26X2.oem4f (.text:switchXOSCHF)
                  00014d90    00000048                      : UARTCC26XX.oem4f (.text:writeFinishedDoCallback)
                  00014dd8    00000046                      : RingBuf.oem4f (.text:RingBuf_put)
                  00014e1e    00000002     rf_multiMode_cc26x2.a : rfc.c.cc26x2.ccs.o (.text:NOROM_RFCCpePatchReset)
                  00014e20    00000044     drivers_cc26x2.a : ECDHCC26X2.oem4f (.text:ECDHCC26X2_waitForResult)
                  00014e64    00000044     nvocmp.obj (.text:NVOCMP_getFreeNvApi$10)
                  00014ea8    00000044     drivers_cc26x2.a : NVSCC26XX.oem4f (.text:NVSCC26XX_read)
                  00014eec    00000044     OneLib.a : ll.o (.text)
                  00014f30    00000044              : ll.o (.text)
                  00014f74    00000044              : ll_ae.o (.text)
                  00014fb8    00000044              : ll_ae.o (.text)
                  00014ffc    00000044              : ll_common.o (.text)
                  00015040    00000044     drivers_cc26x2.a : PINCC26XX.oem4f (.text:PIN_swi)
                  00015084    00000044     simple_peripheral.obj (.text:SimplePeripheral_doSelectConn)
                  000150c8    00000044     simple_gatt_profile.obj (.text:SimpleProfile_GetParameter)
                  0001510c    00000044     StackWrapper.a : osal.o (.text)
                  00015150    00000044                    : osal_timers.o (.text)
                  00015194    00000044     drivers_cc26x2.a : UART.oem4f (.text:UART_init)
                  000151d8    00000042     OneLib.a : ll.o (.text)
                  0001521a    00000042              : ll_common.o (.text)
                  0001525c    00000040     dpl_cc26x2.a : ClockP_tirtos.oem4f (.text:ClockP_construct)
                  0001529c    00000040     drivers_cc26x2.a : ECDHCC26X2.oem4f (.text:ECDHCC26X2_convertReturnValue)
                  000152dc    00000040                      : ECDHCC26X2.oem4f (.text:ECDHCC26X2_getPublicKeyResult)
                  0001531c    00000040     driverlib.lib : osc.obj (.text:NOROM_OSC_HPOSCRelativeFrequencyOffsetGet)
                  0001535c    00000040     OneLib.a : gap_configmgr.o (.text)
                  0001539c    00000040              : gattservapp.o (.text)
                  000153dc    00000040              : linkdb.o (.text)
                  0001541c    00000040              : ll_common.o (.text)
                  0001545c    00000040              : ll_common.o (.text)
                  0001549c    00000040              : sm_intpairing.o (.text)
                  000154dc    00000040     drivers_cc26x2.a : PowerCC26X2.oem4f (.text:PowerCC26XX_isStableXOSC_HF)
                  0001551c    00000040                      : Random.oem4f (.text:Random_getNumber)
                  0001555c    00000040                      : RingBuf.oem4f (.text:RingBuf_get)
                  0001559c    00000040     StackWrapper.a : osal.o (.text)
                  000155dc    00000040                    : osal_bufmgr.o (.text)
                  0001561c    00000040                    : osal_bufmgr.o (.text)
                  0001565c    00000040                    : osal_timers.o (.text)
                  0001569c    00000040     drivers_cc26x2.a : TRNGCC26XX.oem4f (.text:TRNGCC26XX_copyToClient)
                  000156dc    00000040                      : UART.oem4f (.text:UART_open)
                  0001571c    00000040     rtsv7M4_T_le_v4SPD16_eabi.lib : u_divt2.asm.obj (.text)
                  0001575c    00000040     rom_sysbios.aem4f : rom_sysbios.obj (.text:ti_sysbios_family_arm_cc26xx_Timer_setThreshold__I)
                  0001579c    00000040                       : rom_sysbios.obj (.text:ti_sysbios_heaps_HeapCallback_Module_startup__E)
                  000157dc    0000003e     dpl_cc26x2.a : HwiP_tirtos.oem4f (.text:HwiP_construct)
                  0001581a    0000003e     OneLib.a : ll_common.o (.text)
                  00015858    0000003e     simple_peripheral.obj (.text:SimplePeripheral_passcodeCb$5)
                  00015896    0000003e     drivers_cc26x2.a : TRNGCC26XX.oem4f (.text:TRNGCC26XX_serviceJob)
                  000158d4    0000003c     nvocmp.obj (.text:NVOCMP_disableCache$10)
                  00015910    0000003c     OneLib.a : gap_linkmgr.o (.text)
                  0001594c    0000003c              : gattservapp.o (.text)
                  00015988    0000003c              : gattservapp.o (.text)
                  000159c4    0000003c              : gattservapp.o (.text)
                  00015a00    0000003c              : linkdb.o (.text)
                  00015a3c    0000003c              : ll_ae.o (.text)
                  00015a78    0000003c     drivers_cc26x2.a : PINCC26XX.oem4f (.text:PIN_setOutputValue)
                  00015ab4    0000003c     rf_multiMode_cc26x2.a : RFCC26X2_multiMode.c.cc26x2.ccs.o (.text:RF_cmdGet)
                  00015af0    0000003c                           : RFCC26X2_multiMode.c.cc26x2.ccs.o (.text:RF_cmdStoreEvents)
                  00015b2c    0000003c     simple_peripheral.obj (.text:SimplePeripheral_createTask)
                  00015b68    0000003c     simple_peripheral.obj (.text:SimplePeripheral_stopAutoPhyChange$5)
                  00015ba4    0000003c     StackWrapper.a : osal.o (.text)
                  00015be0    0000003c                    : osal.o (.text)
                  00015c1c    0000003c                    : osal.o (.text)
                  00015c58    0000003c                    : osal_timers.o (.text)
                  00015c94    0000003c                    : sm_ecc.o (.text)
                  00015cd0    0000003c     drivers_cc26x2.a : NVSCC26XX.oem4f (.text:checkEraseRange)
                  00015d0c    0000003c     rom_sysbios.aem4f : rom_sysbios.obj (.text:ti_sysbios_family_arm_m3_Hwi_construct2__E)
                  00015d48    0000003a     StackWrapper.a : osal.o (.text)
                  00015d82    00000002     OneLib.a : ll.o (.text)
                  00015d84    00000038     board_key.obj (.text:Board_keyCallback$3)
                  00015dbc    00000038     ti_drivers_config.obj (.text:Board_shutDownExtFlash)
                  00015df4    00000038     OneLib.a : hci.o (.text)
                  00015e2c    00000038              : linkdb.o (.text)
                  00015e64    00000038              : ll_ae.o (.text)
                  00015e9c    00000038              : ll_ae.o (.text)
                  00015ed4    00000038              : ll_common.o (.text)
                  00015f0c    00000038              : ll_enc.o (.text)
                  00015f44    00000038              : ll_scheduler.o (.text)
                  00015f7c    00000038              : sm_rsppairing.o (.text)
                  00015fb4    00000038     drivers_cc26x2.a : PINCC26XX.oem4f (.text:PIN_setConfig)
                  00015fec    00000038     rf_multiMode_cc26x2.a : RFCC26X2_multiMode.c.cc26x2.ccs.o (.text:RF_checkCmdFsError)
                  00016024    00000038     simple_peripheral.obj (.text:SimplePeripheral_setPhy$5)
                  0001605c    00000038     StackWrapper.a : osal_timers.o (.text)
                  00016094    00000038     drivers_cc26x2.a : PowerCC26X2.oem4f (.text:notify)
                  000160cc    00000038                      : UARTCC26XX.oem4f (.text:readData)
                  00016104    00000038     two_btn_menu.obj (.text:tbm_goTo)
                  0001613c    00000038     rom_sysbios.aem4f : rom_sysbios.obj (.text:ti_sysbios_family_arm_cc26xx_Timer_getCurrentTick__E)
                  00016174    00000038     drivers_cc26x2.a : UARTCC26XX.oem4f (.text:writeData)
                  000161ac    00000036     StackWrapper.a : ble_dispatch_lite.o (.text)
                  000161e2    00000036     rom_sysbios.aem4f : rom_sysbios.obj (.text:ti_sysbios_family_arm_cc26xx_Timer_setNextTick__E)
                  00016218    00000034     gattservapp_util.obj (.text:GATTServApp_InitCharCfg)
                  0001624c    00000034     icall.obj (.text:ICall_heapFree)
                  00016280    00000034     icall.obj (.text:ICall_searchServiceEntity)
                  000162b4    00000034     driverlib.lib : aes.obj (.text:NOROM_AESStartDMAOperation)
                  000162e8    00000034                   : sys_ctrl.obj (.text:NOROM_SysCtrlIdle)
                  0001631c    00000034     nvocmp.obj (.text:NVOCMP_verifyCRC$10)
                  00016350    00000034     OneLib.a : hci.o (.text)
                  00016384    00000034              : hci_tl.o (.text)
                  000163b8    00000034              : ll_ae.o (.text)
                  000163ec    00000034              : ll_scheduler.o (.text)
                  00016420    00000034              : ll_scheduler.o (.text)
                  00016454    00000034     rf_multiMode_cc26x2.a : RFCC26X2_multiMode.c.cc26x2.ccs.o (.text:RF_powerConstraintRelease)
                  00016488    00000034                           : RFCC26X2_multiMode.c.cc26x2.ccs.o (.text:RF_runDirectImmediateCmd)
                  000164bc    00000034     simple_peripheral.obj (.text:SimplePeripheral_clockHandler$5)
                  000164f0    00000034     StackWrapper.a : gapbondmgr.o (.text)
                  00016524    00000034                    : icall_startup.o (.text)
                  00016558    00000034     drivers_cc26x2.a : UARTCC26XX.oem4f (.text:readData2RingBuf)
                  0001658c    00000034     two_btn_menu.obj (.text:tbm_findActiveItem)
                  000165c0    00000034     rom_sysbios.aem4f : rom_sysbios.obj (.text:ti_sysbios_knl_Swi_setPri__E)
                  000165f4    00000032     icall.obj (.text:ICall_fetchServiceMsg)
                  00016626    00000032     rom_sysbios.aem4f : rom_sysbios.obj (.text:ti_sysbios_gates_GateMutexPri_insertPri__I)
                  00016658    00000030     drivers_cc26x2.a : AESECBCC26XX.oem4f (.text:AESECB_cleanup)
                  00016688    00000030     icall.obj (.text:ICall_dispatch$24)
                  000166b8    00000030     icall.obj (.text:ICall_msecs2Ticks$24)
                  000166e8    00000030     icall.obj (.text:ICall_primEntityId2ServiceId$24)
                  00016718    00000030     icall.obj (.text:ICall_searchTask$24)
                  00016748    00000030     nvocmp.obj (.text:NVOCMP_changePageState$10)
                  00016778    00000030     drivers_cc26x2.a : NVSCC26XX.oem4f (.text:NVSCC26XX_erase)
                  000167a8    00000030     OneLib.a : gattservapp.o (.text)
                  000167d8    00000030              : ll_scheduler.o (.text)
                  00016808    00000030     drivers_cc26x2.a : PINCC26XX.oem4f (.text:PINCC26XX_setMux)
                  00016838    00000030                      : PowerCC26X2.oem4f (.text:Power_releaseConstraint)
                  00016868    00000030                      : PowerCC26X2.oem4f (.text:Power_setConstraint)
                  00016898    00000030     StackWrapper.a : osal_timers.o (.text)
                  000168c8    00000030     drivers_cc26x2.a : TRNGCC26XX.oem4f (.text:TRNGCC26XX_fillEntropyPool)
                  000168f8    00000030                      : TRNGCC26XX.oem4f (.text:TRNG_generateKey)
                  00016928    00000030     rf_multiMode_cc26x2.a : rf_patch_cpe_bt5.c.cc26x2.ccs.o (.text:applyBt5Patch)
                  00016958    00000030     simple_peripheral_app_pem4f.oem4f (.text:ti_sysbios_BIOS_atExitFunc__I)
                  00016988    00000030     simple_peripheral_app_pem4f.oem4f (.text:ti_sysbios_BIOS_startFunc__I)
                  000169b8    00000030     rom_sysbios.aem4f : rom_sysbios.obj (.text:ti_sysbios_family_arm_cc26xx_Timer_initDevice__I)
                  000169e8    00000030     simple_peripheral_app_pem4f.oem4f (.text:ti_sysbios_gates_GateMutexPri_Object__create__S)
                  00016a18    00000030     simple_peripheral_app_pem4f.oem4f (.text:ti_sysbios_gates_GateMutexPri_create)
                  00016a48    00000030     simple_peripheral_app_pem4f.oem4f (.text:ti_sysbios_heaps_HeapCallback_Object__create__S)
                  00016a78    00000030     rom_sysbios.aem4f : rom_sysbios.obj (.text:ti_sysbios_knl_Clock_getTimeout__E)
                  00016aa8    0000002e     icall_cc2650.obj (.text:ICallPlatform_pwrDispenseImpl$25)
                  00016ad6    0000002e     icall_cc2650.obj (.text:ICallPlatform_pwrRequireImpl$25)
                  00016b04    0000002e     OneLib.a : gattservapp.o (.text)
                  00016b32    00000002              : ll.o (.text)
                  00016b34    0000002c     icall.obj (.text:ICall_getLocalMsgEntityId)
                  00016b60    0000002c     icall.obj (.text:ICall_msgEnqueue$24)
                  00016b8c    0000002c     drivers_cc26x2.a : NVS.oem4f (.text:NVS_init)
                  00016bb8    0000002c     OneLib.a : gatt_task.o (.text)
                  00016be4    0000002c              : gattservapp.o (.text)
                  00016c10    0000002c     rf_multiMode_cc26x2.a : RFCC26X2_multiMode.c.cc26x2.ccs.o (.text:RF_executeDirectImmediateCmd)
                  00016c3c    0000002c     rom_init.obj (.text:ROM_Init)
                  00016c68    0000002c     dpl_cc26x2.a : SemaphoreP_tirtos.oem4f (.text:SemaphoreP_constructBinary)
                  00016c94    0000002c                  : SemaphoreP_tirtos.oem4f (.text:SemaphoreP_createBinary)
                  00016cc0    0000002c     StackWrapper.a : hal_assert.o (.text)
                  00016cec    0000002c                    : osal_bufmgr.o (.text)
                  00016d18    0000002c     drivers_cc26x2.a : TRNGCC26XX.oem4f (.text:TRNGCC26XX_stopTrng)
                  00016d44    0000002c     simple_peripheral_app_pem4f.oem4f (.text:ti_sysbios_gates_GateMutexPri_Handle__label__S)
                  00016d70    0000002c     simple_peripheral_app_pem4f.oem4f (.text:ti_sysbios_heaps_HeapCallback_Handle__label__S)
                  00016d9c    0000002c     rom_sysbios.aem4f : rom_sysbios.obj (.text:ti_sysbios_knl_Clock_getTicksUntilInterrupt__E)
                  00016dc8    0000002a     display.a : DisplayUart.oem4f (.text:DisplayUartAnsi_clear)
                  00016df2    0000002a               : Display.oem4f (.text:Display_doPrintf)
                  00016e1c    0000002a     drivers_cc26x2.a : List.oem4f (.text:List_insert)
                  00016e46    0000002a     rf_multiMode_cc26x2.a : RFCC26X2_multiMode.c.cc26x2.ccs.o (.text:RF_searchAndReplacePAOverride)
                  00016e70    0000002a     simple_peripheral.obj (.text:SimplePeripheral_pairStateCb$5)
                  00016e9a    00000002     rf_multiMode_cc26x2.a : RFCC26X2_multiMode.c.cc26x2.ccs.o (.text:RF_defaultCallback)
                  00016e9c    00000028     drivers_cc26x2.a : AESCTRCC26XX.oem4f (.text:AESCTR_cleanup)
                  00016ec4    00000028     rf_multiMode_cc26x2.a : rfc.c.cc26x2.ccs.o (.text:NOROM_RFCOverrideSearch)
                  00016eec    00000028     nvocmp.obj (.text:NVOCMP_setCompactHdr$10)
                  00016f14    00000028     OneLib.a : gattservapp.o (.text)
                  00016f3c    00000028              : ll_common.o (.text)
                  00016f64    00000028     drivers_cc26x2.a : PowerCC26X2.oem4f (.text:Power_registerNotify)
                  00016f8c    00000028     rf_multiMode_cc26x2.a : RFCC26X2_multiMode.c.cc26x2.ccs.o (.text:RF_calculateDeltaTimeUs)
                  00016fb4    00000028                           : RFCC26X2_multiMode.c.cc26x2.ccs.o (.text:RF_runScheduleCmd)
                  00016fdc    00000028     StackWrapper.a : osal.o (.text)
                  00017004    00000028                    : osal_snv_wrapper.o (.text)
                  0001702c    00000028                    : osal_snv_wrapper.o (.text)
                  00017054    00000028                    : osal_snv_wrapper.o (.text)
                  0001707c    00000028     drivers_cc26x2.a : PowerCC26X2.oem4f (.text:oscillatorISR)
                  000170a4    00000028                      : NVSCC26XX.oem4f (.text:restoreFlashCache)
                  000170cc    00000028     two_btn_menu.obj (.text:tbm_setItemStatus)
                  000170f4    00000026     icall.obj (.text:ICall_sendServiceMsg)
                  0001711a    00000026     drivers_cc26x2.a : List.oem4f (.text:List_put)
                  00017140    00000026                      : List.oem4f (.text:List_putHead)
                  00017166    00000026                      : List.oem4f (.text:List_remove)
                  0001718c    00000026     simple_peripheral.obj (.text:SimplePeripheral_advCallback$5)
                  000171b2    00000024     drivers_cc26x2.a : AESCTRDRBGXX.oem4f (.text:AESCTRDRBG_uninstantiate)
                  000171d6    00000002     StackWrapper.a : common_rom_init.o (.text)
                  000171d8    00000024     driverlib.lib : osc.obj (.text:NOROM_OSCHF_TurnOnXosc)
                  000171fc    00000024     rf_multiMode_cc26x2.a : rfc.c.cc26x2.ccs.o (.text:NOROM_RFCDoorbellSendTo)
                  00017220    00000024     OneLib.a : gapgattserver.o (.text)
                  00017244    00000024              : gatt_server.o (.text)
                  00017268    00000024     rf_multiMode_cc26x2.a : RFCC26X2_multiMode.c.cc26x2.ccs.o (.text:RF_cmdAlloc)
                  0001728c    00000024                           : RFCC26X2_multiMode.c.cc26x2.ccs.o (.text:RF_invokeGlobalCallback)
                  000172b0    00000024     StackWrapper.a : ble_dispatch_lite.o (.text)
                  000172d4    00000024                    : gapbondmgr.o (.text)
                  000172f8    00000024                    : osal.o (.text)
                  0001731c    00000024                    : osal.o (.text)
                  00017340    00000024                    : osal_timers.o (.text)
                  00017364    00000024                    : osal_timers.o (.text)
                  00017388    00000024     drivers_cc26x2.a : PowerCC26X2_calibrateRCOSC.oem4f (.text:getTdcSemaphore)
                  000173ac    00000024     rtsv7M4_T_le_v4SPD16_eabi.lib : memcmp.c.obj (.text:memcmp)
                  000173d0    00000024     simple_peripheral_app_pem4f.oem4f (.text:ti_sysbios_BIOS_registerRTSLock__I)
                  000173f4    00000024     simple_peripheral_app_pem4f.oem4f (.text:ti_sysbios_BIOS_removeRTSLock__I)
                  00017418    00000024     rom_sysbios.aem4f : rom_sysbios.obj (.text:ti_sysbios_family_arm_cc26xx_Timer_getMaxTicks__E)
                  0001743c    00000024     simple_peripheral_app_pem4f.oem4f (.text:ti_sysbios_gates_GateMutexPri_Object__delete__S)
                  00017460    00000024     simple_peripheral_app_pem4f.oem4f (.text:ti_sysbios_heaps_HeapCallback_Object__delete__S)
                  00017484    00000022     drivers_cc26x2.a : CryptoUtils.oem4f (.text:CryptoUtils_buffersMatch)
                  000174a6    00000022     icall.obj (.text:ICall_setTimerMSecs)
                  000174c8    00000022     drivers_cc26x2.a : List.oem4f (.text:List_get)
                  000174ea    00000022     OneLib.a : gatt_server.o (.text)
                  0001750c    00000022     simple_peripheral.obj (.text:SimplePeripheral_charValueChangeCB$5)
                  0001752e    00000022     simple_peripheral.obj (.text:SimplePeripheral_keyChangeHandler$5)
                  00017550    00000020     ti_drivers_config.obj (.text:Board_init)
                  00017570    00000020     drivers_cc26x2.a : ECDHCC26X2.oem4f (.text:ECDHCC26X2_internalCallbackFxn)
                  00017590    00000020     dpl_cc26x2.a : HwiP_tirtos.oem4f (.text:HwiP_setFunc)
                  000175b0    00000020     driverlib.lib : pka.obj (.text:NOROM_PKAClearPkaRam)
                  000175d0    00000020     nvocmp.obj (.text:NVOCMP_readByte$10)
                  000175f0    00000020     OneLib.a : gattservapp.o (.text)
                  00017610    00000020              : ll_isr.o (.text)
                  00017630    00000020              : ll_isr.o (.text)
                  00017650    00000020              : ll_isr.o (.text)
                  00017670    00000020              : ll_isr.o (.text)
                  00017690    00000020              : ll_rat.o (.text)
                  000176b0    00000020              : sm_intpairing.o (.text)
                  000176d0    00000020              : sm_rsppairing.o (.text)
                  000176f0    00000020     drivers_cc26x2.a : PINCC26XX.oem4f (.text:PINCC26XX_setIoCfgMux)
                  00017710    00000020                      : PowerCC26X2.oem4f (.text:Power_unregisterNotify)
                  00017730    00000020     rf_multiMode_cc26x2.a : RFCC26X2_multiMode.c.cc26x2.ccs.o (.text:RF_clkPowerUp)
[...]
20000fc5  defaultPhy                                                      
20000fc6  maxNumTxDataBufs                                                
20000fc7  LL_TaskID                                                       
20000fc8  llState                                                         
20000fc9  rssiCorrection                                                  
20000fca  curTxPowerVal                                                   
20000fcb  maxTxPwrForDTM                                                  
20000fcc  onePktPerEvt                                                    
20000fcd  numComplPkts                                                    
20000fce  numComplPktsLimit                                               
20000fcf  numComplPktsFlush                                               
20000fd0  fastTxRespTime                                                  
20000fd1  slOverride                                                      
20000fd2  rxFifoFlowCtrl                                                  
20000fd3  numTxDataBufs                                                   
20000fd4  maxNumConns                                                     
20000fd5  aeCurHandle                                                     
20000fd6  aeCurAdvEnableHandle                                            
20000fd7  aeCurConnHandle                                                 
20000fd8  extScanIndex                                                    
20000fd9  extInitIndex                                                    
20000fda  scanState                                                       
20000fdb  lastPrimPhy                                                     
20000fdc  lastScanRsp                                                     
20000fdd  smTaskID                                                        
20000fde  SM_appExpectingKey                                              
20000fe1  autoConnect                                                     
20000fe8  dispHandle                                                      
20001074  spTask                                                          
20001188  spTaskStack                                                     
20001c64  PowerCC26X2_module                                              
20001ef8  ROM_stateStruct                                                 
20001ef8  ti_sysbios_knl_Clock_Module__state__V                           
20001f24  ti_sysbios_family_arm_cc26xx_TimestampProvider_Module__state__V 
20001f28  xdc_runtime_Startup_Module__state__V                            
20001f30  xdc_runtime_Registry_Module__state__V                           
20001f38  ti_sysbios_BIOS_Module__state__V                                
20001f5c  ti_sysbios_knl_Swi_Module__state__V                             
20001f78  ti_sysbios_knl_Task_Module__state__V                            
20001fbc  xdc_runtime_Memory_Module__state__V                             
20001fc0  xdc_runtime_System_Module__state__V                             
20001fc8  ti_sysbios_family_arm_m3_Hwi_Module__state__V                   
20001ffc  ti_sysbios_family_arm_cc26xx_Timer_Module__state__V             
200020fc  gapAttrTbl                                                      
200021b0  ICall_enterCriticalSection                                      
200021b4  ICall_leaveCriticalSection                                      
200021b8  ICall_dispatcher                                                
200021cc  heapmgrMemFreeTotal                                             
200021d8  HEAPMGR_SIZE                                                    
20002248  pairMode                                                        
20002249  mitm                                                            
2000224a  ioCap                                                           
2000224b  bonding                                                         
2000224c  secureConnection                                                
2000224d  authenPairingOnly                                               
2000224e  autoSyncWL                                                      
2000224f  eccReGenPolicy                                                  
20002250  KeySize                                                         
20002251  removeLRUBond                                                   
20002252  KeyDistList                                                     
20002253  eccDebugKeys                                                    
20002254  allowDebugKeys                                                  
20002255  eraseBondWhileInConn                                            
20002258  pRandomAddress                                                  
2000225c  advData1                                                        
20002267  advData2                                                        
20002272  attDeviceName                                                   
20002288  advParams1                                                      
200022a4  scanResData1                                                    
200022c0  advParams2                                                      
200022dc  llUserConfig                                                    
20002342  gAction                                                         
20002343  NVOCMP_size                                                     
20002370  NVOCMP_nvHandle                                                 
200023a0  pOverrides_bleCommon                                            
200023f4  txPowerTable_2400_pa5                                           
20002444  ti_sysbios_knl_Task_Object__table__V                            
20002494  appKeyChangeHandler                                             
20002498  hKeyPins                                                        
2000249c  keyPinsCfg                                                      
200024a8  keyPins                                                         
200024d8  ti_sysbios_family_arm_cc26xx_Timer_Object__table__V             
20002520  gattAttrTbl                                                     
20002560  sm_eccKeys_sc_host_debug                                        
200025a0  eccParams_NISTP256                                              
200025e0  nvintfFncStruct                                                 
2000261c  ti_sysbios_gates_GateMutex_Object__table__V                     
20002654  ti_sysbios_knl_Swi_Module_State_0_readyQ__A                     
20002684  ti_sysbios_knl_Swi_Object__table__V                             
200026b4  ti_sysbios_knl_Task_Module_State_0_readyQ__A                    
200026e4  _hposcCoeffs                                                    
20002728  ti_sysbios_knl_Clock_Object__table__V                           
20002748  xdc_runtime_Error_IgnoreBlock                                   
20002768  ti_sysbios_family_arm_m3_Hwi_Object__table__V                   
20002780  tbmRowItemLast                                                  
200027fd  deviceNameCharProps                                             
200027fe  disconnectImmedConnId                                           
20002800  gattAttrTbl_gatt_no_service_changed                             
20002810  rfMode                                                          
20002820  sizeInfo                                                        
20002830  bleAppServiceInfoTable                                          
20002840  pOverrides_ble2Mbps                                             
20002850  pOverrides_bleCoded                                             
20002860  user0Cfg                                                        
20002870  pOverrides_ble1Mbps                                             
2000287c  ti_sysbios_heaps_HeapCallback_Object__table__V                  
20002891  appearanceCharProps                                             
20002892  llUserConfig_maxPduSize                                         
2000289c  bleUserCfg_maxPduSize                                           
200028a0  appAssertCback                                                  
200028a4  pfnBMFree                                                       
200028a8  lastAppOpcodeIdxSent                                            
200028ac  _lock                                                           
200028b0  _unlock                                                         
200028b4  periConnParameters                                              
200028bc  RFCC26XX_schedulerPolicy                                        
200028c4  pinUpperBound                                                   
200028c8  pinLowerBound                                                   
200028cc  pfnBMAlloc                                                      
200028d0  pRfErrCb                                                        
200028dc  ti_sysbios_family_arm_m3_Hwi_Module__root__V                    
200028e4  ti_sysbios_gates_GateHwi_Module__root__V                        
200028ec  ti_sysbios_gates_GateMutexPri_Module__root__V                   
200028f4  ti_sysbios_gates_GateMutex_Module__root__V                      
200028fc  ti_sysbios_hal_Hwi_Module__root__V                              
20002904  ti_sysbios_heaps_HeapCallback_Module__root__V                   
2000290c  ti_sysbios_heaps_HeapMem_Module__root__V                        
20002914  ti_sysbios_knl_Clock_Module__root__V                            
2000291c  ti_sysbios_knl_Event_Module__root__V                            
20002924  ti_sysbios_knl_Mailbox_Module__root__V                          
2000292c  ti_sysbios_knl_Queue_Module__root__V                            
20002934  ti_sysbios_knl_Semaphore_Module__root__V                        
2000293c  ti_sysbios_knl_Swi_Module__root__V                              
20002944  ti_sysbios_knl_Task_Module__root__V                             
20002951  periConnParamCharProps                                          
20002952  baseTaskID                                                      
20002954  patchedSlaveCtrlPktList                                         
20002958  halAssertCback                                                  
2000295c  icallServiceTblPtr                                              
20002960  main_func_sp                                                    
20002964  ti_sysbios_family_arm_m3_Hwi_Module_State_0_excContext__A       
20002968  ti_sysbios_family_arm_m3_Hwi_Module_State_0_excStack__A         
2000296c  ti_sysbios_knl_Task_Module_State_0_idleTask__A                  
20002970  CryptoResourceCC26XX_pollingFlag                                
20002972  PKAResourceCC26XX_pollingFlag                                   
20002976  ti_sysbios_family_arm_m3_Hwi_Module_State_0_excActive__A        
20002978  centAddrResCharProps                                            
20002979  centAddrRes                                                     
2000297a  resolvablePrivateAddressOnlyCharProps                           
2000297b  GATTServApp_gatt_no_service_changed                             
2000297d  qosDefaultPriorityConnParameter                                 
2000297e  extScanChanMap                                                  
2000297f  sizeOfAllExtConnParam                                           
20002980  rfRatHandle                                                     
20002981  smAllowDebugKeysMode                                            
20002982  gapEndAppTaskID                                                 
20002983  gapAppTaskID                                                    
20002984  legacyMode                                                      
20002985  argPeriodic                                                     
20002986  argRpaRead                                                      
20002990  ti_sysbios_knl_Task_Instance_State_0_stack__A                   
20002c90  uartCC26XXObjects                                               
20002e4c  ti_sysbios_family_arm_m3_Hwi_dispatchTable                      
20002f24  trngCC26XXObjects                                               
20003028  pinHandleTable                                                  
200030a4  cbTimers                                                        
2000311c  spMenuMain                                                      
20003130  spMenuSelectConn                                                
20003144  spMenuPerConn                                                   
20003158  spMenuConnPhy                                                   
2000316c  spMenuAutoConnect                                               
20003180  aesctrdrbgXXObjects                                             
20003228  CryptoResourceCC26XX_accessSemaphore                            
20003278  CryptoResourceCC26XX_operationSemaphore                         
200032c8  PKAResourceCC26XX_accessSemaphore                               
20003318  PKAResourceCC26XX_operationSemaphore                            
20003368  nvFptrs                                                         
200033e0  llCteSamples                                                    
20003404  req                                                             
20003424  gapBond_remoteOobData                                           
20003444  gapBond_localOobData                                            
200034a4  ecdhCC26X2Objects                                               
20003518  CryptoResourceCC26XX_hwi                                        
20003534  PKAResourceCC26XX_hwi                                           
20003550  deviceName                                                      
20003568  llCoex                                                          
20003580  aesccmCC26XXObjects                                             
20003598  aesctrCC26XXObjects                                             
200035b0  aesecbCC26XXObjects                                             
20003600  llCteTest                                                       
2000360c  cteAntennaProp                                                  
20003618  llTaskList                                                      
20003630  displayUartObject                                               
2000363c  secondaryAdvChannelMap                                          
20003644  llRfCmdPreemption                                               
2000364c  ggs_AppCBs                                                      
20003654  BDAddrPerConnHandle                                             
20003658  llCte                                                           
2000365c  llConnExtParam                                                  
20003660  extStackSettings                                                
20003664  trngHandle                                                      
20003668  LSTORecoveryArr                                                 
2000366c  pNextAdvSet                                                     
20003670  llCurrentMappedChan                                             
20003674  drbgHandle                                                      
20003678  pRpaCfg                                                         
2000367c  gapBond_lruBondList                                             
20003680  gapBondStateNodeHead                                            
20003684  osal_syncHandle                                                 
20003688  osal_tickperiod                                                 
2000368c  osal_max_msecs                                                  
20003690  osal_icallMsg_hook                                              
20003694  osal_qHead                                                      
20003698  osal_eventloop_hook                                             
200036a4  OSAL_timeSeconds                                                
200036a8  timerHead                                                       
200036b0  osal_last_timestamp                                             
200036bc  PowerCC26XX_swiKey                                              
200036c0  PowerCC26XX_taskKey                                             
200036c4  nvsCC26XXObjects                                                
200036c8  tasksEvents                                                     
200036cc  appearance                                                      
200036ce  maximumPduSize                                                  
200036d2  pwrmgr_attribute                                                
200036d4  resolvablePrivateAddressOnly                                    
200036d5  GATTServApp_att_delayed_req                                     
200036d6  hciTaskID                                                       
200036d7  hciL2capTaskID                                                  
200036d8  hciGapTaskID                                                    
200036d9  hciSmpTaskID                                                    
200036da  hciTestTaskID                                                   
200036db  hciVsEvtMask                                                    
200036dc  scanReqRpt                                                      
200036dd  secondaryAdvChannelMapPopCount                                  
200036de  qosDefaultPriorityAdvParameter                                  
200036df  maxNumCteDataBufs                                               
200036e0  numActiveAdvSets                                                
200036e1  wlSize                                                          
200036e2  rlSize                                                          
200036e3  decryptResult                                                   
200036e4  llUnhandleNextIntFlag                                           
200036e5  smAuthenPairingOnlyMode                                         
200036e6  icall_liteTaskId                                                
200036e7  gapBond_removeLRUBond                                           
200036e8  gapBond_syncRL                                                  
200036e9  assertSubcause                                                  
200036ea  osal_entity                                                     
200036eb  pwrmgr_initialized                                              
200036ed  driverlib_release_0_60278                                       
200036ee  heapStart                                                       
20013c00  __stack                                                         
20013c00  heapEnd                                                         
20014000  __STACK_END                                                     
20014000  __STACK_TOP                                                     
20014000  __UNUSED_SRAM_end__                                             
e000e000  ti_sysbios_family_arm_m3_Hwi_nvic                               
ffffffff  __TI_pprof_out_hndl                                             
ffffffff  __TI_prof_data_size                                             
ffffffff  __TI_prof_data_start                                            
ffffffff  __binit__                                                       
ffffffff  __c_args__                                                      
ffffffff  binit                                                           
UNDEFED   ITM_flush                                                       
UNDEFED   ITM_restore                                                     
UNDEFED   SHT$$INIT_ARRAY$$Base                                           
UNDEFED   SHT$$INIT_ARRAY$$Limit                                          

[3012 symbols]
